04-07 07:27:45.757   806   851 E BluetoothPowerStatsCollector: 	at java.util.concurrent.CompletableFuture.get(CompletableFuture.java:2072)
04-07 07:27:45.757   806   851 E BluetoothPowerStatsCollector: 	at com.android.server.power.stats.BluetoothPowerStatsCollector.collectBluetoothActivityInfo(BluetoothPowerStatsCollector.java:191)
04-07 07:27:45.757   806   851 E BluetoothPowerStatsCollector: 	at com.android.server.power.stats.BluetoothPowerStatsCollector.collectStats(BluetoothPowerStatsCollector.java:155)
04-07 07:27:45.757   806   851 E BluetoothPowerStatsCollector: 	at com.android.server.power.stats.PowerStatsCollector.collectAndDeliverStats(PowerStatsCollector.java:196)
--
04-07 07:27:45.757   806   851 E BluetoothPowerStatsCollector: 	at android.os.Looper.loop(Looper.java:367)
04-07 07:27:45.757   806   851 E BluetoothPowerStatsCollector: 	at android.os.HandlerThread.run(HandlerThread.java:139)
04-07 07:27:45.757   806   851 E BluetoothPowerStatsCollector: Caused by: java.lang.RuntimeException: error: 11
04-07 07:27:45.757   806   851 E BluetoothPowerStatsCollector: 	at com.android.server.power.stats.BluetoothPowerStatsCollector$1.onBluetoothActivityEnergyInfoError(BluetoothPowerStatsCollector.java:180)
04-07 07:27:45.757   806   851 E BluetoothPowerStatsCollector: 	at android.bluetooth.BluetoothAdapter$OnBluetoothActivityEnergyInfoProxy.lambda$onBluetoothActivityEnergyInfoAvailable$0(BluetoothAdapter.java:1010)
04-07 07:27:45.757   806   851 E BluetoothPowerStatsCollector: 	at android.bluetooth.BluetoothAdapter$OnBluetoothActivityEnergyInfoProxy.$r8$lambda$ks_hN9Vo_x2Jp1k5f-s67WiAd4A(Unknown Source:0)
04-07 07:27:45.757   806   851 E BluetoothPowerStatsCollector: 	at android.bluetooth.BluetoothAdapter$OnBluetoothActivityEnergyInfoProxy$$ExternalSyntheticLambda0.run(D8$$SyntheticClass:0)
04-07 07:27:45.757   806   851 E BluetoothPowerStatsCollector: 	at android.bluetooth.BluetoothUtils.lambda$executeFromBinder$0(BluetoothUtils.java:346)
--
04-07 07:42:41.767 24272 24335 I SyncManagerImpl: #sync() complete
04-07 07:42:41.769 24272  1575 I WM-WorkerWrapper: Worker result SUCCESS for Work [ id=254e67f1-fdcf-4c0c-866c-963daff96d64, tags={ com.google.apps.tiktok.contrib.work.TikTokListenableWorker,com.google.apps.tiktok.sync.impl.workmanager.SyncPeriodicWorker,sync_constraint:none,TikTokWorker#com.google.apps.tiktok.sync.impl.workmanager.SyncPeriodicWorker } ]
04-07 07:42:41.770  2083  3902 W ModernMediaScanner: Failed to visit /data/data/com.android.providers.downloads/cache/en.model.metadata: java.nio.file.NoSuchFileException: /data/data/com.android.providers.downloads/cache/en.model.metadata
04-07 07:42:41.774  2083  3902 I MediaProvider: Scanned internal due to REASON_DEMAND, found 0 items in 4ms, 0 inserts 0 updates 0 deletes
04-07 07:42:41.776 24272  1575 D WM-GreedyScheduler: Cancelling work ID 9ae6482e-bf1e-4763-b349-65c77a6a750f
04-07 07:42:41.780 24272  1575 D WM-SystemJobScheduler: Scheduling work ID 9ae6482e-bf1e-4763-b349-65c77a6a750fJob ID 1125
04-07 07:42:41.783 24272  1575 D WM-SystemJobScheduler: Scheduling work ID 254e67f1-fdcf-4c0c-866c-963daff96d64Job ID 1126
04-07 07:42:41.785 24272  1575 D WM-GreedyScheduler: Ignoring {WorkSpec: 039e6cd6-1488-46d2-be8d-93edd72cde44}. Requires device idle.
--
04-07 07:43:40.950   806  1240 I HalDevMgr: bestIfaceCreationProposal is null, requestIface=STA, existingIface=[name=wlan0 type=STA]
04-07 07:43:41.725   806   851 E BluetoothPowerStatsCollector: Cannot acquire BluetoothActivityEnergyInfo
04-07 07:43:41.725   806   851 E BluetoothPowerStatsCollector: java.util.concurrent.ExecutionException: java.lang.RuntimeException: error: 11
04-07 07:43:41.725   806   851 E BluetoothPowerStatsCollector: 	at java.util.concurrent.CompletableFuture.reportGet(CompletableFuture.java:372)
04-07 07:43:41.725   806   851 E BluetoothPowerStatsCollector: 	at java.util.concurrent.CompletableFuture.get(CompletableFuture.java:2072)
04-07 07:43:41.725   806   851 E BluetoothPowerStatsCollector: 	at com.android.server.power.stats.BluetoothPowerStatsCollector.collectBluetoothActivityInfo(BluetoothPowerStatsCollector.java:191)
04-07 07:43:41.725   806   851 E BluetoothPowerStatsCollector: 	at com.android.server.power.stats.BluetoothPowerStatsCollector.collectStats(BluetoothPowerStatsCollector.java:155)
04-07 07:43:41.725   806   851 E BluetoothPowerStatsCollector: 	at com.android.server.power.stats.PowerStatsCollector.collectAndDeliverStats(PowerStatsCollector.java:196)
--
04-07 07:43:41.725   806   851 E BluetoothPowerStatsCollector: 	at android.os.Looper.loop(Looper.java:367)
04-07 07:43:41.725   806   851 E BluetoothPowerStatsCollector: 	at android.os.HandlerThread.run(HandlerThread.java:139)
04-07 07:43:41.725   806   851 E BluetoothPowerStatsCollector: Caused by: java.lang.RuntimeException: error: 11
04-07 07:43:41.725   806   851 E BluetoothPowerStatsCollector: 	at com.android.server.power.stats.BluetoothPowerStatsCollector$1.onBluetoothActivityEnergyInfoError(BluetoothPowerStatsCollector.java:180)
04-07 07:43:41.725   806   851 E BluetoothPowerStatsCollector: 	at android.bluetooth.BluetoothAdapter$OnBluetoothActivityEnergyInfoProxy.lambda$onBluetoothActivityEnergyInfoAvailable$0(BluetoothAdapter.java:1010)
04-07 07:43:41.725   806   851 E BluetoothPowerStatsCollector: 	at android.bluetooth.BluetoothAdapter$OnBluetoothActivityEnergyInfoProxy.$r8$lambda$ks_hN9Vo_x2Jp1k5f-s67WiAd4A(Unknown Source:0)
04-07 07:43:41.725   806   851 E BluetoothPowerStatsCollector: 	at android.bluetooth.BluetoothAdapter$OnBluetoothActivityEnergyInfoProxy$$ExternalSyntheticLambda0.run(D8$$SyntheticClass:0)
04-07 07:43:41.725   806   851 E BluetoothPowerStatsCollector: 	at android.bluetooth.BluetoothUtils.lambda$executeFromBinder$0(BluetoothUtils.java:346)
--
04-07 07:43:58.993  9409 23663 W artd    : Could not get dex checksums for location /data/app/~~dMoR3MNW6IjpTJxVHYqD8g==/com.android.vending-Kf_ojdVzrO61Q7Fk7BOh-w==/base.apk, fd=-1
04-07 07:43:59.001   806  1240 I HalDevMgr: bestIfaceCreationProposal is null, requestIface=STA, existingIface=[name=wlan0 type=STA]
04-07 07:43:59.309 14861  2655 W DownloadManager: [37] Stop requested with status HTTP_DATA_ERROR: Failed reading response: javax.net.ssl.SSLProtocolException: Read error: ssl=0x7a1218213758: Failure in SSL library, usually a protocol error
04-07 07:43:59.309 14861  2655 W DownloadManager: error:1e000065:Cipher functions:OPENSSL_internal:BAD_DECRYPT (external/boringssl/src/crypto/fipsmodule/cipher/e_aes.cc.inc:839 0x7a111b80b00b:0x00000000)
04-07 07:43:59.309 14861  2655 W DownloadManager: error:1000008b:SSL routines:OPENSSL_internal:DECRYPTION_FAILED_OR_BAD_RECORD_MAC (external/boringssl/src/ssl/tls_record.cc:190 0x7a111b80b00b:0x00000000)
04-07 07:43:59.310 14861  2655 D DownloadManager: [37] Finished with status CANNOT_RESUME
04-07 07:43:59.350 16463 16463 D ConfigUpdater: UpdateRequestReceiver constructed with Config: com.google.android.configupdater.IntentFirewall.IntentFirewallConfig@496b597, StoredState: com.google.android.configupdater.StoredState@9498384, DownloadManagerHelper: com.google.android.configupdater.DownloadManagerHelper@677676d, FlagHelper: com.google.android.configupdater.GservicesHelper@da86fa2
04-07 07:43:59.350 16463 16463 D ConfigUpdater: Setting up preferences for StoredState, Downloader, and FlagHelper
--
04-07 07:48:59.801   806  1240 I HalDevMgr: bestIfaceCreationProposal is null, requestIface=STA, existingIface=[name=wlan0 type=STA]
04-07 07:49:00.369   806   851 E BluetoothPowerStatsCollector: Cannot acquire BluetoothActivityEnergyInfo
04-07 07:49:00.369   806   851 E BluetoothPowerStatsCollector: java.util.concurrent.ExecutionException: java.lang.RuntimeException: error: 11
04-07 07:49:00.369   806   851 E BluetoothPowerStatsCollector: 	at java.util.concurrent.CompletableFuture.reportGet(CompletableFuture.java:372)
04-07 07:49:00.369   806   851 E BluetoothPowerStatsCollector: 	at java.util.concurrent.CompletableFuture.get(CompletableFuture.java:2072)
04-07 07:49:00.369   806   851 E BluetoothPowerStatsCollector: 	at com.android.server.power.stats.BluetoothPowerStatsCollector.collectBluetoothActivityInfo(BluetoothPowerStatsCollector.java:191)
04-07 07:49:00.369   806   851 E BluetoothPowerStatsCollector: 	at com.android.server.power.stats.BluetoothPowerStatsCollector.collectStats(BluetoothPowerStatsCollector.java:155)
04-07 07:49:00.369   806   851 E BluetoothPowerStatsCollector: 	at com.android.server.power.stats.PowerStatsCollector.collectAndDeliverStats(PowerStatsCollector.java:196)
--
04-07 07:49:00.369   806   851 E BluetoothPowerStatsCollector: 	at android.os.Looper.loop(Looper.java:367)
04-07 07:49:00.369   806   851 E BluetoothPowerStatsCollector: 	at android.os.HandlerThread.run(HandlerThread.java:139)
04-07 07:49:00.369   806   851 E BluetoothPowerStatsCollector: Caused by: java.lang.RuntimeException: error: 11
04-07 07:49:00.369   806   851 E BluetoothPowerStatsCollector: 	at com.android.server.power.stats.BluetoothPowerStatsCollector$1.onBluetoothActivityEnergyInfoError(BluetoothPowerStatsCollector.java:180)
04-07 07:49:00.369   806   851 E BluetoothPowerStatsCollector: 	at android.bluetooth.BluetoothAdapter$OnBluetoothActivityEnergyInfoProxy.lambda$onBluetoothActivityEnergyInfoAvailable$0(BluetoothAdapter.java:1010)
04-07 07:49:00.369   806   851 E BluetoothPowerStatsCollector: 	at android.bluetooth.BluetoothAdapter$OnBluetoothActivityEnergyInfoProxy.$r8$lambda$ks_hN9Vo_x2Jp1k5f-s67WiAd4A(Unknown Source:0)
04-07 07:49:00.369   806   851 E BluetoothPowerStatsCollector: 	at android.bluetooth.BluetoothAdapter$OnBluetoothActivityEnergyInfoProxy$$ExternalSyntheticLambda0.run(D8$$SyntheticClass:0)
04-07 07:49:00.369   806   851 E BluetoothPowerStatsCollector: 	at android.bluetooth.BluetoothUtils.lambda$executeFromBinder$0(BluetoothUtils.java:346)
--
04-07 08:00:00.041   806  1755 D TelephonyManager: requestModemActivityInfo: Sending result to app: ModemActivityInfo{ mTimestamp=22451584 mSleepTimeMs=3192 mIdleTimeMs=1064 mActivityStatsTechSpecificInfo=[{mRat=UNKNOWN,mFrequencyRange=UNKNOWN,mTxTimeMs[]=[76, 228, 456, 608, 684],mRxTimeMs=684}]}
04-07 08:00:00.087   806   851 E BluetoothPowerStatsCollector: Cannot acquire BluetoothActivityEnergyInfo
04-07 08:00:00.087   806   851 E BluetoothPowerStatsCollector: java.util.concurrent.ExecutionException: java.lang.RuntimeException: error: 11
04-07 08:00:00.087   806   851 E BluetoothPowerStatsCollector: 	at java.util.concurrent.CompletableFuture.reportGet(CompletableFuture.java:372)
04-07 08:00:00.087   806   851 E BluetoothPowerStatsCollector: 	at java.util.concurrent.CompletableFuture.get(CompletableFuture.java:2072)
04-07 08:00:00.087   806   851 E BluetoothPowerStatsCollector: 	at com.android.server.power.stats.BluetoothPowerStatsCollector.collectBluetoothActivityInfo(BluetoothPowerStatsCollector.java:191)
04-07 08:00:00.087   806   851 E BluetoothPowerStatsCollector: 	at com.android.server.power.stats.BluetoothPowerStatsCollector.collectStats(BluetoothPowerStatsCollector.java:155)
04-07 08:00:00.087   806   851 E BluetoothPowerStatsCollector: 	at com.android.server.power.stats.PowerStatsCollector.collectAndDeliverStats(PowerStatsCollector.java:196)
--
04-07 08:00:00.087   806   851 E BluetoothPowerStatsCollector: 	at android.os.Looper.loop(Looper.java:367)
04-07 08:00:00.087   806   851 E BluetoothPowerStatsCollector: 	at android.os.HandlerThread.run(HandlerThread.java:139)
04-07 08:00:00.087   806   851 E BluetoothPowerStatsCollector: Caused by: java.lang.RuntimeException: error: 11
04-07 08:00:00.087   806   851 E BluetoothPowerStatsCollector: 	at com.android.server.power.stats.BluetoothPowerStatsCollector$1.onBluetoothActivityEnergyInfoError(BluetoothPowerStatsCollector.java:180)
04-07 08:00:00.087   806   851 E BluetoothPowerStatsCollector: 	at android.bluetooth.BluetoothAdapter$OnBluetoothActivityEnergyInfoProxy.lambda$onBluetoothActivityEnergyInfoAvailable$0(BluetoothAdapter.java:1010)
04-07 08:00:00.087   806   851 E BluetoothPowerStatsCollector: 	at android.bluetooth.BluetoothAdapter$OnBluetoothActivityEnergyInfoProxy.$r8$lambda$ks_hN9Vo_x2Jp1k5f-s67WiAd4A(Unknown Source:0)
04-07 08:00:00.087   806   851 E BluetoothPowerStatsCollector: 	at android.bluetooth.BluetoothAdapter$OnBluetoothActivityEnergyInfoProxy$$ExternalSyntheticLambda0.run(D8$$SyntheticClass:0)
04-07 08:00:00.087   806   851 E BluetoothPowerStatsCollector: 	at android.bluetooth.BluetoothUtils.lambda$executeFromBinder$0(BluetoothUtils.java:346)
--
04-07 08:00:00.087   806   851 E BluetoothPowerStatsCollector: 	at android.os.Binder.execTransact(Binder.java:1418)
04-07 08:00:00.095   806   851 E BluetoothPowerStatsCollector: Cannot acquire BluetoothActivityEnergyInfo
04-07 08:00:00.095   806   851 E BluetoothPowerStatsCollector: java.util.concurrent.ExecutionException: java.lang.RuntimeException: error: 11
04-07 08:00:00.095   806   851 E BluetoothPowerStatsCollector: 	at java.util.concurrent.CompletableFuture.reportGet(CompletableFuture.java:372)
04-07 08:00:00.095   806   851 E BluetoothPowerStatsCollector: 	at java.util.concurrent.CompletableFuture.get(CompletableFuture.java:2072)
04-07 08:00:00.095   806   851 E BluetoothPowerStatsCollector: 	at com.android.server.power.stats.BluetoothPowerStatsCollector.collectBluetoothActivityInfo(BluetoothPowerStatsCollector.java:191)
04-07 08:00:00.095   806   851 E BluetoothPowerStatsCollector: 	at com.android.server.power.stats.BluetoothPowerStatsCollector.collectStats(BluetoothPowerStatsCollector.java:155)
04-07 08:00:00.095   806   851 E BluetoothPowerStatsCollector: 	at com.android.server.power.stats.PowerStatsCollector.collectAndDeliverStats(PowerStatsCollector.java:196)
--
04-07 08:00:00.095   806   851 E BluetoothPowerStatsCollector: 	at android.os.Looper.loop(Looper.java:367)
04-07 08:00:00.095   806   851 E BluetoothPowerStatsCollector: 	at android.os.HandlerThread.run(HandlerThread.java:139)
04-07 08:00:00.095   806   851 E BluetoothPowerStatsCollector: Caused by: java.lang.RuntimeException: error: 11
04-07 08:00:00.095   806   851 E BluetoothPowerStatsCollector: 	at com.android.server.power.stats.BluetoothPowerStatsCollector$1.onBluetoothActivityEnergyInfoError(BluetoothPowerStatsCollector.java:180)
04-07 08:00:00.095   806   851 E BluetoothPowerStatsCollector: 	at android.bluetooth.BluetoothAdapter$OnBluetoothActivityEnergyInfoProxy.lambda$onBluetoothActivityEnergyInfoAvailable$0(BluetoothAdapter.java:1010)
04-07 08:00:00.095   806   851 E BluetoothPowerStatsCollector: 	at android.bluetooth.BluetoothAdapter$OnBluetoothActivityEnergyInfoProxy.$r8$lambda$ks_hN9Vo_x2Jp1k5f-s67WiAd4A(Unknown Source:0)
04-07 08:00:00.095   806   851 E BluetoothPowerStatsCollector: 	at android.bluetooth.BluetoothAdapter$OnBluetoothActivityEnergyInfoProxy$$ExternalSyntheticLambda0.run(D8$$SyntheticClass:0)
04-07 08:00:00.095   806   851 E BluetoothPowerStatsCollector: 	at android.bluetooth.BluetoothUtils.lambda$executeFromBinder$0(BluetoothUtils.java:346)
--
04-07 08:00:00.101   806  1311 D TelephonyManager: requestModemActivityInfo: Sending result to app: ModemActivityInfo{ mTimestamp=22451645 mSleepTimeMs=3234 mIdleTimeMs=1078 mActivityStatsTechSpecificInfo=[{mRat=UNKNOWN,mFrequencyRange=UNKNOWN,mTxTimeMs[]=[77, 231, 462, 616, 693],mRxTimeMs=693}]}
04-07 08:00:00.125   806   851 E BluetoothPowerStatsCollector: Cannot acquire BluetoothActivityEnergyInfo
04-07 08:00:00.125   806   851 E BluetoothPowerStatsCollector: java.util.concurrent.ExecutionException: java.lang.RuntimeException: error: 11
04-07 08:00:00.125   806   851 E BluetoothPowerStatsCollector: 	at java.util.concurrent.CompletableFuture.reportGet(CompletableFuture.java:372)
04-07 08:00:00.125   806   851 E BluetoothPowerStatsCollector: 	at java.util.concurrent.CompletableFuture.get(CompletableFuture.java:2072)
04-07 08:00:00.125   806   851 E BluetoothPowerStatsCollector: 	at com.android.server.power.stats.BluetoothPowerStatsCollector.collectBluetoothActivityInfo(BluetoothPowerStatsCollector.java:191)
04-07 08:00:00.125   806   851 E BluetoothPowerStatsCollector: 	at com.android.server.power.stats.BluetoothPowerStatsCollector.collectStats(BluetoothPowerStatsCollector.java:155)
04-07 08:00:00.125   806   851 E BluetoothPowerStatsCollector: 	at com.android.server.power.stats.PowerStatsCollector.collectAndDeliverStats(PowerStatsCollector.java:196)
--
04-07 08:00:00.125   806   851 E BluetoothPowerStatsCollector: 	at android.os.Looper.loop(Looper.java:367)
04-07 08:00:00.125   806   851 E BluetoothPowerStatsCollector: 	at android.os.HandlerThread.run(HandlerThread.java:139)
04-07 08:00:00.125   806   851 E BluetoothPowerStatsCollector: Caused by: java.lang.RuntimeException: error: 11
04-07 08:00:00.125   806   851 E BluetoothPowerStatsCollector: 	at com.android.server.power.stats.BluetoothPowerStatsCollector$1.onBluetoothActivityEnergyInfoError(BluetoothPowerStatsCollector.java:180)
04-07 08:00:00.125   806   851 E BluetoothPowerStatsCollector: 	at android.bluetooth.BluetoothAdapter$OnBluetoothActivityEnergyInfoProxy.lambda$onBluetoothActivityEnergyInfoAvailable$0(BluetoothAdapter.java:1010)
04-07 08:00:00.125   806   851 E BluetoothPowerStatsCollector: 	at android.bluetooth.BluetoothAdapter$OnBluetoothActivityEnergyInfoProxy.$r8$lambda$ks_hN9Vo_x2Jp1k5f-s67WiAd4A(Unknown Source:0)
04-07 08:00:00.125   806   851 E BluetoothPowerStatsCollector: 	at android.bluetooth.BluetoothAdapter$OnBluetoothActivityEnergyInfoProxy$$ExternalSyntheticLambda0.run(D8$$SyntheticClass:0)
04-07 08:00:00.125   806   851 E BluetoothPowerStatsCollector: 	at android.bluetooth.BluetoothUtils.lambda$executeFromBinder$0(BluetoothUtils.java:346)
--
04-07 08:09:15.029   806  1291 D BackgroundInstallControlService: Package event received: 0
04-07 08:09:15.029 14861 16752 V DownloadManager: Deleting /data/data/com.android.providers.downloads/cache/en.fb.metadata via provider delete
04-07 08:09:15.034  2083  3902 W ModernMediaScanner: Failed to visit /data/data/com.android.providers.downloads/cache/en.fb.metadata: java.nio.file.NoSuchFileException: /data/data/com.android.providers.downloads/cache/en.fb.metadata
04-07 08:09:15.035  2083  3902 I MediaProvider: Scanned internal due to REASON_DEMAND, found 0 items in 4ms, 0 inserts 0 updates 0 deletes
04-07 08:09:15.052   806  1240 I HalDevMgr: bestIfaceCreationProposal is null, requestIface=STA, existingIface=[name=wlan0 type=STA]
04-07 08:09:15.054 16463 16483 D ConfigUpdater: Removed key from SharedPreferences: CONTENT_DOWNLOAD_ID
04-07 08:09:15.054 16463 16483 D ConfigUpdater: Removed key from SharedPreferences: METADATA_DOWNLOAD_ID
04-07 08:09:15.054 16463 16483 D ConfigUpdater: SharedPreferences cleared.
--
04-07 08:10:09.696 16463 16463 D ConfigUpdater: Checking content download complete: downloadId=38
04-07 08:10:09.696 16463 16463 D ConfigUpdater: Checking metadata download complete: downloadId= 38
04-07 08:10:10.948 14861  3330 W DownloadManager: [39] Stop requested with status HTTP_DATA_ERROR: Failed reading response: javax.net.ssl.SSLProtocolException: Read error: ssl=0x7a12182111d8: Failure in SSL library, usually a protocol error
04-07 08:10:10.948 14861  3330 W DownloadManager: error:1e000065:Cipher functions:OPENSSL_internal:BAD_DECRYPT (external/boringssl/src/crypto/fipsmodule/cipher/e_aes.cc.inc:839 0x7a111b80b00b:0x00000000)
04-07 08:10:10.948 14861  3330 W DownloadManager: error:1000008b:SSL routines:OPENSSL_internal:DECRYPTION_FAILED_OR_BAD_RECORD_MAC (external/boringssl/src/ssl/tls_record.cc:190 0x7a111b80b00b:0x00000000)
04-07 08:10:10.949 14861  3330 D DownloadManager: [39] Finished with status CANNOT_RESUME
04-07 08:10:11.003 16463 16463 D ConfigUpdater: UpdateRequestReceiver constructed with Config: com.google.android.configupdater.IntentFirewall.IntentFirewallConfig@3746c, StoredState: com.google.android.configupdater.StoredState@679aa35, DownloadManagerHelper: com.google.android.configupdater.DownloadManagerHelper@da7ceca, FlagHelper: com.google.android.configupdater.GservicesHelper@bb0c83b
04-07 08:10:11.003 16463 16463 D ConfigUpdater: Setting up preferences for StoredState, Downloader, and FlagHelper
--
04-07 08:10:12.999   806  2263 W libbinder.IPCThreadState: Sending oneway calls to frozen process.
04-07 08:10:15.014   806   851 E BluetoothPowerStatsCollector: Cannot acquire BluetoothActivityEnergyInfo
04-07 08:10:15.014   806   851 E BluetoothPowerStatsCollector: java.util.concurrent.ExecutionException: java.lang.RuntimeException: error: 11
04-07 08:10:15.014   806   851 E BluetoothPowerStatsCollector: 	at java.util.concurrent.CompletableFuture.reportGet(CompletableFuture.java:372)
04-07 08:10:15.014   806   851 E BluetoothPowerStatsCollector: 	at java.util.concurrent.CompletableFuture.get(CompletableFuture.java:2072)
04-07 08:10:15.014   806   851 E BluetoothPowerStatsCollector: 	at com.android.server.power.stats.BluetoothPowerStatsCollector.collectBluetoothActivityInfo(BluetoothPowerStatsCollector.java:191)
04-07 08:10:15.014   806   851 E BluetoothPowerStatsCollector: 	at com.android.server.power.stats.BluetoothPowerStatsCollector.collectStats(BluetoothPowerStatsCollector.java:155)
04-07 08:10:15.014   806   851 E BluetoothPowerStatsCollector: 	at com.android.server.power.stats.PowerStatsCollector.collectAndDeliverStats(PowerStatsCollector.java:196)
--
04-07 08:10:15.014   806   851 E BluetoothPowerStatsCollector: 	at android.os.Looper.loop(Looper.java:367)
04-07 08:10:15.014   806   851 E BluetoothPowerStatsCollector: 	at android.os.HandlerThread.run(HandlerThread.java:139)
04-07 08:10:15.014   806   851 E BluetoothPowerStatsCollector: Caused by: java.lang.RuntimeException: error: 11
04-07 08:10:15.014   806   851 E BluetoothPowerStatsCollector: 	at com.android.server.power.stats.BluetoothPowerStatsCollector$1.onBluetoothActivityEnergyInfoError(BluetoothPowerStatsCollector.java:180)
04-07 08:10:15.014   806   851 E BluetoothPowerStatsCollector: 	at android.bluetooth.BluetoothAdapter$OnBluetoothActivityEnergyInfoProxy.lambda$onBluetoothActivityEnergyInfoAvailable$0(BluetoothAdapter.java:1010)
04-07 08:10:15.014   806   851 E BluetoothPowerStatsCollector: 	at android.bluetooth.BluetoothAdapter$OnBluetoothActivityEnergyInfoProxy.$r8$lambda$ks_hN9Vo_x2Jp1k5f-s67WiAd4A(Unknown Source:0)
04-07 08:10:15.014   806   851 E BluetoothPowerStatsCollector: 	at android.bluetooth.BluetoothAdapter$OnBluetoothActivityEnergyInfoProxy$$ExternalSyntheticLambda0.run(D8$$SyntheticClass:0)
04-07 08:10:15.014   806   851 E BluetoothPowerStatsCollector: 	at android.bluetooth.BluetoothUtils.lambda$executeFromBinder$0(BluetoothUtils.java:346)
--
04-07 08:15:46.074   806  1240 I HalDevMgr: bestIfaceCreationProposal is null, requestIface=STA, existingIface=[name=wlan0 type=STA]
04-07 08:15:48.498   806   851 E BluetoothPowerStatsCollector: Cannot acquire BluetoothActivityEnergyInfo
04-07 08:15:48.498   806   851 E BluetoothPowerStatsCollector: java.util.concurrent.ExecutionException: java.lang.RuntimeException: error: 11
04-07 08:15:48.498   806   851 E BluetoothPowerStatsCollector: 	at java.util.concurrent.CompletableFuture.reportGet(CompletableFuture.java:372)
04-07 08:15:48.498   806   851 E BluetoothPowerStatsCollector: 	at java.util.concurrent.CompletableFuture.get(CompletableFuture.java:2072)
04-07 08:15:48.498   806   851 E BluetoothPowerStatsCollector: 	at com.android.server.power.stats.BluetoothPowerStatsCollector.collectBluetoothActivityInfo(BluetoothPowerStatsCollector.java:191)
04-07 08:15:48.498   806   851 E BluetoothPowerStatsCollector: 	at com.android.server.power.stats.BluetoothPowerStatsCollector.collectStats(BluetoothPowerStatsCollector.java:155)
04-07 08:15:48.498   806   851 E BluetoothPowerStatsCollector: 	at com.android.server.power.stats.PowerStatsCollector.collectAndDeliverStats(PowerStatsCollector.java:196)
--
04-07 08:15:48.498   806   851 E BluetoothPowerStatsCollector: 	at android.os.Looper.loop(Looper.java:367)
04-07 08:15:48.498   806   851 E BluetoothPowerStatsCollector: 	at android.os.HandlerThread.run(HandlerThread.java:139)
04-07 08:15:48.498   806   851 E BluetoothPowerStatsCollector: Caused by: java.lang.RuntimeException: error: 11
04-07 08:15:48.498   806   851 E BluetoothPowerStatsCollector: 	at com.android.server.power.stats.BluetoothPowerStatsCollector$1.onBluetoothActivityEnergyInfoError(BluetoothPowerStatsCollector.java:180)
04-07 08:15:48.498   806   851 E BluetoothPowerStatsCollector: 	at android.bluetooth.BluetoothAdapter$OnBluetoothActivityEnergyInfoProxy.lambda$onBluetoothActivityEnergyInfoAvailable$0(BluetoothAdapter.java:1010)
04-07 08:15:48.498   806   851 E BluetoothPowerStatsCollector: 	at android.bluetooth.BluetoothAdapter$OnBluetoothActivityEnergyInfoProxy.$r8$lambda$ks_hN9Vo_x2Jp1k5f-s67WiAd4A(Unknown Source:0)
04-07 08:15:48.498   806   851 E BluetoothPowerStatsCollector: 	at android.bluetooth.BluetoothAdapter$OnBluetoothActivityEnergyInfoProxy$$ExternalSyntheticLambda0.run(D8$$SyntheticClass:0)
04-07 08:15:48.498   806   851 E BluetoothPowerStatsCollector: 	at android.bluetooth.BluetoothUtils.lambda$executeFromBinder$0(BluetoothUtils.java:346)
--
04-07 08:41:07.513 22377 22377 I Finsky:background: [2] WM::SCH: Logging work end for 47-30
04-07 08:41:07.521 22377 22429 E Finsky:background: [119] [AUC]: AppUsageCollectionJob failed
04-07 08:41:07.521 22377 22429 E Finsky:background: java.lang.IllegalArgumentException: OverrideDeadline(2113404) should be after minimum latency (3600000)
04-07 08:41:07.521 22377 22429 E Finsky:background: 	at alhr.h(PG:404)
04-07 08:41:07.521 22377 22429 E Finsky:background: 	at pen.kX(PG:837)
04-07 08:41:07.521 22377 22429 E Finsky:background: 	at piy.apply(PG:134)
04-07 08:41:07.521 22377 22429 E Finsky:background: 	at blea.d(PG:3)
04-07 08:41:07.521 22377 22429 E Finsky:background: 	at bleb.run(PG:47)
--
04-07 08:42:05.251   806  1240 I HalDevMgr: bestIfaceCreationProposal is null, requestIface=STA, existingIface=[name=wlan0 type=STA]
04-07 08:42:07.060   806   851 E BluetoothPowerStatsCollector: Cannot acquire BluetoothActivityEnergyInfo
04-07 08:42:07.060   806   851 E BluetoothPowerStatsCollector: java.util.concurrent.ExecutionException: java.lang.RuntimeException: error: 11
04-07 08:42:07.060   806   851 E BluetoothPowerStatsCollector: 	at java.util.concurrent.CompletableFuture.reportGet(CompletableFuture.java:372)
04-07 08:42:07.060   806   851 E BluetoothPowerStatsCollector: 	at java.util.concurrent.CompletableFuture.get(CompletableFuture.java:2072)
04-07 08:42:07.060   806   851 E BluetoothPowerStatsCollector: 	at com.android.server.power.stats.BluetoothPowerStatsCollector.collectBluetoothActivityInfo(BluetoothPowerStatsCollector.java:191)
04-07 08:42:07.060   806   851 E BluetoothPowerStatsCollector: 	at com.android.server.power.stats.BluetoothPowerStatsCollector.collectStats(BluetoothPowerStatsCollector.java:155)
04-07 08:42:07.060   806   851 E BluetoothPowerStatsCollector: 	at com.android.server.power.stats.PowerStatsCollector.collectAndDeliverStats(PowerStatsCollector.java:196)
--
04-07 08:42:07.060   806   851 E BluetoothPowerStatsCollector: 	at android.os.Looper.loop(Looper.java:367)
04-07 08:42:07.060   806   851 E BluetoothPowerStatsCollector: 	at android.os.HandlerThread.run(HandlerThread.java:139)
04-07 08:42:07.060   806   851 E BluetoothPowerStatsCollector: Caused by: java.lang.RuntimeException: error: 11
04-07 08:42:07.060   806   851 E BluetoothPowerStatsCollector: 	at com.android.server.power.stats.BluetoothPowerStatsCollector$1.onBluetoothActivityEnergyInfoError(BluetoothPowerStatsCollector.java:180)
04-07 08:42:07.060   806   851 E BluetoothPowerStatsCollector: 	at android.bluetooth.BluetoothAdapter$OnBluetoothActivityEnergyInfoProxy.lambda$onBluetoothActivityEnergyInfoAvailable$0(BluetoothAdapter.java:1010)
04-07 08:42:07.060   806   851 E BluetoothPowerStatsCollector: 	at android.bluetooth.BluetoothAdapter$OnBluetoothActivityEnergyInfoProxy.$r8$lambda$ks_hN9Vo_x2Jp1k5f-s67WiAd4A(Unknown Source:0)
04-07 08:42:07.060   806   851 E BluetoothPowerStatsCollector: 	at android.bluetooth.BluetoothAdapter$OnBluetoothActivityEnergyInfoProxy$$ExternalSyntheticLambda0.run(D8$$SyntheticClass:0)
04-07 08:42:07.060   806   851 E BluetoothPowerStatsCollector: 	at android.bluetooth.BluetoothUtils.lambda$executeFromBinder$0(BluetoothUtils.java:346)
--
04-07 08:46:25.685   806  1724 D ActivityManager: sync unfroze 14861 android.process.media for 7
04-07 08:46:25.689 14861 17333 V DownloadManager: Deleting /data/data/com.android.providers.downloads/cache/en.model.metadata via provider delete
04-07 08:46:25.692  2083  3902 W ModernMediaScanner: Failed to visit /data/data/com.android.providers.downloads/cache/en.model.metadata: java.nio.file.NoSuchFileException: /data/data/com.android.providers.downloads/cache/en.model.metadata
04-07 08:46:25.692  2083  3902 I MediaProvider: Scanned internal due to REASON_DEMAND, found 0 items in 2ms, 0 inserts 0 updates 0 deletes
04-07 08:46:25.712 16463 16483 D ConfigUpdater: Removed key from SharedPreferences: CONTENT_DOWNLOAD_ID
04-07 08:46:25.713 16463 16483 D ConfigUpdater: Removed key from SharedPreferences: METADATA_DOWNLOAD_ID
04-07 08:46:25.713 16463 16483 D ConfigUpdater: SharedPreferences cleared.
04-07 08:46:25.713 16463 16483 D ConfigUpdater: startMetadataDownload called
--
04-07 08:47:24.111   806  1240 I HalDevMgr: bestIfaceCreationProposal is null, requestIface=STA, existingIface=[name=wlan0 type=STA]
04-07 08:47:25.684   806   851 E BluetoothPowerStatsCollector: Cannot acquire BluetoothActivityEnergyInfo
04-07 08:47:25.684   806   851 E BluetoothPowerStatsCollector: java.util.concurrent.ExecutionException: java.lang.RuntimeException: error: 11
04-07 08:47:25.684   806   851 E BluetoothPowerStatsCollector: 	at java.util.concurrent.CompletableFuture.reportGet(CompletableFuture.java:372)
04-07 08:47:25.684   806   851 E BluetoothPowerStatsCollector: 	at java.util.concurrent.CompletableFuture.get(CompletableFuture.java:2072)
04-07 08:47:25.684   806   851 E BluetoothPowerStatsCollector: 	at com.android.server.power.stats.BluetoothPowerStatsCollector.collectBluetoothActivityInfo(BluetoothPowerStatsCollector.java:191)
04-07 08:47:25.684   806   851 E BluetoothPowerStatsCollector: 	at com.android.server.power.stats.BluetoothPowerStatsCollector.collectStats(BluetoothPowerStatsCollector.java:155)
04-07 08:47:25.684   806   851 E BluetoothPowerStatsCollector: 	at com.android.server.power.stats.PowerStatsCollector.collectAndDeliverStats(PowerStatsCollector.java:196)
--
04-07 08:47:25.684   806   851 E BluetoothPowerStatsCollector: 	at android.os.Looper.loop(Looper.java:367)
04-07 08:47:25.684   806   851 E BluetoothPowerStatsCollector: 	at android.os.HandlerThread.run(HandlerThread.java:139)
04-07 08:47:25.684   806   851 E BluetoothPowerStatsCollector: Caused by: java.lang.RuntimeException: error: 11
04-07 08:47:25.684   806   851 E BluetoothPowerStatsCollector: 	at com.android.server.power.stats.BluetoothPowerStatsCollector$1.onBluetoothActivityEnergyInfoError(BluetoothPowerStatsCollector.java:180)
04-07 08:47:25.684   806   851 E BluetoothPowerStatsCollector: 	at android.bluetooth.BluetoothAdapter$OnBluetoothActivityEnergyInfoProxy.lambda$onBluetoothActivityEnergyInfoAvailable$0(BluetoothAdapter.java:1010)
04-07 08:47:25.684   806   851 E BluetoothPowerStatsCollector: 	at android.bluetooth.BluetoothAdapter$OnBluetoothActivityEnergyInfoProxy.$r8$lambda$ks_hN9Vo_x2Jp1k5f-s67WiAd4A(Unknown Source:0)
04-07 08:47:25.684   806   851 E BluetoothPowerStatsCollector: 	at android.bluetooth.BluetoothAdapter$OnBluetoothActivityEnergyInfoProxy$$ExternalSyntheticLambda0.run(D8$$SyntheticClass:0)
04-07 08:47:25.684   806   851 E BluetoothPowerStatsCollector: 	at android.bluetooth.BluetoothUtils.lambda$executeFromBinder$0(BluetoothUtils.java:346)
--
04-07 08:52:43.053   806  1755 W libbinder.IPCThreadState: Sending oneway calls to frozen process.
04-07 08:52:44.341   806   851 E BluetoothPowerStatsCollector: Cannot acquire BluetoothActivityEnergyInfo
04-07 08:52:44.341   806   851 E BluetoothPowerStatsCollector: java.util.concurrent.ExecutionException: java.lang.RuntimeException: error: 11
04-07 08:52:44.341   806   851 E BluetoothPowerStatsCollector: 	at java.util.concurrent.CompletableFuture.reportGet(CompletableFuture.java:372)
04-07 08:52:44.341   806   851 E BluetoothPowerStatsCollector: 	at java.util.concurrent.CompletableFuture.get(CompletableFuture.java:2072)
04-07 08:52:44.341   806   851 E BluetoothPowerStatsCollector: 	at com.android.server.power.stats.BluetoothPowerStatsCollector.collectBluetoothActivityInfo(BluetoothPowerStatsCollector.java:191)
04-07 08:52:44.341   806   851 E BluetoothPowerStatsCollector: 	at com.android.server.power.stats.BluetoothPowerStatsCollector.collectStats(BluetoothPowerStatsCollector.java:155)
04-07 08:52:44.341   806   851 E BluetoothPowerStatsCollector: 	at com.android.server.power.stats.PowerStatsCollector.collectAndDeliverStats(PowerStatsCollector.java:196)
--
04-07 08:52:44.341   806   851 E BluetoothPowerStatsCollector: 	at android.os.Looper.loop(Looper.java:367)
04-07 08:52:44.341   806   851 E BluetoothPowerStatsCollector: 	at android.os.HandlerThread.run(HandlerThread.java:139)
04-07 08:52:44.341   806   851 E BluetoothPowerStatsCollector: Caused by: java.lang.RuntimeException: error: 11
04-07 08:52:44.341   806   851 E BluetoothPowerStatsCollector: 	at com.android.server.power.stats.BluetoothPowerStatsCollector$1.onBluetoothActivityEnergyInfoError(BluetoothPowerStatsCollector.java:180)
04-07 08:52:44.341   806   851 E BluetoothPowerStatsCollector: 	at android.bluetooth.BluetoothAdapter$OnBluetoothActivityEnergyInfoProxy.lambda$onBluetoothActivityEnergyInfoAvailable$0(BluetoothAdapter.java:1010)
04-07 08:52:44.341   806   851 E BluetoothPowerStatsCollector: 	at android.bluetooth.BluetoothAdapter$OnBluetoothActivityEnergyInfoProxy.$r8$lambda$ks_hN9Vo_x2Jp1k5f-s67WiAd4A(Unknown Source:0)
04-07 08:52:44.341   806   851 E BluetoothPowerStatsCollector: 	at android.bluetooth.BluetoothAdapter$OnBluetoothActivityEnergyInfoProxy$$ExternalSyntheticLambda0.run(D8$$SyntheticClass:0)
04-07 08:52:44.341   806   851 E BluetoothPowerStatsCollector: 	at android.bluetooth.BluetoothUtils.lambda$executeFromBinder$0(BluetoothUtils.java:346)
--
04-07 08:53:46.721   806   806 W binder:806_20: type=1400 audit(0.0:1979): avc:  denied  { getopt } for  scontext=u:r:system_server:s0 tcontext=u:r:shell:s0 tclass=unix_stream_socket permissive=0
04-07 08:53:46.742   806  2389 E SystemServiceRegistry: No service published for: persistent_data_block
04-07 08:53:46.742   806  2389 E SystemServiceRegistry: android.os.ServiceManager$ServiceNotFoundException: No service published for: persistent_data_block
04-07 08:53:46.742   806  2389 E SystemServiceRegistry: 	at android.os.ServiceManager.getServiceOrThrow(ServiceManager.java:203)
04-07 08:53:46.742   806  2389 E SystemServiceRegistry: 	at android.app.SystemServiceRegistry$86.createService(SystemServiceRegistry.java:1201)
04-07 08:53:46.742   806  2389 E SystemServiceRegistry: 	at android.app.SystemServiceRegistry$86.createService(SystemServiceRegistry.java:1198)
04-07 08:53:46.742   806  2389 E SystemServiceRegistry: 	at android.app.SystemServiceRegistry$StaticServiceFetcher.getService(SystemServiceRegistry.java:2610)
04-07 08:53:46.742   806  2389 E SystemServiceRegistry: 	at android.app.SystemServiceRegistry.getSystemService(SystemServiceRegistry.java:2063)
--
04-07 08:57:16.651  4412  4412 D SearchFragment@b0a1434: handleResult() called with: result = [SearchInfo[url="https://www.youtube.com/results?search_query=video+copilot&sp=8AEB", name="Search"]]
04-07 08:57:16.689  4412  4412 W ResourcesCompat: Failed to inflate ColorStateList, leaving it to the framework
04-07 08:57:16.689  4412  4412 W ResourcesCompat: java.lang.UnsupportedOperationException: Failed to resolve attribute at index 0: TypedValue{t=0x2/d=0x7f040120 a=-1}, theme={InheritanceMap=[id=0x7f13017eorg.polymorphicshade.tubular.debug:style/LightTheme.YouTube, id=0x7f13017aorg.polymorphicshade.tubular.debug:style/LightTheme, id=0x7f130016org.polymorphicshade.tubular.debug:style/Base.LightTheme, id=0x7f1300d1org.polymorphicshade.tubular.debug:style/Base.V35.LightTheme, id=0x7f1300cdorg.polymorphicshade.tubular.debug:style/Base.V29.LightTheme, id=0x7f1300c7org.polymorphicshade.tubular.debug:style/Base.V27.LightTheme, id=0x7f1300aborg.polymorphicshade.tubular.debug:style/Base.V21.LightTheme, id=0x7f13000borg.polymorphicshade.tubular.debug:style/Base, id=0x7f1300ceorg.polymorphicshade.tubular.debug:style/Base.V35, id=0x7f1300caorg.polymorphicshade.tubular.debug:style/Base.V29, id=0x7f1300c4org.polymorphicshade.tubular.debug:style/Base.V27, id=0x7f1300a8org.polymorphicshade.tubular.debug:style/Base.V21, id=0x7f13029eorg.polymorphicshade.tubular.debug:style/Theme.AppCompat.DayNight.NoActionBar, id=0x7f1302aaorg.polymorphicshade.tubular.debug:style/Theme.AppCompat.Light.NoActionBar, id=0x7f1302a4org.polymorphicshade.tubular.debug:style/Theme.AppCompat.Light, id=0x7f130059org.polymorphicshade.tubular.debug:style/Base.Theme.AppCompat.Light, id=0x7f1300c9org.polymorphicshade.tubular.debug:style/Base.V28.Theme.AppCompat.Light, id=0x7f1300c2org.polymorphicshade.tubular.debug:style/Base.V26.Theme.AppCompat.Light, id=0x7f1300bcorg.polymorphicshade.tubular.debug:style/Base.V23.Theme.AppCompat.Light, id=0x7f1300baorg.polymorphicshade.tubular.debug:style/Base.V22.Theme.AppCompat.Light, id=0x7f1300aforg.polymorphicshade.tubular.debug:style/Base.V21.Theme.AppCompat.Light, id=0x7f1300d4org.polymorphicshade.tubular.debug:style/Base.V7.Theme.AppCompat.Light, id=0x7f130198org.polymorphicshade.tubular.debug:style/Platform.AppCompat.Light, id=0x7f1301a3org.polymorphicshade.tubular.debug:style/Platform.V25.AppCompat.Light, id=0x1030241android:style/Theme.Material.Light.NoActionBar, id=0x1030237android:style/Theme.Material.Light, id=0x103000candroid:style/Theme.Light, id=0x1030005android:style/Theme], Themes=[org.polymorphicshade.tubular.debug:style/LightTheme.YouTube, forced, org.polymorphicshade.tubular.debug:style/OpeningTheme, forced, org.polymorphicshade.tubular.debug:style/Theme.AppCompat.Empty, forced, android:style/Theme.DeviceDefault.Light.DarkActionBar, forced]}
04-07 08:57:16.689  4412  4412 W ResourcesCompat: 	at android.content.res.TypedArray.getColor(TypedArray.java:535)
04-07 08:57:16.689  4412  4412 W ResourcesCompat: 	at androidx.core.content.res.ColorStateListInflaterCompat.inflate(ColorStateListInflaterCompat.java:157)
04-07 08:57:16.689  4412  4412 W ResourcesCompat: 	at androidx.core.content.res.ColorStateListInflaterCompat.createFromXmlInner(ColorStateListInflaterCompat.java:122)
04-07 08:57:16.689  4412  4412 W ResourcesCompat: 	at androidx.core.content.res.ColorStateListInflaterCompat.createFromXml(ColorStateListInflaterCompat.java:102)
04-07 08:57:16.689  4412  4412 W ResourcesCompat: 	at androidx.core.content.res.ResourcesCompat.inflateColorStateList(ResourcesCompat.java:259)
--
04-07 08:57:16.960   806   915 W PackageConfigPersister: App-specific configuration not found for packageName: org.polymorphicshade.tubular.debug and userId: 0
04-07 08:57:17.014  4412  4412 W ResourcesCompat: Failed to inflate ColorStateList, leaving it to the framework
04-07 08:57:17.014  4412  4412 W ResourcesCompat: java.lang.UnsupportedOperationException: Failed to resolve attribute at index 0: TypedValue{t=0x2/d=0x7f040120 a=-1}, theme={InheritanceMap=[id=0x7f13017eorg.polymorphicshade.tubular.debug:style/LightTheme.YouTube, id=0x7f13017aorg.polymorphicshade.tubular.debug:style/LightTheme, id=0x7f130016org.polymorphicshade.tubular.debug:style/Base.LightTheme, id=0x7f1300d1org.polymorphicshade.tubular.debug:style/Base.V35.LightTheme, id=0x7f1300cdorg.polymorphicshade.tubular.debug:style/Base.V29.LightTheme, id=0x7f1300c7org.polymorphicshade.tubular.debug:style/Base.V27.LightTheme, id=0x7f1300aborg.polymorphicshade.tubular.debug:style/Base.V21.LightTheme, id=0x7f13000borg.polymorphicshade.tubular.debug:style/Base, id=0x7f1300ceorg.polymorphicshade.tubular.debug:style/Base.V35, id=0x7f1300caorg.polymorphicshade.tubular.debug:style/Base.V29, id=0x7f1300c4org.polymorphicshade.tubular.debug:style/Base.V27, id=0x7f1300a8org.polymorphicshade.tubular.debug:style/Base.V21, id=0x7f13029eorg.polymorphicshade.tubular.debug:style/Theme.AppCompat.DayNight.NoActionBar, id=0x7f1302aaorg.polymorphicshade.tubular.debug:style/Theme.AppCompat.Light.NoActionBar, id=0x7f1302a4org.polymorphicshade.tubular.debug:style/Theme.AppCompat.Light, id=0x7f130059org.polymorphicshade.tubular.debug:style/Base.Theme.AppCompat.Light, id=0x7f1300c9org.polymorphicshade.tubular.debug:style/Base.V28.Theme.AppCompat.Light, id=0x7f1300c2org.polymorphicshade.tubular.debug:style/Base.V26.Theme.AppCompat.Light, id=0x7f1300bcorg.polymorphicshade.tubular.debug:style/Base.V23.Theme.AppCompat.Light, id=0x7f1300baorg.polymorphicshade.tubular.debug:style/Base.V22.Theme.AppCompat.Light, id=0x7f1300aforg.polymorphicshade.tubular.debug:style/Base.V21.Theme.AppCompat.Light, id=0x7f1300d4org.polymorphicshade.tubular.debug:style/Base.V7.Theme.AppCompat.Light, id=0x7f130198org.polymorphicshade.tubular.debug:style/Platform.AppCompat.Light, id=0x7f1301a3org.polymorphicshade.tubular.debug:style/Platform.V25.AppCompat.Light, id=0x1030241android:style/Theme.Material.Light.NoActionBar, id=0x1030237android:style/Theme.Material.Light, id=0x103000candroid:style/Theme.Light, id=0x1030005android:style/Theme], Themes=[org.polymorphicshade.tubular.debug:style/LightTheme.YouTube, forced, org.polymorphicshade.tubular.debug:style/OpeningTheme, forced, org.polymorphicshade.tubular.debug:style/Theme.AppCompat.Empty, forced, android:style/Theme.DeviceDefault.Light.DarkActionBar, forced]}
04-07 08:57:17.014  4412  4412 W ResourcesCompat: 	at android.content.res.TypedArray.getColor(TypedArray.java:535)
04-07 08:57:17.014  4412  4412 W ResourcesCompat: 	at androidx.core.content.res.ColorStateListInflaterCompat.inflate(ColorStateListInflaterCompat.java:157)
04-07 08:57:17.014  4412  4412 W ResourcesCompat: 	at androidx.core.content.res.ColorStateListInflaterCompat.createFromXmlInner(ColorStateListInflaterCompat.java:122)
04-07 08:57:17.014  4412  4412 W ResourcesCompat: 	at androidx.core.content.res.ColorStateListInflaterCompat.createFromXml(ColorStateListInflaterCompat.java:102)
04-07 08:57:17.014  4412  4412 W ResourcesCompat: 	at androidx.core.content.res.ResourcesCompat.inflateColorStateList(ResourcesCompat.java:259)
--
04-07 08:58:01.901   806  1240 I HalDevMgr: bestIfaceCreationProposal is null, requestIface=STA, existingIface=[name=wlan0 type=STA]
04-07 08:58:03.027   806   851 E BluetoothPowerStatsCollector: Cannot acquire BluetoothActivityEnergyInfo
04-07 08:58:03.027   806   851 E BluetoothPowerStatsCollector: java.util.concurrent.ExecutionException: java.lang.RuntimeException: error: 11
04-07 08:58:03.027   806   851 E BluetoothPowerStatsCollector: 	at java.util.concurrent.CompletableFuture.reportGet(CompletableFuture.java:372)
04-07 08:58:03.027   806   851 E BluetoothPowerStatsCollector: 	at java.util.concurrent.CompletableFuture.get(CompletableFuture.java:2072)
04-07 08:58:03.027   806   851 E BluetoothPowerStatsCollector: 	at com.android.server.power.stats.BluetoothPowerStatsCollector.collectBluetoothActivityInfo(BluetoothPowerStatsCollector.java:191)
04-07 08:58:03.027   806   851 E BluetoothPowerStatsCollector: 	at com.android.server.power.stats.BluetoothPowerStatsCollector.collectStats(BluetoothPowerStatsCollector.java:155)
04-07 08:58:03.027   806   851 E BluetoothPowerStatsCollector: 	at com.android.server.power.stats.PowerStatsCollector.collectAndDeliverStats(PowerStatsCollector.java:196)
--
04-07 08:58:03.027   806   851 E BluetoothPowerStatsCollector: 	at android.os.Looper.loop(Looper.java:367)
04-07 08:58:03.027   806   851 E BluetoothPowerStatsCollector: 	at android.os.HandlerThread.run(HandlerThread.java:139)
04-07 08:58:03.027   806   851 E BluetoothPowerStatsCollector: Caused by: java.lang.RuntimeException: error: 11
04-07 08:58:03.027   806   851 E BluetoothPowerStatsCollector: 	at com.android.server.power.stats.BluetoothPowerStatsCollector$1.onBluetoothActivityEnergyInfoError(BluetoothPowerStatsCollector.java:180)
04-07 08:58:03.027   806   851 E BluetoothPowerStatsCollector: 	at android.bluetooth.BluetoothAdapter$OnBluetoothActivityEnergyInfoProxy.lambda$onBluetoothActivityEnergyInfoAvailable$0(BluetoothAdapter.java:1010)
04-07 08:58:03.027   806   851 E BluetoothPowerStatsCollector: 	at android.bluetooth.BluetoothAdapter$OnBluetoothActivityEnergyInfoProxy.$r8$lambda$ks_hN9Vo_x2Jp1k5f-s67WiAd4A(Unknown Source:0)
04-07 08:58:03.027   806   851 E BluetoothPowerStatsCollector: 	at android.bluetooth.BluetoothAdapter$OnBluetoothActivityEnergyInfoProxy$$ExternalSyntheticLambda0.run(D8$$SyntheticClass:0)
04-07 08:58:03.027   806   851 E BluetoothPowerStatsCollector: 	at android.bluetooth.BluetoothUtils.lambda$executeFromBinder$0(BluetoothUtils.java:346)
--
04-07 08:58:13.650   639   749 D AudioFlinger: mixer(0x732e5d8bf790) throttle end: throttle time(29)
04-07 08:58:13.671  4412  4412 W ResourcesCompat: Failed to inflate ColorStateList, leaving it to the framework
04-07 08:58:13.671  4412  4412 W ResourcesCompat: java.lang.UnsupportedOperationException: Failed to resolve attribute at index 0: TypedValue{t=0x2/d=0x7f040120 a=-1}, theme={InheritanceMap=[id=0x7f13017eorg.polymorphicshade.tubular.debug:style/LightTheme.YouTube, id=0x7f13017aorg.polymorphicshade.tubular.debug:style/LightTheme, id=0x7f130016org.polymorphicshade.tubular.debug:style/Base.LightTheme, id=0x7f1300d1org.polymorphicshade.tubular.debug:style/Base.V35.LightTheme, id=0x7f1300cdorg.polymorphicshade.tubular.debug:style/Base.V29.LightTheme, id=0x7f1300c7org.polymorphicshade.tubular.debug:style/Base.V27.LightTheme, id=0x7f1300aborg.polymorphicshade.tubular.debug:style/Base.V21.LightTheme, id=0x7f13000borg.polymorphicshade.tubular.debug:style/Base, id=0x7f1300ceorg.polymorphicshade.tubular.debug:style/Base.V35, id=0x7f1300caorg.polymorphicshade.tubular.debug:style/Base.V29, id=0x7f1300c4org.polymorphicshade.tubular.debug:style/Base.V27, id=0x7f1300a8org.polymorphicshade.tubular.debug:style/Base.V21, id=0x7f13029eorg.polymorphicshade.tubular.debug:style/Theme.AppCompat.DayNight.NoActionBar, id=0x7f1302aaorg.polymorphicshade.tubular.debug:style/Theme.AppCompat.Light.NoActionBar, id=0x7f1302a4org.polymorphicshade.tubular.debug:style/Theme.AppCompat.Light, id=0x7f130059org.polymorphicshade.tubular.debug:style/Base.Theme.AppCompat.Light, id=0x7f1300c9org.polymorphicshade.tubular.debug:style/Base.V28.Theme.AppCompat.Light, id=0x7f1300c2org.polymorphicshade.tubular.debug:style/Base.V26.Theme.AppCompat.Light, id=0x7f1300bcorg.polymorphicshade.tubular.debug:style/Base.V23.Theme.AppCompat.Light, id=0x7f1300baorg.polymorphicshade.tubular.debug:style/Base.V22.Theme.AppCompat.Light, id=0x7f1300aforg.polymorphicshade.tubular.debug:style/Base.V21.Theme.AppCompat.Light, id=0x7f1300d4org.polymorphicshade.tubular.debug:style/Base.V7.Theme.AppCompat.Light, id=0x7f130198org.polymorphicshade.tubular.debug:style/Platform.AppCompat.Light, id=0x7f1301a3org.polymorphicshade.tubular.debug:style/Platform.V25.AppCompat.Light, id=0x1030241android:style/Theme.Material.Light.NoActionBar, id=0x1030237android:style/Theme.Material.Light, id=0x103000candroid:style/Theme.Light, id=0x1030005android:style/Theme], Themes=[org.polymorphicshade.tubular.debug:style/LightTheme.YouTube, forced, org.polymorphicshade.tubular.debug:style/OpeningTheme, forced, org.polymorphicshade.tubular.debug:style/Theme.AppCompat.Empty, forced, android:style/Theme.DeviceDefault.Light.DarkActionBar, forced]}
04-07 08:58:13.671  4412  4412 W ResourcesCompat: 	at android.content.res.TypedArray.getColor(TypedArray.java:535)
04-07 08:58:13.671  4412  4412 W ResourcesCompat: 	at androidx.core.content.res.ColorStateListInflaterCompat.inflate(ColorStateListInflaterCompat.java:157)
04-07 08:58:13.671  4412  4412 W ResourcesCompat: 	at androidx.core.content.res.ColorStateListInflaterCompat.createFromXmlInner(ColorStateListInflaterCompat.java:122)
04-07 08:58:13.671  4412  4412 W ResourcesCompat: 	at androidx.core.content.res.ColorStateListInflaterCompat.createFromXml(ColorStateListInflaterCompat.java:102)
04-07 08:58:13.671  4412  4412 W ResourcesCompat: 	at androidx.core.content.res.ResourcesCompat.inflateColorStateList(ResourcesCompat.java:259)
--
04-07 08:58:13.672  4412  4412 W ResourcesCompat: 	at com.android.internal.os.ZygoteInit.main(ZygoteInit.java:929)
04-07 08:58:13.672  4412  4412 W ResourcesCompat: Failed to inflate ColorStateList, leaving it to the framework
