04-06 22:03:23.969   587 32321 E android.hardware.audio@7.1-impl.ranchu: pcmWrite:260 failure: -1
04-06 22:03:23.985   639   749 D AudioFlinger: mixer(0x732e5d8bf790) throttle end: throttle time(7)
04-06 22:03:24.026   639   749 D AF::Track: interceptBuffer: took 14400us to intercept 0 tracks
04-06 22:03:24.049   639   749 D AudioFlinger: mixer(0x732e5d8bf790) throttle end: throttle time(11)
04-06 22:03:24.073   587 32321 W android.hardware.audio@7.1-impl.ranchu: pcmWrite:259 pcm_writei failed with 'cannot read/write stream data: I/O error' (-1)
04-06 22:03:24.073   587 32321 E android.hardware.audio@7.1-impl.ranchu: pcmWrite:260 failure: -1
04-06 22:03:24.134   639   749 D AudioFlinger: mixer(0x732e5d8bf790) throttle end: throttle time(6)
04-06 22:03:24.135 32053 32053 D SPONSOR_BLOCK: Hiding manual skip buttons (UNSKIP)
--
04-06 22:03:27.940   587 32321 W android.hardware.audio@7.1-impl.ranchu: pcmWrite:259 pcm_writei failed with 'cannot read/write stream data: I/O error' (-1)
04-06 22:03:27.940   587 32321 E android.hardware.audio@7.1-impl.ranchu: pcmWrite:260 failure: -1
04-06 22:03:27.957   717 32373 D BufferPoolAccessor2.0: bufferpool2 0x7713a641c278 : 4(4608 size) total buffers - 1(1152 size) used buffers - 11396/11400 (recycle/alloc) - 58/11399 (fetch/transfer)
04-06 22:03:27.975   639   749 D AudioFlinger: mixer(0x732e5d8bf790) throttle end: throttle time(41)
04-06 22:03:28.048   587 32321 W android.hardware.audio@7.1-impl.ranchu: pcmWrite:259 pcm_writei failed with 'cannot read/write stream data: I/O error' (-1)
04-06 22:03:28.048   587 32321 E android.hardware.audio@7.1-impl.ranchu: pcmWrite:260 failure: -1
04-06 22:03:28.102 32053 32053 D SPONSOR_BLOCK: Hiding manual skip buttons (UNSKIP)
04-06 22:03:28.152   587 32321 W android.hardware.audio@7.1-impl.ranchu: pcmWrite:259 pcm_writei failed with 'cannot read/write stream data: I/O error' (-1)
--
04-06 22:03:29.247 32053 32053 D LeakCanary: Watching instance of androidx.lifecycle.SavedStateHandlesVM (androidx.lifecycle.SavedStateHandlesVM received ViewModel#onCleared() callback) with key 691f6af8-5453-4be8-81c0-143b016f99d1
04-06 22:03:29.247 32053 32053 D LeakCanary: Watching instance of leakcanary.internal.ViewModelClearedWatcher (leakcanary.internal.ViewModelClearedWatcher received ViewModel#onCleared() callback) with key 942e5840-0538-4f7b-9986-1ce749148b0b
04-06 22:03:29.258 32053 32053 D LeakCanary: Watching instance of androidx.loader.app.LoaderManagerImpl$LoaderViewModel (androidx.loader.app.LoaderManagerImpl$LoaderViewModel received ViewModel#onCleared() callback) with key d4224fac-2f59-4026-84a3-c13b94007e12
04-06 22:03:29.261   806   834 I DisplayDeviceRepository: Display device changed render timings: "Built-in Screen", renderFrameRate=60.000004, presentationDeadlineNanos=16666666, appVsyncOffsetNanos=1000000, frameRateOverrides=[]
04-06 22:03:29.262   806   834 I DisplayDeviceRepository: Display device same: DisplayDeviceInfo{"Built-in Screen": uniqueId="local:4619827259835644672", 1080 x 2400, modeId 1, renderFrameRate 60.000004, hasArrSupport false, frameRateCategoryRate FrameRateCategoryRate {normal=60.0, high=90.0}, supportedRefreshRates [60.000004], defaultModeId 1, userPreferredModeId -1, supportedModes [{id=1, parentModeId=-1, flags=, width=1080, height=2400, fps=60.000004, vsync=60.000004, alternativeRefreshRates=[], supportedHdrTypes=[]}], colorMode 0, supportedColorModes [0], hdrCapabilities HdrCapabilities{mSupportedHdrTypes=[], mMaxLuminance=500.0, mMaxAverageLuminance=500.0, mMinLuminance=0.0}, isForceSdr false, allmSupported false, gameContentTypeSupported false, density 420, 420.0 x 420.0 dpi, appVsyncOff 1000000, presDeadline 16666666, touch INTERNAL, rotation 0, type INTERNAL, address {port=0, model=0x401cec6a7a2b7b}, deviceProductInfo DeviceProductInfo{name=EMU_display_0, manufacturerPnpId=GGL, productId=1, modelYear=null, manufactureDate=ManufactureDate{week=27, year=2006}, connectionToSinkType=1, edidStructureMetadata=EdidStructureMetadata{version=0, revision=0}, videoInputType=0}, state ON, committedState ON, frameRateOverride , brightnessMinimum 0.035433073, brightnessMaximum 1.0, brightnessDefault 0.39763778, brightnessDim 0.05, hdrSdrRatio NaN, FLAG_ALLOWED_TO_BE_DEFAULT_DISPLAY, FLAG_ROTATES_WITH_CONTENT, FLAG_SECURE, FLAG_SUPPORTS_PROTECTED_BUFFERS, FLAG_TRUSTED, installOrientation 0, displayShape DisplayShape{ spec=-1893857183 displayWidth=1080 displayHeight=2400 physicalPixelDisplaySizeRatio=1.0 rotation=0 offsetX=0 offsetY=0 scale=1.0}}
04-06 22:03:29.265 32053 32053 D StateSaver: onDestroy() called with: savedState = [null]
04-06 22:03:29.266 32053 32053 D LeakCanary: Watching instance of org.schabi.newpipe.fragments.list.comments.CommentsFragment (org.schabi.newpipe.fragments.list.comments.CommentsFragment received Fragment#onDestroy() callback) with key 40a6d3f8-e53f-41c4-854f-93d9ca15beaf
04-06 22:03:29.299   806   832 D WindowManager: DeferredDisplayUpdater: partially applying DisplayInfo(1080 x 2400) immediately
04-06 22:03:29.307 32053 32053 D LeakCanary: Watching instance of android.widget.RelativeLayout (org.schabi.newpipe.fragments.list.videos.RelatedItemsFragment received Fragment#onDestroyView() callback (references to its views should be cleared to prevent leaks)) with key 4fcbd414-bceb-4341-ad55-a8b94527325f
04-06 22:03:29.307 32053 32053 D LeakCanary: Watching instance of androidx.lifecycle.SavedStateHandlesVM (androidx.lifecycle.SavedStateHandlesVM received ViewModel#onCleared() callback) with key 9e7e6c5b-860f-46d7-b062-4e171077e058
04-06 22:03:29.310 32053 32053 D LeakCanary: Watching instance of leakcanary.internal.ViewModelClearedWatcher (leakcanary.internal.ViewModelClearedWatcher received ViewModel#onCleared() callback) with key 16d861d5-cf88-4b49-8432-31f010fafd72
04-06 22:03:29.310 32053 32053 D LeakCanary: Watching instance of androidx.loader.app.LoaderManagerImpl$LoaderViewModel (androidx.loader.app.LoaderManagerImpl$LoaderViewModel received ViewModel#onCleared() callback) with key d435557f-50f9-45c9-aae8-c7f5bd4590bc
04-06 22:03:29.310 32053 32053 D StateSaver: onDestroy() called with: savedState = [null]
--
04-06 22:03:29.397 32053 32516 D ExtractorHelper: loadFromCache() called, info > null
04-06 22:03:29.399 32053 32053 D MainActivity: onCreateOptionsMenu() called with: menu = [androidx.appcompat.view.menu.MenuBuilder@14bb694]
04-06 22:03:29.400 32053 32053 D SearchFragment@d56d521: onCreateOptionsMenu() called with: menu = [androidx.appcompat.view.menu.MenuBuilder@14bb694], inflater = [androidx.appcompat.view.SupportMenuInflater@9670132]
04-06 22:03:29.439   587 32321 W android.hardware.audio@7.1-impl.ranchu: pcmWrite:259 pcm_writei failed with 'cannot read/write stream data: I/O error' (-1)
04-06 22:03:29.440   587 32321 E android.hardware.audio@7.1-impl.ranchu: pcmWrite:260 failure: -1
04-06 22:03:29.451   639   749 D AudioFlinger: mixer(0x732e5d8bf790) throttle end: throttle time(16)
04-06 22:03:29.519   639   749 D AudioFlinger: mixer(0x732e5d8bf790) throttle end: throttle time(4)
04-06 22:03:29.544   587 32321 W android.hardware.audio@7.1-impl.ranchu: pcmWrite:259 pcm_writei failed with 'cannot read/write stream data: I/O error' (-1)
--
04-06 22:03:32.724   639   749 D AudioFlinger: mixer(0x732e5d8bf790) throttle end: throttle time(38)
04-06 22:03:32.726   806   834 I DisplayDeviceRepository: Display device changed render timings: "Built-in Screen", renderFrameRate=30.000002, presentationDeadlineNanos=33333332, appVsyncOffsetNanos=1000000, frameRateOverrides=[{uid=10239 frameRateHz=30.000002}]
04-06 22:03:32.726   806   834 I DisplayDeviceRepository: Display device same: DisplayDeviceInfo{"Built-in Screen": uniqueId="local:4619827259835644672", 1080 x 2400, modeId 1, renderFrameRate 30.000002, hasArrSupport false, frameRateCategoryRate FrameRateCategoryRate {normal=60.0, high=90.0}, supportedRefreshRates [60.000004], defaultModeId 1, userPreferredModeId -1, supportedModes [{id=1, parentModeId=-1, flags=, width=1080, height=2400, fps=60.000004, vsync=60.000004, alternativeRefreshRates=[], supportedHdrTypes=[]}], colorMode 0, supportedColorModes [0], hdrCapabilities HdrCapabilities{mSupportedHdrTypes=[], mMaxLuminance=500.0, mMaxAverageLuminance=500.0, mMinLuminance=0.0}, isForceSdr false, allmSupported false, gameContentTypeSupported false, density 420, 420.0 x 420.0 dpi, appVsyncOff 1000000, presDeadline 33333332, touch INTERNAL, rotation 0, type INTERNAL, address {port=0, model=0x401cec6a7a2b7b}, deviceProductInfo DeviceProductInfo{name=EMU_display_0, manufacturerPnpId=GGL, productId=1, modelYear=null, manufactureDate=ManufactureDate{week=27, year=2006}, connectionToSinkType=1, edidStructureMetadata=EdidStructureMetadata{version=0, revision=0}, videoInputType=0}, state ON, committedState ON, frameRateOverride {uid=10239 frameRateHz=30.000002} , brightnessMinimum 0.035433073, brightnessMaximum 1.0, brightnessDefault 0.39763778, brightnessDim 0.05, hdrSdrRatio NaN, FLAG_ALLOWED_TO_BE_DEFAULT_DISPLAY, FLAG_ROTATES_WITH_CONTENT, FLAG_SECURE, FLAG_SUPPORTS_PROTECTED_BUFFERS, FLAG_TRUSTED, installOrientation 0, displayShape DisplayShape{ spec=-1893857183 displayWidth=1080 displayHeight=2400 physicalPixelDisplaySizeRatio=1.0 rotation=0 offsetX=0 offsetY=0 scale=1.0}}
04-06 22:03:32.727   806   832 D WindowManager: DeferredDisplayUpdater: partially applying DisplayInfo(1080 x 2400) immediately
04-06 22:03:32.739   717 32350 D BufferPoolAccessor2.0: bufferpool2 0x7713a64181b8 : 5(20480 size) total buffers - 2(8192 size) used buffers - 12455/12465 (recycle/alloc) - 57/12464 (fetch/transfer)
04-06 22:03:32.838   587 32321 W android.hardware.audio@7.1-impl.ranchu: pcmWrite:259 pcm_writei failed with 'cannot read/write stream data: I/O error' (-1)
04-06 22:03:32.838   587 32321 E android.hardware.audio@7.1-impl.ranchu: pcmWrite:260 failure: -1
04-06 22:03:32.928   639   749 D AudioFlinger: mixer(0x732e5d8bf790) throttle end: throttle time(27)
04-06 22:03:32.944   587 32321 W android.hardware.audio@7.1-impl.ranchu: pcmWrite:259 pcm_writei failed with 'cannot read/write stream data: I/O error' (-1)
--
04-06 22:03:33.439   649   649 D SurfaceFlinger: setDesiredMode 4619827259835644672 {mode={fps=60.00 Hz, modePtr={id=0, vsyncRate=60.00 Hz, peakRefreshRate=60.00 Hz}}, emitEvent=false, force=false}
04-06 22:03:33.443   806   834 I DisplayDeviceRepository: Display device changed render timings: "Built-in Screen", renderFrameRate=60.000004, presentationDeadlineNanos=16666666, appVsyncOffsetNanos=1000000, frameRateOverrides=[]
04-06 22:03:33.443   806   832 D WindowManager: DeferredDisplayUpdater: partially applying DisplayInfo(1080 x 2400) immediately
04-06 22:03:33.443 32053 32349 D CCodecBufferChannel: [c2.android.aac.decoder#928] MediaCodec discarded an unknown buffer
04-06 22:03:33.443 32053 32349 D CCodecBufferChannel: [c2.android.aac.decoder#928] MediaCodec discarded an unknown buffer
04-06 22:03:33.443 32053 32349 D CCodecBufferChannel: [c2.android.aac.decoder#928] MediaCodec discarded an unknown buffer
04-06 22:03:33.443 32053 32349 D CCodecBufferChannel: [c2.android.aac.decoder#928] MediaCodec discarded an unknown buffer
04-06 22:03:33.452   587 32321 W android.hardware.audio@7.1-impl.ranchu: pcmWrite:259 pcm_writei failed with 'cannot read/write stream data: I/O error' (-1)
--
04-06 22:03:34.096 32053 32053 D ShadowAudioPlayer: Translation stopped
04-06 22:03:34.096 32053 32053 I ExoPlayerImpl: Release bc625e [ExoPlayerLib/2.19.1] [emu64xa, sdk_gphone64_x86_64, Google, 36] [goog.exo.core, goog.exo.mediasession, goog.exo.database, goog.exo.exoplayer, goog.exo.decoder, goog.exo.dash, goog.exo.datasource, goog.exo.extractor]
04-06 22:03:34.098 12199 12199 E MediaControlProfile: onCurrentPlayerStateUpdated: base actions not supported, player actions= 400, expected at least= 7f
04-06 22:03:34.098 12199 12199 W MediaControlGattService: Feature MEDIA_STATE support: true
04-06 22:03:34.100 12199 12199 I BluetoothAdapterProperties: getBondedDevices: length=0
04-06 22:03:34.101 12199 12199 W MediaControlGattService: Feature PLAYER_NAME support: true
04-06 22:03:34.101 12199 12199 W MediaControlGattService: Feature PLAYER_ICON_URL support: false
04-06 22:03:34.101 12199 12199 W MediaControlGattService: Feature PLAYER_ICON_OBJ_ID support: false
--
04-06 22:03:35.358 32053 32578 D CCodecConfig: c2 config diff is Dict {
04-06 22:03:35.358 32053 32578 D CCodecConfig:   c2::u32 coded.aac-packaging.value = 0
04-06 22:03:35.358 32053 32578 D CCodecConfig:   c2::u32 coded.bitrate.value = 64000
04-06 22:03:35.358 32053 32578 D CCodecConfig:   c2::u32 coded.pl.level = 0
04-06 22:03:35.358 32053 32578 D CCodecConfig:   c2::u32 coded.pl.profile = 8192
04-06 22:03:35.358 32053 32578 D CCodecConfig:   c2::i32 coding.drc.album-mode.value = 0
04-06 22:03:35.358 32053 32578 D CCodecConfig:   c2::float coding.drc.attenuation-factor.value = 1
04-06 22:03:35.358 32053 32578 D CCodecConfig:   c2::float coding.drc.boost-factor.value = 1
--
04-06 22:03:35.373 32053 32578 D CCodec  :   int32_t aac-max-output-channel_count = 8
04-06 22:03:35.373 32053 32578 D CCodec  :   int32_t aac-target-ref-level = 64
04-06 22:03:35.373 32053 32578 D CCodec  :   int32_t bitrate = 64000
04-06 22:03:35.373 32053 32578 D CCodec  :   int32_t channel-count = 2
04-06 22:03:35.373 32053 32578 D CCodec  :   int32_t channel-mask = 0
04-06 22:03:35.373 32053 32578 D CCodec  :   int32_t level = 0
04-06 22:03:35.373 32053 32578 D CCodec  :   int32_t max-input-size = 8192
04-06 22:03:35.373 32053 32578 D CCodec  :   int32_t max-output-channel-count = 8
--
04-06 22:03:45.772   587 32321 W android.hardware.audio@7.1-impl.ranchu: pcmWrite:259 pcm_writei failed with 'cannot read/write stream data: I/O error' (-1)
04-06 22:03:45.772   587 32321 E android.hardware.audio@7.1-impl.ranchu: pcmWrite:260 failure: -1
04-06 22:03:45.811 32053 32344 D BufferPoolAccessor2.0: bufferpool2 0x7a1208262688 : 5(40960 size) total buffers - 5(40960 size) used buffers - 400/405 (recycle/alloc) - 5/403 (fetch/transfer)
04-06 22:03:45.868   639   749 D AudioFlinger: mixer(0x732e5d8bf790) throttle end: throttle time(20)
04-06 22:03:45.876   587 32321 W android.hardware.audio@7.1-impl.ranchu: pcmWrite:259 pcm_writei failed with 'cannot read/write stream data: I/O error' (-1)
04-06 22:03:45.876   587 32321 E android.hardware.audio@7.1-impl.ranchu: pcmWrite:260 failure: -1
04-06 22:03:45.991   587 32321 W android.hardware.audio@7.1-impl.ranchu: pcmWrite:259 pcm_writei failed with 'cannot read/write stream data: I/O error' (-1)
04-06 22:03:45.992   587 32321 E android.hardware.audio@7.1-impl.ranchu: pcmWrite:260 failure: -1
--
04-06 22:03:53.360   639   749 D AudioFlinger: mixer(0x732e5d8bf790) throttle end: throttle time(7)
04-06 22:03:53.360   587 32321 E android.hardware.audio@7.1-impl.ranchu: pcmWrite:260 failure: -1
04-06 22:03:53.400   639   749 D AudioFlinger: mixer(0x732e5d8bf790) throttle end: throttle time(11)
04-06 22:03:53.440   639   749 D AudioFlinger: mixer(0x732e5d8bf790) throttle end: throttle time(7)
04-06 22:03:53.479   587 32321 W android.hardware.audio@7.1-impl.ranchu: pcmWrite:259 pcm_writei failed with 'cannot read/write stream data: I/O error' (-1)
04-06 22:03:53.479   587 32321 E android.hardware.audio@7.1-impl.ranchu: pcmWrite:260 failure: -1
04-06 22:03:53.518   639   749 D AudioFlinger: mixer(0x732e5d8bf790) throttle end: throttle time(17)
04-06 22:03:53.553   639   749 D AudioFlinger: mixer(0x732e5d8bf790) throttle end: throttle time(6)
--
04-06 22:04:29.368   587 32321 W android.hardware.audio@7.1-impl.ranchu: pcmWrite:259 pcm_writei failed with 'cannot read/write stream data: I/O error' (-1)
04-06 22:04:29.368   587 32321 E android.hardware.audio@7.1-impl.ranchu: pcmWrite:260 failure: -1
04-06 22:04:29.400   639   749 D AudioFlinger: mixer(0x732e5d8bf790) throttle end: throttle time(1)
04-06 22:04:29.471   587 32321 W android.hardware.audio@7.1-impl.ranchu: pcmWrite:259 pcm_writei failed with 'cannot read/write stream data: I/O error' (-1)
04-06 22:04:29.471   587 32321 E android.hardware.audio@7.1-impl.ranchu: pcmWrite:260 failure: -1
04-06 22:04:29.491   639   749 D AudioFlinger: mixer(0x732e5d8bf790) throttle end: throttle time(1)
04-06 22:04:29.573   639   749 D AudioFlinger: mixer(0x732e5d8bf790) throttle end: throttle time(1)
04-06 22:04:29.577   587 32321 W android.hardware.audio@7.1-impl.ranchu: pcmWrite:259 pcm_writei failed with 'cannot read/write stream data: I/O error' (-1)
--
04-06 22:04:44.368   587 32321 W android.hardware.audio@7.1-impl.ranchu: pcmWrite:259 pcm_writei failed with 'cannot read/write stream data: I/O error' (-1)
04-06 22:04:44.368   587 32321 E android.hardware.audio@7.1-impl.ranchu: pcmWrite:260 failure: -1
04-06 22:04:44.400   639   749 D AudioFlinger: mixer(0x732e5d8bf790) throttle end: throttle time(4)
04-06 22:04:44.482   587 32321 W android.hardware.audio@7.1-impl.ranchu: pcmWrite:259 pcm_writei failed with 'cannot read/write stream data: I/O error' (-1)
04-06 22:04:44.482   587 32321 E android.hardware.audio@7.1-impl.ranchu: pcmWrite:260 failure: -1
04-06 22:04:44.584   587 32321 W android.hardware.audio@7.1-impl.ranchu: pcmWrite:259 pcm_writei failed with 'cannot read/write stream data: I/O error' (-1)
04-06 22:04:44.584   587 32321 E android.hardware.audio@7.1-impl.ranchu: pcmWrite:260 failure: -1
04-06 22:04:44.698   587 32321 W android.hardware.audio@7.1-impl.ranchu: pcmWrite:259 pcm_writei failed with 'cannot read/write stream data: I/O error' (-1)
--
04-06 22:05:09.749   639   749 D AF::Track: interceptBuffer: took 14229us to intercept 0 tracks
04-06 22:05:09.765  1452  1612 W AlarmManager: Unrecognized alarm listener com.android.networkstack.android.net.ip.IpClientLinkObserver$Dhcp6PdPreferredPrefixAlarmListener@9ba8e90
04-06 22:05:09.769  1452  1612 D ApfFilter: (wlan0): Adding RA fe80::2 -> ff02::1 1800s fec0::/64 86400s/14400s DNS 1200000s fec0::3 
04-06 22:05:09.792   587 32321 W android.hardware.audio@7.1-impl.ranchu: pcmWrite:259 pcm_writei failed with 'cannot read/write stream data: I/O error' (-1)
04-06 22:05:09.792   587 32321 E android.hardware.audio@7.1-impl.ranchu: pcmWrite:260 failure: -1
04-06 22:05:09.796   639   749 D AudioFlinger: mixer(0x732e5d8bf790) throttle end: throttle time(1)
04-06 22:05:09.833   639   749 D AF::Track: interceptBuffer: took 935us to intercept 0 tracks
04-06 22:05:09.897   587 32321 W android.hardware.audio@7.1-impl.ranchu: pcmWrite:259 pcm_writei failed with 'cannot read/write stream data: I/O error' (-1)
--
04-06 22:05:33.344   587 32321 W android.hardware.audio@7.1-impl.ranchu: pcmWrite:259 pcm_writei failed with 'cannot read/write stream data: I/O error' (-1)
04-06 22:05:33.344   587 32321 E android.hardware.audio@7.1-impl.ranchu: pcmWrite:260 failure: -1
04-06 22:05:33.400   639   749 D AudioFlinger: mixer(0x732e5d8bf790) throttle end: throttle time(20)
04-06 22:05:33.467   587 32321 W android.hardware.audio@7.1-impl.ranchu: pcmWrite:259 pcm_writei failed with 'cannot read/write stream data: I/O error' (-1)
04-06 22:05:33.468   587 32321 E android.hardware.audio@7.1-impl.ranchu: pcmWrite:260 failure: -1
04-06 22:05:33.512   639   749 D AudioFlinger: mixer(0x732e5d8bf790) throttle end: throttle time(27)
04-06 22:05:33.562   806  1240 I HalDevMgr: bestIfaceCreationProposal is null, requestIface=STA, existingIface=[name=wlan0 type=STA]
04-06 22:05:33.572   587 32321 W android.hardware.audio@7.1-impl.ranchu: pcmWrite:259 pcm_writei failed with 'cannot read/write stream data: I/O error' (-1)
--
04-06 22:05:56.394  9409 23663 I artd    : GetBestInfo: odex next to the dex file (/data/app/~~scVi5FQG4d-fWzcBuZxYFA==/com.google.android.gms-STD1RVi9lhtf68y-PXK2hA==/oat/x86_64/split_AdsDynamite_installtime.odex) is kOatUpToDate with filter 'speed' executable 'false'
04-06 22:05:56.398  9409 23663 I artd    : GetBestInfo: odex next to the dex file (/data/app/~~scVi5FQG4d-fWzcBuZxYFA==/com.google.android.gms-STD1RVi9lhtf68y-PXK2hA==/oat/x86_64/split_CronetDynamite_installtime.odex) is kOatUpToDate with filter 'speed' executable 'false'
04-06 22:05:56.400  9409 23663 I artd    : GetBestInfo: odex next to the dex file (/data/app/~~scVi5FQG4d-fWzcBuZxYFA==/com.google.android.gms-STD1RVi9lhtf68y-PXK2hA==/oat/x86_64/split_DynamiteLoader_installtime.odex) is kOatUpToDate with filter 'speed' executable 'false'
04-06 22:05:56.421  9409 23663 I artd    : GetBestInfo: odex next to the dex file (/data/app/~~scVi5FQG4d-fWzcBuZxYFA==/com.google.android.gms-STD1RVi9lhtf68y-PXK2hA==/oat/x86_64/split_DynamiteModulesA_installtime.odex) is kOatUpToDate with filter 'speed' executable 'false'
04-06 22:05:56.423  9409 23663 I artd    : GetBestInfo: odex next to the dex file (/data/app/~~scVi5FQG4d-fWzcBuZxYFA==/com.google.android.gms-STD1RVi9lhtf68y-PXK2hA==/oat/x86_64/split_DynamiteModulesC_installtime.odex) is kOatUpToDate with filter 'speed' executable 'false'
04-06 22:05:56.424   587 32321 W android.hardware.audio@7.1-impl.ranchu: pcmWrite:259 pcm_writei failed with 'cannot read/write stream data: I/O error' (-1)
04-06 22:05:56.424   587 32321 E android.hardware.audio@7.1-impl.ranchu: pcmWrite:260 failure: -1
04-06 22:05:56.425  9409 23663 I artd    : GetBestInfo: odex next to the dex file (/data/app/~~scVi5FQG4d-fWzcBuZxYFA==/com.google.android.gms-STD1RVi9lhtf68y-PXK2hA==/oat/x86_64/split_GoogleCertificates_installtime.odex) is kOatUpToDate with filter 'speed' executable 'false'
--
04-06 22:06:39.295   587 32321 E android.hardware.audio@7.1-impl.ranchu: pcmWrite:260 failure: -1
04-06 22:06:39.359   639   749 D AudioFlinger: mixer(0x732e5d8bf790) throttle end: throttle time(8)
04-06 22:06:39.400   587 32321 W android.hardware.audio@7.1-impl.ranchu: pcmWrite:259 pcm_writei failed with 'cannot read/write stream data: I/O error' (-1)
04-06 22:06:39.400   587 32321 E android.hardware.audio@7.1-impl.ranchu: pcmWrite:260 failure: -1
04-06 22:06:39.505   587 32321 W android.hardware.audio@7.1-impl.ranchu: pcmWrite:259 pcm_writei failed with 'cannot read/write stream data: I/O error' (-1)
04-06 22:06:39.505   587 32321 E android.hardware.audio@7.1-impl.ranchu: pcmWrite:260 failure: -1
04-06 22:06:39.610   587 32321 W android.hardware.audio@7.1-impl.ranchu: pcmWrite:259 pcm_writei failed with 'cannot read/write stream data: I/O error' (-1)
04-06 22:06:39.610   587 32321 E android.hardware.audio@7.1-impl.ranchu: pcmWrite:260 failure: -1
04-06 22:06:39.735   639   749 D AudioFlinger: mixer(0x732e5d8bf790) throttle end: throttle time(7)
--
04-06 22:06:40.280   587 32321 E android.hardware.audio@7.1-impl.ranchu: pcmWrite:260 failure: -1
04-06 22:06:40.333 32053 32578 D BufferPoolAccessor2.0: bufferpool2 0x7a1208262688 : 5(40960 size) total buffers - 1(8192 size) used buffers - 7721/7726 (recycle/alloc) - 5/7725 (fetch/transfer)
04-06 22:06:40.400   587 32321 W android.hardware.audio@7.1-impl.ranchu: pcmWrite:259 pcm_writei failed with 'cannot read/write stream data: I/O error' (-1)
04-06 22:06:40.400   587 32321 E android.hardware.audio@7.1-impl.ranchu: pcmWrite:260 failure: -1
04-06 22:06:40.401   639   749 D AudioFlinger: mixer(0x732e5d8bf790) throttle end: throttle time(2)
04-06 22:06:40.419   806  1240 I HalDevMgr: bestIfaceCreationProposal is null, requestIface=STA, existingIface=[name=wlan0 type=STA]
04-06 22:06:40.441   639   749 D AudioFlinger: mixer(0x732e5d8bf790) throttle end: throttle time(1)
04-06 22:06:40.493   639   749 D AF::Track: interceptBuffer: took 565us to intercept 0 tracks
04-06 22:06:40.503   587 32321 W android.hardware.audio@7.1-impl.ranchu: pcmWrite:259 pcm_writei failed with 'cannot read/write stream data: I/O error' (-1)
--
04-06 22:06:43.323   587 32321 W android.hardware.audio@7.1-impl.ranchu: pcmWrite:259 pcm_writei failed with 'cannot read/write stream data: I/O error' (-1)
04-06 22:06:43.324   587 32321 E android.hardware.audio@7.1-impl.ranchu: pcmWrite:260 failure: -1
04-06 22:06:43.400   639   749 D AudioFlinger: mixer(0x732e5d8bf790) throttle end: throttle time(27)
04-06 22:06:43.441   639   749 D AudioFlinger: mixer(0x732e5d8bf790) throttle end: throttle time(4)
04-06 22:06:43.441   587 32321 W android.hardware.audio@7.1-impl.ranchu: pcmWrite:259 pcm_writei failed with 'cannot read/write stream data: I/O error' (-1)
04-06 22:06:43.441   587 32321 E android.hardware.audio@7.1-impl.ranchu: pcmWrite:260 failure: -1
04-06 22:06:43.445   806  1240 I HalDevMgr: bestIfaceCreationProposal is null, requestIface=STA, existingIface=[name=wlan0 type=STA]
04-06 22:06:43.496   639   749 D AudioFlinger: mixer(0x732e5d8bf790) throttle end: throttle time(3)
--
04-06 22:07:07.396  9409  9976 I artd    : GetBestInfo: /data/user_de/0/com.google.android.gms/app_chimera/m/00000010/dl-VisionOcr.optional_260438100000.apk has no usable artifacts
04-06 22:07:07.399  9409  9976 I artd    : GetBestInfo: /data/user/0/com.google.android.gms/app_dg_cache/94DF452EEF4B8E717545DCDEA6CC3C50A319A195/the.apk has no usable artifacts
04-06 22:07:07.400  9409  9976 W artd    : Could not get dex checksums for location /data/app/~~dMoR3MNW6IjpTJxVHYqD8g==/com.android.vending-Kf_ojdVzrO61Q7Fk7BOh-w==/base.apk, fd=-1
04-06 22:07:07.436   587 32321 W android.hardware.audio@7.1-impl.ranchu: pcmWrite:259 pcm_writei failed with 'cannot read/write stream data: I/O error' (-1)
04-06 22:07:07.436   587 32321 E android.hardware.audio@7.1-impl.ranchu: pcmWrite:260 failure: -1
04-06 22:07:07.436 32053 32344 D BufferPoolAccessor2.0: bufferpool2 0x7a12082465e8 : 5(31457280 size) total buffers - 5(31457280 size) used buffers - 4866/4872 (recycle/alloc) - 9/4869 (fetch/transfer)
04-06 22:07:07.492   639   749 D AudioFlinger: mixer(0x732e5d8bf790) throttle end: throttle time(7)
04-06 22:07:07.561   587 32321 W android.hardware.audio@7.1-impl.ranchu: pcmWrite:259 pcm_writei failed with 'cannot read/write stream data: I/O error' (-1)
--
04-06 22:07:31.293   587 32321 W android.hardware.audio@7.1-impl.ranchu: pcmWrite:259 pcm_writei failed with 'cannot read/write stream data: I/O error' (-1)
04-06 22:07:31.293   587 32321 E android.hardware.audio@7.1-impl.ranchu: pcmWrite:260 failure: -1
04-06 22:07:31.400   587 32321 W android.hardware.audio@7.1-impl.ranchu: pcmWrite:259 pcm_writei failed with 'cannot read/write stream data: I/O error' (-1)
04-06 22:07:31.401   587 32321 E android.hardware.audio@7.1-impl.ranchu: pcmWrite:260 failure: -1
04-06 22:07:31.567   806   806 W Looper  : Slow dispatch took 106ms main app=system_server main=true group=FOREGROUND h=com.android.server.power.Notifier$NotifierHandler c=null m=7
04-06 22:07:31.574   806  1305 W EmulatorClipboardMonitor: Failure to read from host clipboard
04-06 22:07:31.574   806  1305 W EmulatorClipboardMonitor: java.io.EOFException
04-06 22:07:31.574   806  1305 W EmulatorClipboardMonitor: 	at com.android.server.clipboard.EmulatorClipboardMonitor.readFully(EmulatorClipboardMonitor.java:230)
--
04-07 06:48:54.392 32053 32344 D BufferPoolAccessor2.0: bufferpool2 0x7a12082465e8 : 5(31457280 size) total buffers - 5(31457280 size) used buffers - 5458/5464 (recycle/alloc) - 9/5463 (fetch/transfer)
04-07 06:48:54.395  3827  3827 D ActivityThread: Package [com.google.android.tts] reported as REPLACED, but missing application info. Assuming REMOVED.
04-07 06:48:54.400  3827  3827 D ActivityThread: Package [com.google.android.apps.photos] reported as REPLACED, but missing application info. Assuming REMOVED.
04-07 06:48:54.402  3827  3827 D ActivityThread: Package [com.google.android.apps.photos] reported as REPLACED, but missing application info. Assuming REMOVED.
04-07 06:48:54.405  3827  3827 D ActivityThread: Package [com.google.android.apps.accessibility.voiceaccess] reported as REPLACED, but missing application info. Assuming REMOVED.
04-07 06:48:54.406 32053 32053 D SPONSOR_BLOCK: Hiding manual skip buttons (UNSKIP)
04-07 06:48:54.409   806  1291 D BackgroundInstallControlService: Package event received: 0
04-07 06:48:54.410  3827  3827 D ActivityThread: Package [com.google.android.apps.accessibility.voiceaccess] reported as REPLACED, but missing application info. Assuming REMOVED.
--
04-07 06:48:55.163 32053 32053 D BasePlayerGestListener: onDown called with e = [MotionEvent { action=ACTION_DOWN, actionButton=0, id[0]=0, x[0]=559.97363, y[0]=242.93262, toolType[0]=TOOL_TYPE_FINGER, buttonState=0, classification=NONE, metaState=0, flags=0x0, edgeFlags=0x0, pointerCount=1, historySize=0, eventTime=18186582, downTime=18186582, deviceId=4, source=0x5002, displayId=0, eventId=205809767 }]
04-07 06:48:55.178   806   834 I DisplayDeviceRepository: Display device changed render timings: "Built-in Screen", renderFrameRate=60.000004, presentationDeadlineNanos=16666666, appVsyncOffsetNanos=1000000, frameRateOverrides=[]
04-07 06:48:55.192 23182 32725 I AlarmManager: setExactAndAllowWhileIdle [name: RemindersNSREFRESH_TIME_REMINDERS_ALARM type: 0 triggerAtMillis: 1775606400000]
04-07 06:48:55.193   806   851 D BatteryStatsImpl: Reading cpu stats took 184ms
04-07 06:48:55.213 23182 32724 I SystemUpdate: [Execution,InstallationIntentOperation] Received intent: Intent { act=com.google.android.gms.update.INSTALL_UPDATE cat=[targeted_intent_op_prefix:.update.execution.InstallationIntentOperation] xflg=0x4 cmp=com.google.android.gms/.chimera.GmsIntentOperationService (has extras) }.
04-07 06:48:55.220   587 32321 W android.hardware.audio@7.1-impl.ranchu: pcmWrite:259 pcm_writei failed with 'cannot read/write stream data: I/O error' (-1)
04-07 06:48:55.220   587 32321 E android.hardware.audio@7.1-impl.ranchu: pcmWrite:260 failure: -1
04-07 06:48:55.241 23182 32726 I AlarmManager: setExactAndAllowWhileIdle [name: RemindersNSREFRESH_TIME_REMINDERS_ALARM type: 0 triggerAtMillis: 1775606400000]
04-07 06:48:55.250  1630  1671 D AlphabeticIndexCompat: computeSectionName: cs: Calendar sectionName: C
04-07 06:48:55.263 23182 32724 I SystemUpdate: [Execution,ExecutionManager] Start action execution: finished-execution
04-07 06:48:55.264 23182 32724 I SystemUpdate: [Execution,ExecutionManager] Action finished-execution executed for 0.03 seconds.
04-07 06:48:55.269  1630  1630 D AllAppsStore: setApps: apps.length=23
04-07 06:48:55.269  1630  1630 D AllAppsStore: notifyUpdate: notifying listeners
--
04-07 06:48:55.331  1630  1630 D ActivityAllAppsContainerView: rebindAdapters: Not needed.
04-07 06:48:55.334   806   841 D ActivityManager: sync unfroze 29067 com.google.android.googlequicksearchbox:googleapp for 10
04-07 06:48:55.336  1340  2653 I HWUI    : Davey! duration=988ms; Flags=0, FrameTimelineVsyncId=647595, IntendedVsync=18185874483436, Vsync=18186141150092, InputEventId=0, HandleInputStart=18186150338075, AnimationStart=18186150356275, PerformTraversalsStart=18186150377375, DrawStart=18186759956875, FrameDeadline=18185891150102, FrameStartTime=18186148491375, FrameInterval=16666666, WorkloadTarget=16666666, SyncQueued=18186841393175, SyncStart=18186842360575, IssueDrawCommandsStart=18186842851075, SwapBuffers=18186843458375, FrameCompleted=18186864003875, DequeueBufferDuration=20100, QueueBufferDuration=510100, GpuCompleted=18186863908375, SwapBuffersCompleted=18186864003875, DisplayPresentTime=0, CommandSubmissionCompleted=18186843458375, 
04-07 06:48:55.394  1630  1630 D StatsLog: LAUNCHER_ALLAPPS_COUNT
04-07 06:48:55.396  1630  1630 D AlphabeticalAppsList: Clearing FastScrollerSections.
04-07 06:48:55.400   806   851 E BluetoothPowerStatsCollector: Cannot acquire BluetoothActivityEnergyInfo
04-07 06:48:55.400   806   851 E BluetoothPowerStatsCollector: java.util.concurrent.ExecutionException: java.lang.RuntimeException: error: 11
04-07 06:48:55.400   806   851 E BluetoothPowerStatsCollector: 	at java.util.concurrent.CompletableFuture.reportGet(CompletableFuture.java:372)
04-07 06:48:55.400   806   851 E BluetoothPowerStatsCollector: 	at java.util.concurrent.CompletableFuture.get(CompletableFuture.java:2072)
04-07 06:48:55.400   806   851 E BluetoothPowerStatsCollector: 	at com.android.server.power.stats.BluetoothPowerStatsCollector.collectBluetoothActivityInfo(BluetoothPowerStatsCollector.java:191)
04-07 06:48:55.400   806   851 E BluetoothPowerStatsCollector: 	at com.android.server.power.stats.BluetoothPowerStatsCollector.collectStats(BluetoothPowerStatsCollector.java:155)
04-07 06:48:55.400   806   851 E BluetoothPowerStatsCollector: 	at com.android.server.power.stats.PowerStatsCollector.collectAndDeliverStats(PowerStatsCollector.java:196)
04-07 06:48:55.400   806   851 E BluetoothPowerStatsCollector: 	at com.android.server.power.stats.PowerStatsCollector.lambda$forceSchedule$1(PowerStatsCollector.java:185)
04-07 06:48:55.400   806   851 E BluetoothPowerStatsCollector: 	at com.android.server.power.stats.PowerStatsCollector.$r8$lambda$S8t6eDCBuELjdSNvyveTMprEzE0(PowerStatsCollector.java:0)
04-07 06:48:55.400   806   851 E BluetoothPowerStatsCollector: 	at com.android.server.power.stats.PowerStatsCollector$$ExternalSyntheticLambda0.run(R8$$SyntheticClass:0)
04-07 06:48:55.400   806   851 E BluetoothPowerStatsCollector: 	at android.os.Handler.handleCallback(Handler.java:1070)
04-07 06:48:55.400   806   851 E BluetoothPowerStatsCollector: 	at android.os.Handler.dispatchMessage(Handler.java:125)
04-07 06:48:55.400   806   851 E BluetoothPowerStatsCollector: 	at android.os.Looper.dispatchMessage(Looper.java:333)
04-07 06:48:55.400   806   851 E BluetoothPowerStatsCollector: 	at android.os.Looper.loopOnce(Looper.java:263)
04-07 06:48:55.400   806   851 E BluetoothPowerStatsCollector: 	at android.os.Looper.loop(Looper.java:367)
04-07 06:48:55.400   806   851 E BluetoothPowerStatsCollector: 	at android.os.HandlerThread.run(HandlerThread.java:139)
04-07 06:48:55.400   806   851 E BluetoothPowerStatsCollector: Caused by: java.lang.RuntimeException: error: 11
04-07 06:48:55.400   806   851 E BluetoothPowerStatsCollector: 	at com.android.server.power.stats.BluetoothPowerStatsCollector$1.onBluetoothActivityEnergyInfoError(BluetoothPowerStatsCollector.java:180)
04-07 06:48:55.400   806   851 E BluetoothPowerStatsCollector: 	at android.bluetooth.BluetoothAdapter$OnBluetoothActivityEnergyInfoProxy.lambda$onBluetoothActivityEnergyInfoAvailable$0(BluetoothAdapter.java:1010)
04-07 06:48:55.400   806   851 E BluetoothPowerStatsCollector: 	at android.bluetooth.BluetoothAdapter$OnBluetoothActivityEnergyInfoProxy.$r8$lambda$ks_hN9Vo_x2Jp1k5f-s67WiAd4A(Unknown Source:0)
04-07 06:48:55.400   806   851 E BluetoothPowerStatsCollector: 	at android.bluetooth.BluetoothAdapter$OnBluetoothActivityEnergyInfoProxy$$ExternalSyntheticLambda0.run(D8$$SyntheticClass:0)
04-07 06:48:55.400   806   851 E BluetoothPowerStatsCollector: 	at android.bluetooth.BluetoothUtils.lambda$executeFromBinder$0(BluetoothUtils.java:346)
04-07 06:48:55.400   806   851 E BluetoothPowerStatsCollector: 	at android.bluetooth.BluetoothUtils$$ExternalSyntheticLambda1.run(D8$$SyntheticClass:0)
04-07 06:48:55.400   806   851 E BluetoothPowerStatsCollector: 	at com.android.server.SystemServerInitThreadPool$$ExternalSyntheticLambda0.execute(R8$$SyntheticClass:0)
04-07 06:48:55.400   806   851 E BluetoothPowerStatsCollector: 	at android.bluetooth.BluetoothUtils.executeFromBinder(BluetoothUtils.java:346)
04-07 06:48:55.400   806   851 E BluetoothPowerStatsCollector: 	at android.bluetooth.BluetoothAdapter$OnBluetoothActivityEnergyInfoProxy.onBluetoothActivityEnergyInfoAvailable(BluetoothAdapter.java:1008)
04-07 06:48:55.400   806   851 E BluetoothPowerStatsCollector: 	at android.bluetooth.IBluetoothActivityEnergyInfoListener$Stub.onTransact(IBluetoothActivityEnergyInfoListener.java:98)
04-07 06:48:55.400   806   851 E BluetoothPowerStatsCollector: 	at android.os.Binder.execTransactInternal(Binder.java:1478)
04-07 06:48:55.400   806   851 E BluetoothPowerStatsCollector: 	at android.os.Binder.execTransact(Binder.java:1418)
04-07 06:48:55.403 32053 32053 D SPONSOR_BLOCK: Hiding manual skip buttons (UNSKIP)
04-07 06:48:55.428   587 32321 W android.hardware.audio@7.1-impl.ranchu: pcmWrite:259 pcm_writei failed with 'cannot read/write stream data: I/O error' (-1)
04-07 06:48:55.428   587 32321 E android.hardware.audio@7.1-impl.ranchu: pcmWrite:260 failure: -1
04-07 06:48:55.433  1630  1630 D AlphabeticalAppsList: Adding apps with sections. HasPrivateApps: false
04-07 06:48:55.433  1630  1630 D AlphabeticalAppsList: addAppsWithSections: adding sectionName: C with appInfoTitle: Calendar
--
04-07 06:48:56.775 29028 29109 I csfe    : (REDACTED) MDD.getFileGroup(%s)
04-07 06:48:56.775   639 10309 W APM::HwModule: getDeviceDescriptor: could not find HW module for device  (AUDIO_DEVICE_OUT_WIRED_HEADPHONE, 00000008) address 
04-07 06:48:56.775   639 10309 W APM::HwModule: getDeviceDescriptor: could not find HW module for device  (AUDIO_DEVICE_OUT_USB_HEADSET, 04000000) address 
04-07 06:48:56.788   587 32321 W android.hardware.audio@7.1-impl.ranchu: pcmWrite:259 pcm_writei failed with 'cannot read/write stream data: I/O error' (-1)
04-07 06:48:56.788   587 32321 E android.hardware.audio@7.1-impl.ranchu: pcmWrite:260 failure: -1
04-07 06:48:56.809 29028 29061 I csfe    : (REDACTED) Loading %s from MDD with name=%s version=%d BuildId= %d
04-07 06:48:56.816 29028 29108 I csfe    : (REDACTED) [SRM] [Hotword] get hotword model config success, %d locales.
04-07 06:48:56.816 29028 29108 I csfe    : (REDACTED) MDD.EmbeddedAssetManifestPopulator.refreshFileGroups(%s)
--
04-07 06:48:56.912  3885 32723 D DatabaseUtils: insert() battery event data into database
04-07 06:48:56.913  3885 32723 D DatabaseUtils: sendBatteryEventData() size=5 in 7/ms
04-07 06:48:56.913  3885 32723 D BatteryUsageDataLoader: preprocessBatteryUsageSlots() batteryLevelData=dailyBatteryLevels: timestamps: [1775512800000, 1775520000000, 1775541600000]; levels: [100, 100, -1]; hourlyBatteryLevelsPerDay: [timestamps: [1775512800000, 1775520000000]; levels: [100, 100], timestamps: [1775520000000, 1775527200000, 1775534400000, 1775541600000]; levels: [100, -1, -1, -1]] in 53/ms
04-07 06:48:56.913  3885 32723 D BatteryUsageDataLoader: loadUsageDataSafely() in 2205/ms
04-07 06:48:56.913 29028 29108 I crhh    : Using default weather temperature preference
04-07 06:48:56.940  3885 21848 D DatabaseUtils: sixDaysAgoTimestamp: Apr 01, 2026, 00:00:00
04-07 06:48:56.940  3885 21848 D BatteryUsageContentProvider: getQueryUserIds from uri: content://com.android.settings.battery.usage.provider/AppUsageEvent?timestamp=1775502000000&userid=0
04-07 06:48:56.940  3885 21848 D BatteryUsageContentProvider: getQueryTimestamp from uri: content://com.android.settings.battery.usage.provider/AppUsageEvent?timestamp=1775502000000&userid=0
--
04-07 06:48:58.651 32053 32053 I ExoPlayerImpl: Release 5d4b697 [ExoPlayerLib/2.19.1] [emu64xa, sdk_gphone64_x86_64, Google, 36] [goog.exo.core, goog.exo.mediasession, goog.exo.database, goog.exo.exoplayer, goog.exo.decoder, goog.exo.dash, goog.exo.datasource, goog.exo.extractor]
04-07 06:48:58.652  1340  1590 D MediaDataManager: State updated outside of notification
04-07 06:48:58.656 12199 12199 E MediaControlProfile: onCurrentPlayerStateUpdated: base actions not supported, player actions= 400, expected at least= 7f
04-07 06:48:58.657  1340  1340 W ConstraintSet: id unknown seamless_vertical_guideline
04-07 06:48:58.657  1340  1340 W ConstraintSet: id unknown action_button_guideline
04-07 06:48:58.657  1340  1340 W ConstraintSet: id unknown icon
04-07 06:48:58.657  1340  1340 W ConstraintSet: id unknown device_suggestion_container
04-07 06:48:58.657  1340  1340 W ConstraintSet: id unknown media_session_vertical_barrier
--
04-07 06:48:58.882 32053 32053 D LeakCanary: Watching instance of androidx.lifecycle.SavedStateHandlesVM (androidx.lifecycle.SavedStateHandlesVM received ViewModel#onCleared() callback) with key ee826c2f-26ee-4978-8812-e86795462bae
04-07 06:48:58.882 32053 32053 D LeakCanary: Watching instance of leakcanary.internal.ViewModelClearedWatcher (leakcanary.internal.ViewModelClearedWatcher received ViewModel#onCleared() callback) with key babfe163-7cab-4dc3-9a3f-228768715ec0
04-07 06:48:58.882 32053 32053 D LeakCanary: Watching instance of androidx.loader.app.LoaderManagerImpl$LoaderViewModel (androidx.loader.app.LoaderManagerImpl$LoaderViewModel received ViewModel#onCleared() callback) with key 5e74001f-3618-4631-b194-db92c39ad9a9
04-07 06:48:58.882 32053 32053 D StateSaver: onDestroy() called with: savedState = [null]
04-07 06:48:58.883 32053 32053 D LeakCanary: Watching instance of org.schabi.newpipe.fragments.list.comments.CommentsFragment (org.schabi.newpipe.fragments.list.comments.CommentsFragment received Fragment#onDestroy() callback) with key 24fe6d9a-5beb-482b-aff2-76ba31b8cdf3
04-07 06:48:58.888 32053 32053 D LeakCanary: Watching instance of android.widget.RelativeLayout (org.schabi.newpipe.fragments.list.videos.RelatedItemsFragment received Fragment#onDestroyView() callback (references to its views should be cleared to prevent leaks)) with key 704bab11-b2da-45ec-b8ff-64e73a778a41
04-07 06:48:58.888 32053 32053 D LeakCanary: Watching instance of androidx.lifecycle.SavedStateHandlesVM (androidx.lifecycle.SavedStateHandlesVM received ViewModel#onCleared() callback) with key c9cd512b-4868-43af-abfd-2a1bbd3b0ba0
04-07 06:48:58.888 32053 32053 D LeakCanary: Watching instance of leakcanary.internal.ViewModelClearedWatcher (leakcanary.internal.ViewModelClearedWatcher received ViewModel#onCleared() callback) with key a3ce5206-3c1e-4359-9777-af8d7ee8f2c0
--
04-07 06:49:02.546  1630  1630 D BaseDepthController: 	mBaseSurface: Surface(name=com.google.android.apps.nexuslauncher/com.google.android.apps.nexuslauncher.NexusLauncherActivity#2129)/@0x6263018
04-07 06:49:02.546  1630  1630 V BaseDepthController: Applying blur: 79 to Surface(name=com.google.android.apps.nexuslauncher/com.google.android.apps.nexuslauncher.NexusLauncherActivity#2129)/@0x6263018 applyImmediately: false
04-07 06:49:02.546  1630  1630 D BaseDepthController: shouldBlurWorkspace: true targetState: AllApps currentStableState: AllApps mCurrentBlur: 79 mLauncher.getDepthBlurTargets(): [com.android.launcher3.Workspace{1f479f2 V.ED..... ......ID 0,0-1080,2400 #7f0a049d app:id/workspace}, com.android.launcher3.Hotseat{56bd843 V.ED..... ......ID 0,1905-1080,2400 #7f0a01ee app:id/hotseat}]
04-07 06:49:02.570   806   932 D ActivityManager: sync unfroze 22855 com.google.android.partnersetup for 6
04-07 06:49:02.585 22855 22855 D ActivityThread: Package [com.google.android.googlequicksearchbox] reported as REPLACED, but missing application info. Assuming REMOVED.
04-07 06:49:02.604 22855 22855 D ActivityThread: Package [com.google.android.googlequicksearchbox] reported as REPLACED, but missing application info. Assuming REMOVED.
04-07 06:49:02.609 22855 22855 D ActivityThread: Package [com.google.android.youtube] reported as REPLACED, but missing application info. Assuming REMOVED.
04-07 06:49:02.612 22855 22855 D ActivityThread: Package [com.google.android.youtube] reported as REPLACED, but missing application info. Assuming REMOVED.
--
04-07 06:49:02.940  1340  1628 V WindowManagerShell: onTransitionReady(transaction=3461743663113)
04-07 06:49:02.940  1340  1399 V WindowManagerShell: onTransitionReady (#193) android.os.BinderProxy@e04df9d: {id=193 t=CLOSE f=0x0 trk=0 r=[0@Point(0, 0)] c=[
04-07 06:49:02.940  1340  1399 V WindowManagerShell:         {m=TO_FRONT f=SHOW_WALLPAPER|MOVE_TO_TOP leash=Surface(name=Task=1#44)/@0x4a33c12 sb=Rect(0, 0 - 1080, 2400) eb=Rect(0, 0 - 1080, 2400) epz=Point(1080, 2400) d=0 taskParent=-1 winMode=1 userId=0},
04-07 06:49:02.940  1340  1399 V WindowManagerShell:         {m=CLOSE f=NONE leash=Surface(name=Task=52#2079)/@0xdba3fe3 sb=Rect(0, 0 - 1080, 2400) eb=Rect(0, 0 - 1080, 2400) epz=Point(1080, 2400) d=0 taskParent=-1 winMode=1 userId=0},
04-07 06:49:02.940  1340  1399 V WindowManagerShell:         {m=TO_FRONT f=IS_WALLPAPER leash=Surface(name=WallpaperWindowToken{90ba66}#62)/@0x4568de0 sb=Rect(0, 0 - 1080, 2400) eb=Rect(0, 0 - 1080, 2400) epz=Point(1080, 2400) d=0}
04-07 06:49:02.940  1340  1399 V WindowManagerShell:     ]}
04-07 06:49:02.940  1340  1399 V WindowManagerShell: Playing animation for (#193) android.os.BinderProxy@e04df9d@0
04-07 06:49:02.941  1340  1399 V ShellRecents: RecentsTransitionHandler.startAnimation: no controller found
04-07 06:49:02.941  1340  1399 V ShellDesktopMode: DesktopMixedTransitionHandler: No pending desktop transition
04-07 06:49:02.941  1340  1399 V WindowManagerShell: Transition doesn't have explicit remote, search filters for match for {id=193 t=CLOSE f=0x0 trk=0 r=[0@Point(0, 0)] c=[{m=TO_FRONT f=SHOW_WALLPAPER|MOVE_TO_TOP leash=Surface(name=Task=1#44)/@0x4a33c12 sb=Rect(0, 0 - 1080, 2400) eb=Rect(0, 0 - 1080, 2400) epz=Point(1080, 2400) d=0 taskParent=-1 winMode=1 userId=0},{m=CLOSE f=NONE leash=Surface(name=Task=52#2079)/@0xdba3fe3 sb=Rect(0, 0 - 1080, 2400) eb=Rect(0, 0 - 1080, 2400) epz=Point(1080, 2400) d=0 taskParent=-1 winMode=1 userId=0},{m=TO_FRONT f=IS_WALLPAPER leash=Surface(name=WallpaperWindowToken{90ba66}#62)/@0x4568de0 sb=Rect(0, 0 - 1080, 2400) eb=Rect(0, 0 - 1080, 2400) epz=Point(1080, 2400) d=0}]}
04-07 06:49:02.941  1340  1399 V WindowManagerShell:  Checking filter Pair{{types=[] flags=0x0] notFlags=0x0 checks=[{atype=undefined independent=true modes=[CLOSE,TO_BACK] flags=IN_TASK_WITH_EMBEDDED_ACTIVITY mustBeTask=false order=ANY topActivity=null launchCookie=null taskFragmentToken=android.os.BinderProxy@bcc1839 windowingMode=undefined isCrossDisplayMove=false}]} RemoteTransition { remoteTransition = android.window.IRemoteTransition$Stub$Proxy@a5dde7e, appThread = android.app.IApplicationThread$Stub$Proxy@7364fdf, debugName = overlayBackTransition }}
04-07 06:49:02.941  1340  1399 V WindowManagerShell:  Checking filter Pair{{types=[] flags=0x0] notFlags=0x0 checks=[{atype=dream independent=true modes=[OPEN,TO_FRONT] flags=NONE mustBeTask=false order=ANY topActivity=null launchCookie=null windowingMode=undefined isCrossDisplayMove=false},{atype=home independent=true modes=[CLOSE,TO_BACK] flags=NONE mustBeTask=false order=ANY topActivity=null launchCookie=null windowingMode=undefined isCrossDisplayMove=false}]} RemoteTransition { remoteTransition = android.window.IRemoteTransition$Stub$Proxy@e2c2dcf, appThread = android.app.IApplicationThread$Stub$Proxy@bdec35c, debugName = LauncherToDream }}
04-07 06:49:02.941  1340  1399 V WindowManagerShell:  Checking filter Pair{{types=[] flags=0x0] notFlags=0x100 checks=[{atype=home independent=true modes=[OPEN,TO_FRONT] flags=NONE mustBeTask=false order=TOP topActivity=ComponentInfo{com.google.android.apps.nexuslauncher/com.google.android.apps.nexuslauncher.NexusLauncherActivity} launchCookie=null windowingMode=undefined isCrossDisplayMove=false},{atype=standard independent=true modes=[CLOSE,TO_BACK] flags=NONE mustBeTask=false order=ANY topActivity=null launchCookie=null windowingMode=undefined isCrossDisplayMove=false},{NOT atype=undefined independent=true modes=[] flags=NONE mustBeTask=true order=ANY topActivity=null launchCookie=null customAnim=true windowingMode=undefined isCrossDisplayMove=false}]} RemoteTransition { remoteTransition = android.window.IRemoteTransition$Stub$Proxy@2876665, appThread = android.app.IApplicationThread$Stub$Proxy@bf78f3a, debugName = QuickstepLaunchHome }}
04-07 06:49:02.942  1340  1399 D RemoteTransitionHandler: Found filterPair{{types=[] flags=0x0] notFlags=0x100 checks=[{atype=home independent=true modes=[OPEN,TO_FRONT] flags=NONE mustBeTask=false order=TOP topActivity=ComponentInfo{com.google.android.apps.nexuslauncher/com.google.android.apps.nexuslauncher.NexusLauncherActivity} launchCookie=null windowingMode=undefined isCrossDisplayMove=false},{atype=standard independent=true modes=[CLOSE,TO_BACK] flags=NONE mustBeTask=false order=ANY topActivity=null launchCookie=null windowingMode=undefined isCrossDisplayMove=false},{NOT atype=undefined independent=true modes=[] flags=NONE mustBeTask=true order=ANY topActivity=null launchCookie=null customAnim=true windowingMode=undefined isCrossDisplayMove=false}]} RemoteTransition { remoteTransition = android.window.IRemoteTransition$Stub$Proxy@2876665, appThread = android.app.IApplicationThread$Stub$Proxy@bf78f3a, debugName = QuickstepLaunchHome }}
04-07 06:49:02.942  1340  1399 V WindowManagerShell:  Delegate animation for (#193) to RemoteTransition { remoteTransition = android.window.IRemoteTransition$Stub$Proxy@2876665, appThread = android.app.IApplicationThread$Stub$Proxy@bf78f3a, debugName = QuickstepLaunchHome }
--
04-07 06:49:02.968   598   598 I RanchuHwc: logCompositionFallbackIfChanged: layer 531 CompositionType fallback from 2 to 1
04-07 06:49:02.972   806   831 V WindowManager:     info={id=193 t=CLOSE f=0x0 trk=0 r=[0@Point(0, 0)] c=[
04-07 06:49:02.972   806   831 V WindowManager:         {WCT{RemoteToken{52957d7 Task{66d59ec #1 type=home}}} m=TO_FRONT f=SHOW_WALLPAPER|MOVE_TO_TOP leash=Surface(name=Task=1#44)/@0x2766218 sb=Rect(0, 0 - 1080, 2400) eb=Rect(0, 0 - 1080, 2400) epz=Point(1080, 2400) d=0 taskParent=-1 winMode=1 userId=0},
04-07 06:49:02.972   806   831 V WindowManager:         {WCT{RemoteToken{ad0221b Task{bfb551a #52 type=standard A=10239:org.polymorphicshade.tubular.debug}}} m=CLOSE f=NONE leash=Surface(name=Task=52#2079)/@0xdf334ff sb=Rect(0, 0 - 1080, 2400) eb=Rect(0, 0 - 1080, 2400) epz=Point(1080, 2400) d=0 taskParent=-1 winMode=1 userId=0},
04-07 06:49:02.972   806   831 V WindowManager:         {m=TO_FRONT f=IS_WALLPAPER leash=Surface(name=WallpaperWindowToken{90ba66}#62)/@0xbc2b78a sb=Rect(0, 0 - 1080, 2400) eb=Rect(0, 0 - 1080, 2400) epz=Point(1080, 2400) d=0}
04-07 06:49:02.972   806   831 V WindowManager:     ]}
04-07 06:49:02.974  1630  1630 D LauncherStateManager: StateManager.cancelAnimation: animation ongoing: false, partial trace:
04-07 06:49:02.974  1630  1630 D LauncherStateManager: 	at com.android.launcher3.statemanager.StateManager.setCurrentAnimation(go/retraceme f3a19d912c87c27267cfbc05ba0bc7b202ab72a6648bd76225f5f7e128d94583:18)
