04-06 19:02:46.915 15602 15602 D Player  : onPaused() called
04-06 19:02:46.916   806  2287 E AppOps  : attributionTag  not declared in manifest of org.polymorphicshade.tubular.debug
04-06 19:02:46.916 15602 15602 D NotificationUtil: updateNotification()
04-06 19:02:46.917   806  2287 E AppOps  : attributionTag  not declared in manifest of org.polymorphicshade.tubular.debug
04-06 19:02:46.926 12199 12199 I MediaPlayerList: updateMediaForAudioPlayback: Active player is playing, drop it
04-06 19:02:46.928 12199 12199 I MediaPlayerList: updateMediaForAudioPlayback: Active player is playing, drop it
04-06 19:02:46.930 15602 15602 D VideoPlayerUi: showControls() called
04-06 19:02:46.933 15602 15602 D Player  : saveStreamProgressState() called with: progressMillis=78941, currentMetadata=[Learn the basics of Google Antigravity]
04-06 19:02:46.934   806  2369 D MediaSessionService: onSessionPlaybackStateChanged: record=org.polymorphicshade.tubular.debug/MediaSessionPlayerServ/5 (userId=0) playbackState=PlaybackState {state=PAUSED(2), position=78941, buffered position=129629, speed=0.0, updated=7099254, actions=2365311, custom actions=[Action:mName='Current mode: Repeat none. Toggle repeat mode., mIcon=2131230910, mExtras=null, Action:mName='Close, mIcon=2131230976, mExtras=null], active item id=0, error=null}
04-06 19:02:46.935   806  1291 D BackgroundInstallControlService: Package event received: 0
04-06 19:02:46.937 12199 12199 I bluetooth: system/btif/avrcp/avrcp_service.cc:532 SendMediaUpdate: track_changed=false :  play_state=true :  queue=false
04-06 19:02:46.941 12199 12199 W MediaControlGattService: Feature PLAYBACK_SPEED support: true
04-06 19:02:46.941 12199 12199 W MediaControlGattService: Feature PLAYBACK_SPEED support: true
04-06 19:02:46.941 12199 12199 W MediaControlGattService: Feature PLAYBACK_SPEED support: true
04-06 19:02:46.941 12199 12199 W MediaControlGattService: Feature PLAYBACK_SPEED_NOTIFY support: true
04-06 19:02:46.942 12199 12199 I BluetoothAdapterProperties: getBondedDevices: length=0
04-06 19:02:46.942 12199 12199 W MediaControlGattService: Feature TRACK_POSITION support: true
04-06 19:02:46.942 12199 12199 W MediaControlGattService: Feature TRACK_POSITION_NOTIFY support: true
04-06 19:02:46.942 12199 12199 W MediaControlGattService: Feature MEDIA_STATE support: true
04-06 19:02:46.942 12199 12199 W MediaControlGattService: Feature MEDIA_STATE support: true
04-06 19:02:46.943 12199 12199 I BluetoothAdapterProperties: getBondedDevices: length=0
04-06 19:02:46.943 12199 12199 W MediaControlGattService: Feature PLAYER_NAME support: true
04-06 19:02:46.943 12199 12199 W MediaControlGattService: Feature PLAYER_NAME support: true
04-06 19:02:46.943 12199 12199 W MediaControlGattService: Feature MEDIA_CONTROL_POINT_OPCODES_SUPPORTED support: true
04-06 19:02:46.943 12199 12199 W MediaControlGattService: Feature MEDIA_STATE support: true
04-06 19:02:46.943 12199 12199 W MediaControlGattService: Feature MEDIA_STATE support: true
04-06 19:02:46.944 12199 12199 I BluetoothAdapterProperties: getBondedDevices: length=0
04-06 19:02:46.944 12199 12199 W MediaControlGattService: Feature MEDIA_STATE support: true
04-06 19:02:46.944 12199 12199 W MediaControlGattService: Feature SEEKING_SPEED support: true
04-06 19:02:46.944 12199 12199 W MediaControlGattService: Feature SEEKING_SPEED support: true
04-06 19:02:46.944 12199 12199 W MediaControlGattService: Feature SEEKING_SPEED support: true
04-06 19:02:46.945  1340  1590 D MediaDataManager: State updated outside of notification
04-06 19:02:46.949  1340  1340 W ConstraintSet: id unknown seamless_vertical_guideline
04-06 19:02:46.949  1340  1340 W ConstraintSet: id unknown action_button_guideline
04-06 19:02:46.949  1340  1340 W ConstraintSet: id unknown icon
04-06 19:02:46.949  1340  1340 W ConstraintSet: id unknown device_suggestion_container
04-06 19:02:46.949  1340  1340 W ConstraintSet: id unknown media_session_vertical_barrier
04-06 19:02:46.949  1340  1340 W ConstraintSet: id unknown media_seamless
04-06 19:02:46.950  1340  1340 W ConstraintSet: id unknown media_action_barrier_start
04-06 19:02:46.950  1340  1340 W ConstraintSet: id unknown media_action_barrier_end
04-06 19:02:46.950  1340  1340 W ConstraintSet: id unknown media_action_barrier_top
04-06 19:02:46.950  1340  1340 W ConstraintSet: id unknown remove_text
04-06 19:02:46.950  1340  1340 W ConstraintSet: id unknown settings
04-06 19:02:46.950  1340  1340 W ConstraintSet: id unknown dismiss
04-06 19:02:46.950  1340  1340 W ConstraintSet: id unknown cancel
04-06 19:02:46.954  1340  1340 W ConstraintSet: id unknown seamless_vertical_guideline
04-06 19:02:46.954  1340  1340 W ConstraintSet: id unknown action_button_guideline
04-06 19:02:46.954  1340  1340 W ConstraintSet: id unknown icon
04-06 19:02:46.954  1340  1340 W ConstraintSet: id unknown device_suggestion_container
04-06 19:02:46.954  1340  1340 W ConstraintSet: id unknown media_session_vertical_barrier
04-06 19:02:46.955  1340  1340 W ConstraintSet: id unknown media_seamless
04-06 19:02:46.955  1340  1340 W ConstraintSet: id unknown media_action_barrier_start
04-06 19:02:46.955  1340  1340 W ConstraintSet: id unknown media_action_barrier_end
04-06 19:02:46.955  1340  1340 W ConstraintSet: id unknown media_action_barrier_top
04-06 19:02:46.955  1340  1340 W ConstraintSet: id unknown remove_text
04-06 19:02:46.955  1340  1340 W ConstraintSet: id unknown settings
04-06 19:02:46.955  1340  1340 W ConstraintSet: id unknown dismiss
04-06 19:02:46.955  1340  1340 W ConstraintSet: id unknown cancel
04-06 19:02:47.135  2113  2894 W AiAiEcho: LyftNotificationParser Ridesharing ETA not enabled
04-06 19:02:47.135  2113  2894 I AiAiEcho: SmartspaceNotificationPredictor no parser can handle this notification or notification is invalid
04-06 19:02:47.348 15602 15602 D MediaSourceManager@186171489: MediaSource - loadImmediate() called
04-06 19:02:47.348 15602 15602 D MediaSourceManager@186171489: MediaSource - maybeClearLoaders() called.
04-06 19:02:47.348 15602 15602 D MediaSourceManager@186171489: maybeLoadItem() called.
04-06 19:02:49.090   806  1240 I HalDevMgr: bestIfaceCreationProposal is null, requestIface=STA, existingIface=[name=wlan0 type=STA]
04-06 19:02:49.617   592 15834 W C2BqBuffer: last successful dequeue was 2649038 us ago, 230 consecutive failures
04-06 19:02:50.020   587  7533 D android.hardware.audio@7.1-impl.ranchu: threadLoop: entering standby, frames: 38443392
04-06 19:02:50.020   587  7533 D android.hardware.audio@7.1-impl.ranchu: ~TinyalsaSink: joining consumeThread
04-06 19:02:50.030   587 15874 D android.hardware.audio@7.1-impl.ranchu: consumeThread: exiting
04-06 19:02:50.031   587  7533 D android.hardware.audio@7.1-impl.ranchu: ~TinyalsaSink: stopping PCM stream
04-06 19:02:51.547 15892 15892 W libbinder.BackendUnifiedServiceManager: Thread Pool max thread count is 0. Cannot cache binder as linkToDeath cannot be implemented. serviceName: package
04-06 19:02:51.654  9409  9410 I artd    : GetBestInfo: odex next to the dex file (/data/app/~~scVi5FQG4d-fWzcBuZxYFA==/com.google.android.gms-STD1RVi9lhtf68y-PXK2hA==/oat/x86_64/base.odex) is kOatUpToDate with filter 'speed-profile' executable 'false'
04-06 19:02:51.657  9409  9410 I artd    : GetBestInfo: odex next to the dex file (/data/app/~~scVi5FQG4d-fWzcBuZxYFA==/com.google.android.gms-STD1RVi9lhtf68y-PXK2hA==/oat/x86_64/split_AdsDynamite_installtime.odex) is kOatUpToDate with filter 'speed' executable 'false'
04-06 19:02:51.659  9409  9410 I artd    : GetBestInfo: odex next to the dex file (/data/app/~~scVi5FQG4d-fWzcBuZxYFA==/com.google.android.gms-STD1RVi9lhtf68y-PXK2hA==/oat/x86_64/split_CronetDynamite_installtime.odex) is kOatUpToDate with filter 'speed' executable 'false'
04-06 19:02:51.661  9409  9410 I artd    : GetBestInfo: odex next to the dex file (/data/app/~~scVi5FQG4d-fWzcBuZxYFA==/com.google.android.gms-STD1RVi9lhtf68y-PXK2hA==/oat/x86_64/split_DynamiteLoader_installtime.odex) is kOatUpToDate with filter 'speed' executable 'false'
04-06 19:02:51.662  9409  9410 I artd    : GetBestInfo: odex next to the dex file (/data/app/~~scVi5FQG4d-fWzcBuZxYFA==/com.google.android.gms-STD1RVi9lhtf68y-PXK2hA==/oat/x86_64/split_DynamiteModulesA_installtime.odex) is kOatUpToDate with filter 'speed' executable 'false'
04-06 19:02:51.663  9409  9410 I artd    : GetBestInfo: odex next to the dex file (/data/app/~~scVi5FQG4d-fWzcBuZxYFA==/com.google.android.gms-STD1RVi9lhtf68y-PXK2hA==/oat/x86_64/split_DynamiteModulesC_installtime.odex) is kOatUpToDate with filter 'speed' executable 'false'
04-06 19:02:51.665  9409  9410 I artd    : GetBestInfo: odex next to the dex file (/data/app/~~scVi5FQG4d-fWzcBuZxYFA==/com.google.android.gms-STD1RVi9lhtf68y-PXK2hA==/oat/x86_64/split_GoogleCertificates_installtime.odex) is kOatUpToDate with filter 'speed' executable 'false'
04-06 19:02:51.666  9409  9410 I artd    : GetBestInfo: odex next to the dex file (/data/app/~~scVi5FQG4d-fWzcBuZxYFA==/com.google.android.gms-STD1RVi9lhtf68y-PXK2hA==/oat/x86_64/split_MapsDynamite_installtime.odex) is kOatUpToDate with filter 'speed' executable 'false'
04-06 19:02:51.668  9409  9410 I artd    : GetBestInfo: odex next to the dex file (/data/app/~~scVi5FQG4d-fWzcBuZxYFA==/com.google.android.gms-STD1RVi9lhtf68y-PXK2hA==/oat/x86_64/split_MeasurementDynamite_installtime.odex) is kOatUpToDate with filter 'speed' executable 'false'
04-06 19:02:51.670  9409  9410 I artd    : GetBestInfo: odex next to the dex file (/data/app/~~scVi5FQG4d-fWzcBuZxYFA==/com.google.android.gms-STD1RVi9lhtf68y-PXK2hA==/oat/x86_64/split_all_locale_splits.odex) is kOatUpToDate with filter 'speed' executable 'false'
04-06 19:02:51.671  9409  9410 I artd    : GetBestInfo: /data/user_de/0/com.google.android.gms/app_chimera/m/0000000d/dl-PlayCloudSearch.optional_253434100000.apk has no usable artifacts
04-06 19:02:51.673  9409  9410 I artd    : GetBestInfo: /data/user_de/0/com.google.android.gms/app_chimera/m/0000000b/dl-MlkitBarcodeUi.optional_253434100800.apk has no usable artifacts
04-06 19:02:51.675  9409  9410 I artd    : GetBestInfo: /data/user_de/0/com.google.android.gms/app_chimera/m/0000000a/dl-TfliteDynamiteDynamite.integ_252130102100800.apk has no usable artifacts
04-06 19:02:51.675  9409  9410 I artd    : GetBestInfo: /data/user_de/0/com.google.android.gms/app_chimera/m/00000001/CronetDynamite.apk has no usable artifacts
04-06 19:02:51.677  9409  9410 I artd    : GetBestInfo: /data/user_de/0/com.google.android.gms/app_chimera/m/00000016/dl-PlayCloudSearch.optional_260438100000.apk has no usable artifacts
04-06 19:02:51.677  9409  9410 I artd    : GetBestInfo: /data/user_de/0/com.google.android.gms/app_chimera/m/00000002/DynamiteLoader.apk has no usable artifacts
04-06 19:02:51.678  9409  9410 I artd    : GetBestInfo: /data/user_de/0/com.google.android.gms/app_chimera/m/00000005/GoogleCertificates.apk has no usable artifacts
04-06 19:02:51.679  9409  9410 I artd    : GetBestInfo: /data/user_de/0/com.google.android.gms/app_chimera/m/0000000c/dl-Appsearch.optional_253434100800.apk has no usable artifacts
04-06 19:02:51.681  9409  9410 I artd    : GetBestInfo: /data/user_de/0/com.google.android.gms/app_chimera/m/00000015/dl-MlkitOcrCommon.optional_260438100800.apk has no usable artifacts
04-06 19:02:51.682  9409  9410 I artd    : GetBestInfo: /data/user_de/0/com.google.android.gms/app_chimera/m/00000013/dl-MlkitBarcodeUi.optional_260438100800.apk has no usable artifacts
04-06 19:02:51.684  9409  9410 I artd    : GetBestInfo: vdex next to the dex file (/data/user/0/com.google.android.gms/app_dg_cache/BB2AE5A47BB198AF36C19CFD2B6407061A1BAF30/oat/x86_64/the.vdex) is kOatUpToDate with filter 'verify' executable 'false'
04-06 19:02:51.685  9409  9410 I artd    : GetBestInfo: /data/user_de/0/com.google.android.gms/app_chimera/m/00000011/dl-Appsearch.optional_260438100800.apk has no usable artifacts
04-06 19:02:51.687  9409  9410 I artd    : GetBestInfo: /data/user_de/0/com.google.android.gms/app_chimera/m/00000010/dl-VisionOcr.optional_260438100000.apk has no usable artifacts
04-06 19:02:51.688  9409  9410 I artd    : GetBestInfo: /data/user/0/com.google.android.gms/app_dg_cache/94DF452EEF4B8E717545DCDEA6CC3C50A319A195/the.apk has no usable artifacts
04-06 19:02:51.690  9409  9410 I artd    : GetBestInfo: /data/user_de/0/com.google.android.gms/app_chimera/m/00000007/MeasurementDynamite.apk has no usable artifacts
04-06 19:02:51.997 15602 15832 D BufferPoolAccessor2.0: bufferpool2 0x7a12082621e8 : 5(31457280 size) total buffers - 4(25165824 size) used buffers - 665/672 (recycle/alloc) - 9/672 (fetch/transfer)
04-06 19:02:51.997 15602 15832 D BufferPoolAccessor2.0: bufferpool2 0x7a120827a8b8 : 5(40960 size) total buffers - 0(0 size) used buffers - 1092/1102 (recycle/alloc) - 10/1102 (fetch/transfer)
04-06 19:02:51.997 15602 15832 D BufferPoolAccessor2.0: evictor expired: 2, evicted: 2
04-06 19:02:52.005   717   754 D BufferPoolAccessor2.0: bufferpool2 0x7713a64140f8 : 4(16384 size) total buffers - 1(4096 size) used buffers - 1089/1098 (recycle/alloc) - 11/1098 (fetch/transfer)
04-06 19:02:52.005   717   754 D BufferPoolAccessor2.0: evictor expired: 1, evicted: 1
04-06 19:02:52.096   806  1240 I HalDevMgr: bestIfaceCreationProposal is null, requestIface=STA, existingIface=[name=wlan0 type=STA]
04-06 19:02:53.351  1529  1688 D SatelliteController: iisInCarrierRoamingNbIotNtn: satellite is disabled
04-06 19:02:53.352  1529  1688 D SatelliteController: getCarrierRoamingNtnConnectType: Falling back to global carrier config connect type: 0
04-06 19:02:54.622   592 15834 W C2BqBuffer: last successful dequeue was 7653808 us ago, 661 consecutive failures
04-06 19:02:55.103   806  1240 I HalDevMgr: bestIfaceCreationProposal is null, requestIface=STA, existingIface=[name=wlan0 type=STA]
04-06 19:02:55.530   806  2287 D WifiNl80211Manager: Scan result ready event
04-06 19:02:55.530   806  2287 D WifiNative: Scan result ready event
04-06 19:02:55.538  6630  6734 I WifiScanner: onFullResults
04-06 19:02:55.538  6630 10497 I WifiScanner: onFullResults
04-06 19:02:55.540   806  1240 I HalDevMgr: bestIfaceCreationProposal is null, requestIface=STA, existingIface=[name=wlan0 type=STA]
04-06 19:02:58.108   806  1240 I HalDevMgr: bestIfaceCreationProposal is null, requestIface=STA, existingIface=[name=wlan0 type=STA]
04-06 19:02:59.625   592 15834 W C2BqBuffer: last successful dequeue was 12656708 us ago, 1102 consecutive failures
04-06 19:03:01.115   806  1240 I HalDevMgr: bestIfaceCreationProposal is null, requestIface=STA, existingIface=[name=wlan0 type=STA]
04-06 19:03:01.541 15895 15895 W libbinder.BackendUnifiedServiceManager: Thread Pool max thread count is 0. Cannot cache binder as linkToDeath cannot be implemented. serviceName: package
04-06 19:03:01.649  9409  9410 I artd    : GetBestInfo: odex next to the dex file (/data/app/~~scVi5FQG4d-fWzcBuZxYFA==/com.google.android.gms-STD1RVi9lhtf68y-PXK2hA==/oat/x86_64/base.odex) is kOatUpToDate with filter 'speed-profile' executable 'false'
04-06 19:03:01.651  9409  9410 I artd    : GetBestInfo: odex next to the dex file (/data/app/~~scVi5FQG4d-fWzcBuZxYFA==/com.google.android.gms-STD1RVi9lhtf68y-PXK2hA==/oat/x86_64/split_AdsDynamite_installtime.odex) is kOatUpToDate with filter 'speed' executable 'false'
04-06 19:03:01.652  9409  9410 I artd    : GetBestInfo: odex next to the dex file (/data/app/~~scVi5FQG4d-fWzcBuZxYFA==/com.google.android.gms-STD1RVi9lhtf68y-PXK2hA==/oat/x86_64/split_CronetDynamite_installtime.odex) is kOatUpToDate with filter 'speed' executable 'false'
04-06 19:03:01.654  9409  9410 I artd    : GetBestInfo: odex next to the dex file (/data/app/~~scVi5FQG4d-fWzcBuZxYFA==/com.google.android.gms-STD1RVi9lhtf68y-PXK2hA==/oat/x86_64/split_DynamiteLoader_installtime.odex) is kOatUpToDate with filter 'speed' executable 'false'
04-06 19:03:01.655  9409  9410 I artd    : GetBestInfo: odex next to the dex file (/data/app/~~scVi5FQG4d-fWzcBuZxYFA==/com.google.android.gms-STD1RVi9lhtf68y-PXK2hA==/oat/x86_64/split_DynamiteModulesA_installtime.odex) is kOatUpToDate with filter 'speed' executable 'false'
04-06 19:03:01.656  9409  9410 I artd    : GetBestInfo: odex next to the dex file (/data/app/~~scVi5FQG4d-fWzcBuZxYFA==/com.google.android.gms-STD1RVi9lhtf68y-PXK2hA==/oat/x86_64/split_DynamiteModulesC_installtime.odex) is kOatUpToDate with filter 'speed' executable 'false'
04-06 19:03:01.658  9409  9410 I artd    : GetBestInfo: odex next to the dex file (/data/app/~~scVi5FQG4d-fWzcBuZxYFA==/com.google.android.gms-STD1RVi9lhtf68y-PXK2hA==/oat/x86_64/split_GoogleCertificates_installtime.odex) is kOatUpToDate with filter 'speed' executable 'false'
04-06 19:03:01.660  9409  9410 I artd    : GetBestInfo: odex next to the dex file (/data/app/~~scVi5FQG4d-fWzcBuZxYFA==/com.google.android.gms-STD1RVi9lhtf68y-PXK2hA==/oat/x86_64/split_MapsDynamite_installtime.odex) is kOatUpToDate with filter 'speed' executable 'false'
04-06 19:03:01.661  9409  9410 I artd    : GetBestInfo: odex next to the dex file (/data/app/~~scVi5FQG4d-fWzcBuZxYFA==/com.google.android.gms-STD1RVi9lhtf68y-PXK2hA==/oat/x86_64/split_MeasurementDynamite_installtime.odex) is kOatUpToDate with filter 'speed' executable 'false'
04-06 19:03:01.663  9409  9410 I artd    : GetBestInfo: odex next to the dex file (/data/app/~~scVi5FQG4d-fWzcBuZxYFA==/com.google.android.gms-STD1RVi9lhtf68y-PXK2hA==/oat/x86_64/split_all_locale_splits.odex) is kOatUpToDate with filter 'speed' executable 'false'
04-06 19:03:01.665  9409  9410 I artd    : GetBestInfo: /data/user_de/0/com.google.android.gms/app_chimera/m/0000000d/dl-PlayCloudSearch.optional_253434100000.apk has no usable artifacts
04-06 19:03:01.667  9409  9410 I artd    : GetBestInfo: /data/user_de/0/com.google.android.gms/app_chimera/m/0000000b/dl-MlkitBarcodeUi.optional_253434100800.apk has no usable artifacts
04-06 19:03:01.669  9409  9410 I artd    : GetBestInfo: /data/user_de/0/com.google.android.gms/app_chimera/m/0000000a/dl-TfliteDynamiteDynamite.integ_252130102100800.apk has no usable artifacts
04-06 19:03:01.669  9409  9410 I artd    : GetBestInfo: /data/user_de/0/com.google.android.gms/app_chimera/m/00000001/CronetDynamite.apk has no usable artifacts
04-06 19:03:01.670  9409  9410 I artd    : GetBestInfo: /data/user_de/0/com.google.android.gms/app_chimera/m/00000016/dl-PlayCloudSearch.optional_260438100000.apk has no usable artifacts
04-06 19:03:01.671  9409  9410 I artd    : GetBestInfo: /data/user_de/0/com.google.android.gms/app_chimera/m/00000002/DynamiteLoader.apk has no usable artifacts
04-06 19:03:01.671  9409  9410 I artd    : GetBestInfo: /data/user_de/0/com.google.android.gms/app_chimera/m/00000005/GoogleCertificates.apk has no usable artifacts
04-06 19:03:01.672  9409  9410 I artd    : GetBestInfo: /data/user_de/0/com.google.android.gms/app_chimera/m/0000000c/dl-Appsearch.optional_253434100800.apk has no usable artifacts
04-06 19:03:01.673  9409  9410 I artd    : GetBestInfo: /data/user_de/0/com.google.android.gms/app_chimera/m/00000015/dl-MlkitOcrCommon.optional_260438100800.apk has no usable artifacts
04-06 19:03:01.674  9409  9410 I artd    : GetBestInfo: /data/user_de/0/com.google.android.gms/app_chimera/m/00000013/dl-MlkitBarcodeUi.optional_260438100800.apk has no usable artifacts
04-06 19:03:01.676  9409  9410 I artd    : GetBestInfo: vdex next to the dex file (/data/user/0/com.google.android.gms/app_dg_cache/BB2AE5A47BB198AF36C19CFD2B6407061A1BAF30/oat/x86_64/the.vdex) is kOatUpToDate with filter 'verify' executable 'false'
04-06 19:03:01.677  9409  9410 I artd    : GetBestInfo: /data/user_de/0/com.google.android.gms/app_chimera/m/00000011/dl-Appsearch.optional_260438100800.apk has no usable artifacts
04-06 19:03:01.678  9409  9410 I artd    : GetBestInfo: /data/user_de/0/com.google.android.gms/app_chimera/m/00000010/dl-VisionOcr.optional_260438100000.apk has no usable artifacts
04-06 19:03:01.679  9409  9410 I artd    : GetBestInfo: /data/user/0/com.google.android.gms/app_dg_cache/94DF452EEF4B8E717545DCDEA6CC3C50A319A195/the.apk has no usable artifacts
04-06 19:03:01.680  9409  9410 I artd    : GetBestInfo: /data/user_de/0/com.google.android.gms/app_chimera/m/00000007/MeasurementDynamite.apk has no usable artifacts
04-06 19:03:03.351  1529  1688 D SatelliteController: iisInCarrierRoamingNbIotNtn: satellite is disabled
04-06 19:03:03.352  1529  1688 D SatelliteController: getCarrierRoamingNtnConnectType: Falling back to global carrier config connect type: 0
04-06 19:03:04.123   806  1240 I HalDevMgr: bestIfaceCreationProposal is null, requestIface=STA, existingIface=[name=wlan0 type=STA]
04-06 19:03:04.625   592 15834 W C2BqBuffer: last successful dequeue was 17656938 us ago, 1545 consecutive failures
