04-07 06:49:15.481   806  2287 V WindowManager: DesktopModeLaunchParamsModifier: phase= 3 task=Task{75bcae9 #53 type=standard A=10113:com.google.android.packageinstaller} activity=ActivityRecord{127445035 u0 com.google.android.packageinstaller/com.android.packageinstaller.v2.ui.UninstallLaunch t-1} display-area-from-source=DefaultTaskDisplayArea@230524663 display-id=0 task-display-area-windowing-mode=1 suggested-display-area=DefaultTaskDisplayArea@230524663 not entering desktop mode, skipping
04-07 06:49:15.481   806  2287 V WindowManager: TaskLaunchParamsModifier:phase=3 task=Task{75bcae9 #53 type=standard A=10113:com.google.android.packageinstaller} activity=ActivityRecord{127445035 u0 com.google.android.packageinstaller/com.android.packageinstaller.v2.ui.UninstallLaunch t-1} display-area-from-source=DefaultTaskDisplayArea@230524663 display-id=0 task-display-area-windowing-mode=1 suggested-display-area=DefaultTaskDisplayArea@230524663 inherit-from-source=fullscreen non-freeform-task-display-area display-area=DefaultTaskDisplayArea@230524663 skip-bounds-fullscreen
04-07 06:49:15.481   806  2287 V WindowManager: DesktopModeLaunchParamsModifier: phase= 3 task=Task{75bcae9 #53 type=standard A=10113:com.google.android.packageinstaller} activity=ActivityRecord{127445035 u0 com.google.android.packageinstaller/com.android.packageinstaller.v2.ui.UninstallLaunch t-1} display-area-from-source=DefaultTaskDisplayArea@230524663 display-id=0 task-display-area-windowing-mode=1 suggested-display-area=DefaultTaskDisplayArea@230524663 not entering desktop mode, skipping
--
04-07 06:49:15.490   806  2287 I ActivityTaskManager: START u0 {act=android.intent.action.DELETE dat=package: flg=0x10800000 cmp=com.google.android.packageinstaller/com.android.packageinstaller.v2.ui.UninstallLaunch (has extras)} with LAUNCH_MULTIPLE from uid 10113 (com.google.android.packageinstaller) (sr=122918768) (BAL_ALLOW_VISIBLE_WINDOW) result code=0
04-07 06:49:15.497  1630  1630 V BaseDepthController: Applying blur: 21 to Surface(name=com.google.android.apps.nexuslauncher/com.google.android.apps.nexuslauncher.NexusLauncherActivity#2129)/@0x6263018 applyImmediately: false
04-07 06:49:15.497  1630  1630 D BaseDepthController: shouldBlurWorkspace: false targetState: Normal currentStableState: SpringLoaded mCurrentBlur: 21 mLauncher.getDepthBlurTargets(): [com.android.launcher3.Workspace{1f479f2 V.ED..... .......D 0,0-1080,2400 #7f0a049d app:id/workspace}, com.android.launcher3.Hotseat{56bd843 V.ED..... ........ 0,1905-1080,2400 #7f0a01ee app:id/hotseat}]
04-07 06:49:15.499 13983 14718 W HWUI    : Failed to choose config with EGL_SWAP_BEHAVIOR_PRESERVED, retrying without...
04-07 06:49:15.499 13983 14718 W HWUI    : Failed to initialize 101010-2 format, error = EGL_SUCCESS
04-07 06:49:15.500  1584  1584 I wpa_supplicant: wlan0: CTRL-EVENT-BEACON-LOSS 
04-07 06:49:15.517   806  1291 D BackgroundInstallControlService: Package event received: 0
04-07 06:49:15.524   806  1291 D BackgroundInstallControlService: Package event received: 0
--
04-07 06:49:15.537 13983 13983 D UninstallLaunch: Apply material design
04-07 06:49:15.555  1630  1630 V BaseDepthController: Applying blur: 8 to Surface(name=com.google.android.apps.nexuslauncher/com.google.android.apps.nexuslauncher.NexusLauncherActivity#2129)/@0x6263018 applyImmediately: false
04-07 06:49:15.555  1630  1630 D BaseDepthController: shouldBlurWorkspace: false targetState: Normal currentStableState: SpringLoaded mCurrentBlur: 8 mLauncher.getDepthBlurTargets(): [com.android.launcher3.Workspace{1f479f2 V.ED..... .......D 0,0-1080,2400 #7f0a049d app:id/workspace}, com.android.launcher3.Hotseat{56bd843 V.ED..... ........ 0,1905-1080,2400 #7f0a01ee app:id/hotseat}]
04-07 06:49:15.571  1630  1630 D b/417220811: invalidateLoadedTasks - previous requestLoadId: -1
04-07 06:49:15.574  1630  1630 V BaseDepthController: Applying blur: 0 to Surface(name=com.google.android.apps.nexuslauncher/com.google.android.apps.nexuslauncher.NexusLauncherActivity#2129)/@0x6263018 applyImmediately: false
04-07 06:49:15.574  1630  1630 D BaseDepthController: setEarlyWakeup: false
04-07 06:49:15.574  1630  1630 D BaseDepthController: shouldBlurWorkspace: false targetState: Normal currentStableState: SpringLoaded mCurrentBlur: 0 mLauncher.getDepthBlurTargets(): [com.android.launcher3.Workspace{1f479f2 V.ED..... .......D 0,0-1080,2400 #7f0a049d app:id/workspace}, com.android.launcher3.Hotseat{56bd843 V.ED..... ........ 0,1905-1080,2400 #7f0a01ee app:id/hotseat}]
04-07 06:49:15.574  1630  1630 D BaseActivity: Launcher flags updated: [state_started] -[state_transition_active]
04-07 06:49:15.574  1630  1630 D b/380940677: [mStateHandlerRequest=0, mCurrentStateRequest=0, mLastActivityFlags=5, mIgnoreAutoRotateSettings=false, mHomeRotationEnabled=false, mForceAllowRotationForTesting=false, mDestroyed=false, mIsFixedLandscape=false]
04-07 06:49:15.574  1630  1630 D LauncherStateManager: StateManager.onStateTransitionEnd: state: Normal
04-07 06:49:15.575  1630  1630 D RecentsView: reset - mEnableDrawingLiveTile: false, mRecentsAnimationController: null
04-07 06:49:15.575  1630  1630 D RecentsView: cleanupRemoteTargets - mRemoteTargetHandles: null
--
04-07 06:49:15.885  1340  1399 V ShellTaskOrganizer: Fullscreen Task Appeared: #53
04-07 06:49:15.885  1340  1399 V WindowManagerShell: onTransitionReady (#194) android.os.BinderProxy@3bdc85b: {id=194 t=OPEN f=0x0 trk=0 r=[0@Point(0, 0)] c=[
04-07 06:49:15.885  1340  1399 V WindowManagerShell:         {m=OPEN f=TRANSLUCENT leash=Surface(name=Task=53#2138)/@0xfc4a436 sb=Rect(0, 0 - 1080, 2400) eb=Rect(0, 0 - 1080, 2400) epz=Point(1080, 2400) d=0 taskParent=-1 winMode=1 userId=0}
04-07 06:49:15.885  1340  1399 V WindowManagerShell:     ]}
04-07 06:49:15.886   806   831 V WindowManager: Sent Transition (#194) createdAt=04-07 06:49:15.391 via request=TransitionRequestInfo { type = OPEN, triggerTask = TaskInfo{userId=0 taskId=53 effectiveUid=10113 displayId=0 isRunning=true baseIntent=Intent { act=android.intent.action.DELETE dat=package: flg=0x10800000 cmp=com.google.android.packageinstaller/com.android.packageinstaller.UninstallerActivity } baseActivity=ComponentInfo{com.google.android.packageinstaller/com.android.packageinstaller.UninstallerActivity} topActivity=ComponentInfo{com.google.android.packageinstaller/com.android.packageinstaller.UninstallerActivity} origActivity=null realActivity=ComponentInfo{com.google.android.packageinstaller/com.android.packageinstaller.UninstallerActivity} numActivities=1 lastActiveTime=18206944 supportsMultiWindow=true resizeMode=1 isResizeable=true minWidth=-1 minHeight=-1 defaultMinSize=220 token=WCT{RemoteToken{6afbba6 Task{75bcae9 #53 type=standard A=10113:com.google.android.packageinstaller}}} topActivityType=1 pictureInPictureParams=null shouldDockBigOverlays=false launchIntoPipHostTaskId=-1 lastParentTaskIdBeforePip=-1 displayCutoutSafeInsets=Rect(0, 0 - 0, 0) topActivityInfo=ActivityInfo{c63a9e7 com.android.packageinstaller.UninstallerActivity} launchCookies=[] positionInParent=Point(0, 0) parentTaskId=-1 isFocused=false isVisible=false isVisibleRequested=false isTopActivityNoDisplay=false isSleeping=false locusId=null displayAreaFeatureId=1 isTopActivityTransparent=true isActivityStackTransparent=true lastNonFullscreenBounds=null capturedLink=null capturedLinkTimestamp=0 requestedVisibleTypes=503 topActivityRequestOpenInBrowserEducationTimestamp=0 appCompatTaskInfo=AppCompatTaskInfo { topActivityInSizeCompat=false isLeafTask= true eligibleForLetterboxEducation= false isLetterboxEducationEnabled= true isLetterboxDoubleTapEnabled= false eligibleForUserAspectRatioButton= false topActivityBoundsLetterboxed= false isFromLetterboxDoubleTap= false topActivityLetterboxVerticalPosition= -1 topActivityLetterboxHorizontalPosition= -1 topActivityLetterboxWidth=-1 topActivityLetterboxHeight=-1 topActivityAppBounds=Rect(0, 0 - 1080, 2400) isUserFullscreenOverrideEnabled=false isSystemFullscreenOverrideEnabled=false hasMinAspectRatioOverride=false topActivityLetterboxBounds=null cameraCompatTaskInfo=CameraCompatTaskInfo { cameraCompatMode=undefinedundefined} topNonResizableActivityAspectRatio=-1.0} topActivityMainWindowFrame=null isAppBubble=false}, pipChange = null, remoteTransition = null, displayChange = null, requestedLocation = null, userChange = null, windowingLayerChange = null, flags = 0, debugId = 194 }
04-07 06:49:15.886  1340  1399 V WindowManagerShell: Playing animation for (#194) android.os.BinderProxy@3bdc85b@0
04-07 06:49:15.886   806   831 V WindowManager:     startWCT=WindowContainerTransaction { changes= {} hops= [] errorCallbackToken=null taskFragmentOrganizer=null }
04-07 06:49:15.886  1340  1399 V ShellRecents: RecentsTransitionHandler.startAnimation: no controller found
04-07 06:49:15.886  1340  1399 V ShellDesktopMode: DesktopMixedTransitionHandler: No pending desktop transition
04-07 06:49:15.886   806   831 V WindowManager:     info={id=194 t=OPEN f=0x0 trk=0 r=[0@Point(0, 0)] c=[
04-07 06:49:15.886   806   831 V WindowManager:         {WCT{RemoteToken{6afbba6 Task{75bcae9 #53 type=standard A=10113:com.google.android.packageinstaller}}} m=OPEN f=TRANSLUCENT leash=Surface(name=Task=53#2138)/@0x2e1bbda sb=Rect(0, 0 - 1080, 2400) eb=Rect(0, 0 - 1080, 2400) epz=Point(1080, 2400) d=0 taskParent=-1 winMode=1 userId=0}
04-07 06:49:15.886   806   831 V WindowManager:     ]}
04-07 06:49:15.886  1340  1399 V WindowManagerShell: Transition doesn't have explicit remote, search filters for match for {id=194 t=OPEN f=0x0 trk=0 r=[0@Point(0, 0)] c=[{m=OPEN f=TRANSLUCENT leash=Surface(name=Task=53#2138)/@0xfc4a436 sb=Rect(0, 0 - 1080, 2400) eb=Rect(0, 0 - 1080, 2400) epz=Point(1080, 2400) d=0 taskParent=-1 winMode=1 userId=0}]}
04-07 06:49:15.886  1340  1399 V WindowManagerShell:  Checking filter Pair{{types=[] flags=0x0] notFlags=0x0 checks=[{atype=undefined independent=true modes=[CLOSE,TO_BACK] flags=IN_TASK_WITH_EMBEDDED_ACTIVITY mustBeTask=false order=ANY topActivity=null launchCookie=null taskFragmentToken=android.os.BinderProxy@bcc1839 windowingMode=undefined isCrossDisplayMove=false}]} RemoteTransition { remoteTransition = android.window.IRemoteTransition$Stub$Proxy@a5dde7e, appThread = android.app.IApplicationThread$Stub$Proxy@7364fdf, debugName = overlayBackTransition }}
04-07 06:49:15.886  1340  1399 V WindowManagerShell:  Checking filter Pair{{types=[] flags=0x0] notFlags=0x0 checks=[{atype=dream independent=true modes=[OPEN,TO_FRONT] flags=NONE mustBeTask=false order=ANY topActivity=null launchCookie=null windowingMode=undefined isCrossDisplayMove=false},{atype=home independent=true modes=[CLOSE,TO_BACK] flags=NONE mustBeTask=false order=ANY topActivity=null launchCookie=null windowingMode=undefined isCrossDisplayMove=false}]} RemoteTransition { remoteTransition = android.window.IRemoteTransition$Stub$Proxy@e2c2dcf, appThread = android.app.IApplicationThread$Stub$Proxy@bdec35c, debugName = LauncherToDream }}
04-07 06:49:15.886  1340  1399 V WindowManagerShell:  Checking filter Pair{{types=[] flags=0x0] notFlags=0x100 checks=[{atype=home independent=true modes=[OPEN,TO_FRONT] flags=NONE mustBeTask=false order=TOP topActivity=ComponentInfo{com.google.android.apps.nexuslauncher/com.google.android.apps.nexuslauncher.NexusLauncherActivity} launchCookie=null windowingMode=undefined isCrossDisplayMove=false},{atype=standard independent=true modes=[CLOSE,TO_BACK] flags=NONE mustBeTask=false order=ANY topActivity=null launchCookie=null windowingMode=undefined isCrossDisplayMove=false},{NOT atype=undefined independent=true modes=[] flags=NONE mustBeTask=true order=ANY topActivity=null launchCookie=null customAnim=true windowingMode=undefined isCrossDisplayMove=false}]} RemoteTransition { remoteTransition = android.window.IRemoteTransition$Stub$Proxy@2876665, appThread = android.app.IApplicationThread$Stub$Proxy@bf78f3a, debugName = QuickstepLaunchHome }}
04-07 06:49:15.886  1340  1399 V WindowManagerShell:  Checking filter Pair{{types=[OPEN,TO_FRONT] flags=0x0] notFlags=0x0 checks=[{atype=standard independent=true modes=[OPEN,TO_FRONT] flags=NONE mustBeTask=true order=ANY topActivity=null launchCookie=null windowingMode=freeform isCrossDisplayMove=false}]} RemoteTransition { remoteTransition = android.window.IRemoteTransition$Stub$Proxy@10403b1, appThread = null, debugName = DesktopWindowLimitUnminimize }}
04-07 06:49:15.886  1340  1399 V WindowManagerShell:  Delegate animation for (#194) to null
04-07 06:49:15.886  1340  1399 V WindowManagerShell: start default transition animation, info = {id=194 t=OPEN f=0x0 trk=0 r=[0@Point(0, 0)] c=[{m=OPEN f=TRANSLUCENT leash=Surface(name=Task=53#2138)/@0xfc4a436 sb=Rect(0, 0 - 1080, 2400) eb=Rect(0, 0 - 1080, 2400) epz=Point(1080, 2400) d=0 taskParent=-1 winMode=1 userId=0}]}
04-07 06:49:15.887  1340  1399 V WindowManagerShell: loadAnimation: anim=android.view.animation.AnimationSet@5aae7d3 animAttr=0x4 type=OPEN isEntrance=true
04-07 06:49:15.890  1340  1399 V WindowManagerShell:  animated by com.android.wm.shell.transition.DefaultTransitionHandler@1ce644
04-07 06:49:15.891  1630  1630 D b/417220811: invalidateLoadedTasks - previous requestLoadId: -1
04-07 06:49:16.216  1340  1399 V WindowManagerShell: Transition animation finished (aborted=false), notifying core (#194) android.os.BinderProxy@3bdc85b@0
04-07 06:49:16.219   806   831 V WindowManager: Finish Transition (#194): created at 04-07 06:49:15.391 collect-started=0.064ms request-sent=9.51ms started=12.697ms ready=128.781ms sent=487.227ms commit=22.424ms finished=827.659ms
--
04-07 06:49:17.285  1529  1529 D CarrierSvcBindHelper: No carrier app for: 0
04-07 06:49:17.293   806   841 D ActivityManager: sync unfroze 22376 com.android.vending for 3
04-07 06:49:17.295  1630  2592 D WellbeingModel: Changes in apps: intent = [Intent { act=android.intent.action.PACKAGE_REMOVED dat=package: flg=0x4000010 (has extras) }]
04-07 06:49:17.298   806   841 D ActivityManager: sync unfroze 22377 com.android.vending:background for 3
04-07 06:49:17.300   806  2385 W AppOpService: Ignored setUidMode call for runtime permission app op: uid = 1001, code = READ_SMS, mode = allow, callingUid = 1001, oldMode = allow
04-07 06:49:17.301   806  2380 W AppOpService: Ignored setUidMode call for runtime permission app op: uid = 1001, code = RECEIVE_SMS, mode = allow, callingUid = 1001, oldMode = allow
04-07 06:49:17.302   806  2380 W AppOpService: Ignored setUidMode call for runtime permission app op: uid = 1001, code = RECEIVE_WAP_PUSH, mode = allow, callingUid = 1001, oldMode = allow
04-07 06:49:17.302   806  2380 W AppOpService: Ignored setUidMode call for runtime permission app op: uid = 1001, code = SEND_SMS, mode = allow, callingUid = 1001, oldMode = allow
--
04-07 06:49:17.335  1340  1399 V ShellDesktopMode: DesktopTasksController: handleRequest request=TransitionRequestInfo { type = CLOSE, triggerTask = TaskInfo{userId=0 taskId=53 effectiveUid=10113 displayId=0 isRunning=false baseIntent=Intent { act=android.intent.action.DELETE dat=package: flg=0x10800000 cmp=com.google.android.packageinstaller/com.android.packageinstaller.UninstallerActivity } baseActivity=null topActivity=null origActivity=null realActivity=ComponentInfo{com.google.android.packageinstaller/com.android.packageinstaller.UninstallerActivity} numActivities=0 lastActiveTime=18207063 supportsMultiWindow=true resizeMode=1 isResizeable=true minWidth=-1 minHeight=-1 defaultMinSize=220 token=WCT{android.os.BinderProxy@c3c38f8} topActivityType=1 pictureInPictureParams=null shouldDockBigOverlays=false launchIntoPipHostTaskId=-1 lastParentTaskIdBeforePip=-1 displayCutoutSafeInsets=Rect(0, 0 - 0, 0) topActivityInfo=null launchCookies=[] positionInParent=Point(0, 0) parentTaskId=-1 isFocused=true isVisible=true isVisibleRequested=true isTopActivityNoDisplay=false isSleeping=false locusId=null displayAreaFeatureId=1 isTopActivityTransparent=false isActivityStackTransparent=true lastNonFullscreenBounds=null capturedLink=null capturedLinkTimestamp=0 requestedVisibleTypes=503 topActivityRequestOpenInBrowserEducationTimestamp=0 appCompatTaskInfo=AppCompatTaskInfo { topActivityInSizeCompat=false isLeafTask= true eligibleForLetterboxEducation= false isLetterboxEducationEnabled= false isLetterboxDoubleTapEnabled= false eligibleForUserAspectRatioButton= false topActivityBoundsLetterboxed= false isFromLetterboxDoubleTap= false topActivityLetterboxVerticalPosition= -1 topActivityLetterboxHorizontalPosition= -1 topActivityLetterboxWidth=-1 topActivityLetterboxHeight=-1 topActivityAppBounds=Rect(0, 0 - 0, 0) isUserFullscreenOverrideEnabled=false isSystemFullscreenOverrideEnabled=false hasMinAspectRatioOverride=false topActivityLetterboxBounds=null cameraCompatTaskInfo=CameraCompatTaskInfo { cameraCompatMode=undefinedundefined} topNonResizableActivityAspectRatio=-1.0} topActivityMainWindowFrame=null isAppBubble=false}, pipChange = null, remoteTransition = null, displayChange = null, requestedLocation = null, userChange = null, windowingLayerChange = null, flags = 0, debugId = 195 }
04-07 06:49:17.335  1340  1399 V ShellDesktopMode: DesktopTasksController: skipping handleRequest reason=triggerTask's display doesn't support desktop mode
04-07 06:49:17.343   806  1290 D ShortcutService: received package broadcast intent: Intent { act=android.intent.action.PACKAGE_REMOVED dat=package: flg=0x4000010 (has extras) }
04-07 06:49:17.343   806  1290 D ShortcutService: removing package: org.polymorphicshade.tubular.debug userId=0
04-07 06:49:17.349   806  1251 E AppOps  : attributionTag VCN not declared in manifest of android
04-07 06:49:17.349 22376 22376 I Finsky  : [2] Memory trim requested to level 40
04-07 06:49:17.349 22376 22376 I Finsky  : [2] Flushing in-memory image cache
04-07 06:49:17.349 22376 22376 I Finsky  : [2] Memory trim requested to level 40
--
04-07 06:49:17.471  1340  8002 V WindowManagerShell: onTransitionReady(transaction=3461743663385)
04-07 06:49:17.471  1340  1399 V WindowManagerShell: onTransitionReady (#195) android.os.BinderProxy@ecf50e9: {id=195 t=CLOSE f=0x0 trk=0 r=[0@Point(0, 0)] c=[
04-07 06:49:17.471  1340  1399 V WindowManagerShell:         {m=CHANGE f=SHOW_WALLPAPER|MOVE_TO_TOP leash=Surface(name=Task=1#44)/@0xab13f34 sb=Rect(0, 0 - 1080, 2400) eb=Rect(0, 0 - 1080, 2400) epz=Point(1080, 2400) d=0 taskParent=-1 winMode=1 userId=0},
04-07 06:49:17.471  1340  1399 V WindowManagerShell:         {m=CLOSE f=TRANSLUCENT leash=Surface(name=Task=53#2138)/@0x4f1f15d sb=Rect(0, 0 - 1080, 2400) eb=Rect(0, 0 - 1080, 2400) epz=Point(1080, 2400) d=0 taskParent=-1 winMode=1 userId=0}
04-07 06:49:17.471  1340  1399 V WindowManagerShell:     ]}
04-07 06:49:17.471  1340  1399 V WindowManagerShell: Playing animation for (#195) android.os.BinderProxy@ecf50e9@0
04-07 06:49:17.472  1340  1399 V ShellRecents: RecentsTransitionHandler.startAnimation: no controller found
04-07 06:49:17.472  1340  1399 V ShellDesktopMode: DesktopMixedTransitionHandler: No pending desktop transition
04-07 06:49:17.472  1340  1399 V WindowManagerShell: Transition doesn't have explicit remote, search filters for match for {id=195 t=CLOSE f=0x0 trk=0 r=[0@Point(0, 0)] c=[{m=CHANGE f=SHOW_WALLPAPER|MOVE_TO_TOP leash=Surface(name=Task=1#44)/@0xab13f34 sb=Rect(0, 0 - 1080, 2400) eb=Rect(0, 0 - 1080, 2400) epz=Point(1080, 2400) d=0 taskParent=-1 winMode=1 userId=0},{m=CLOSE f=TRANSLUCENT leash=Surface(name=Task=53#2138)/@0x4f1f15d sb=Rect(0, 0 - 1080, 2400) eb=Rect(0, 0 - 1080, 2400) epz=Point(1080, 2400) d=0 taskParent=-1 winMode=1 userId=0}]}
04-07 06:49:17.472  1340  1399 V WindowManagerShell:  Checking filter Pair{{types=[] flags=0x0] notFlags=0x0 checks=[{atype=undefined independent=true modes=[CLOSE,TO_BACK] flags=IN_TASK_WITH_EMBEDDED_ACTIVITY mustBeTask=false order=ANY topActivity=null launchCookie=null taskFragmentToken=android.os.BinderProxy@bcc1839 windowingMode=undefined isCrossDisplayMove=false}]} RemoteTransition { remoteTransition = android.window.IRemoteTransition$Stub$Proxy@a5dde7e, appThread = android.app.IApplicationThread$Stub$Proxy@7364fdf, debugName = overlayBackTransition }}
04-07 06:49:17.472  1340  1399 V WindowManagerShell:  Checking filter Pair{{types=[] flags=0x0] notFlags=0x0 checks=[{atype=dream independent=true modes=[OPEN,TO_FRONT] flags=NONE mustBeTask=false order=ANY topActivity=null launchCookie=null windowingMode=undefined isCrossDisplayMove=false},{atype=home independent=true modes=[CLOSE,TO_BACK] flags=NONE mustBeTask=false order=ANY topActivity=null launchCookie=null windowingMode=undefined isCrossDisplayMove=false}]} RemoteTransition { remoteTransition = android.window.IRemoteTransition$Stub$Proxy@e2c2dcf, appThread = android.app.IApplicationThread$Stub$Proxy@bdec35c, debugName = LauncherToDream }}
04-07 06:49:17.472  1340  1399 V WindowManagerShell:  Checking filter Pair{{types=[] flags=0x0] notFlags=0x100 checks=[{atype=home independent=true modes=[OPEN,TO_FRONT] flags=NONE mustBeTask=false order=TOP topActivity=ComponentInfo{com.google.android.apps.nexuslauncher/com.google.android.apps.nexuslauncher.NexusLauncherActivity} launchCookie=null windowingMode=undefined isCrossDisplayMove=false},{atype=standard independent=true modes=[CLOSE,TO_BACK] flags=NONE mustBeTask=false order=ANY topActivity=null launchCookie=null windowingMode=undefined isCrossDisplayMove=false},{NOT atype=undefined independent=true modes=[] flags=NONE mustBeTask=true order=ANY topActivity=null launchCookie=null customAnim=true windowingMode=undefined isCrossDisplayMove=false}]} RemoteTransition { remoteTransition = android.window.IRemoteTransition$Stub$Proxy@2876665, appThread = android.app.IApplicationThread$Stub$Proxy@bf78f3a, debugName = QuickstepLaunchHome }}
04-07 06:49:17.472  1340  1399 V WindowManagerShell:  Checking filter Pair{{types=[OPEN,TO_FRONT] flags=0x0] notFlags=0x0 checks=[{atype=standard independent=true modes=[OPEN,TO_FRONT] flags=NONE mustBeTask=true order=ANY topActivity=null launchCookie=null windowingMode=freeform isCrossDisplayMove=false}]} RemoteTransition { remoteTransition = android.window.IRemoteTransition$Stub$Proxy@10403b1, appThread = null, debugName = DesktopWindowLimitUnminimize }}
04-07 06:49:17.472  1340  1399 V WindowManagerShell:  Delegate animation for (#195) to null
04-07 06:49:17.472  1340  1399 V WindowManagerShell: start default transition animation, info = {id=195 t=CLOSE f=0x0 trk=0 r=[0@Point(0, 0)] c=[{m=CHANGE f=SHOW_WALLPAPER|MOVE_TO_TOP leash=Surface(name=Task=1#44)/@0xab13f34 sb=Rect(0, 0 - 1080, 2400) eb=Rect(0, 0 - 1080, 2400) epz=Point(1080, 2400) d=0 taskParent=-1 winMode=1 userId=0},{m=CLOSE f=TRANSLUCENT leash=Surface(name=Task=53#2138)/@0x4f1f15d sb=Rect(0, 0 - 1080, 2400) eb=Rect(0, 0 - 1080, 2400) epz=Point(1080, 2400) d=0 taskParent=-1 winMode=1 userId=0}]}
04-07 06:49:17.473  1340  1399 V WindowManagerShell: loadAnimation: anim=android.view.animation.AnimationSet@f614659 animAttr=0x7 type=CLOSE isEntrance=false
04-07 06:49:17.475   649   789 I libbinder.BpBinder: onLastStrongRef automatically unlinking death recipients for descriptor: '(not cached)'
04-07 06:49:17.479  1340  1399 V WindowManagerShell:  animated by com.android.wm.shell.transition.DefaultTransitionHandler@1ce644
04-07 06:49:17.485  1630  1630 D AllAppsStore: setApps: apps.length=22
04-07 06:49:17.485  1630  1630 D AllAppsStore: notifyUpdate: notifying listeners
--
04-07 06:49:17.508   806   831 V WindowManager:     startWCT=WindowContainerTransaction { changes= {} hops= [] errorCallbackToken=null taskFragmentOrganizer=null }
04-07 06:49:17.509   806   831 V WindowManager:     info={id=195 t=CLOSE f=0x0 trk=0 r=[0@Point(0, 0)] c=[
04-07 06:49:17.509   806   831 V WindowManager:         {WCT{RemoteToken{52957d7 Task{66d59ec #1 type=home}}} m=CHANGE f=SHOW_WALLPAPER|MOVE_TO_TOP leash=Surface(name=Task=1#44)/@0x2766218 sb=Rect(0, 0 - 1080, 2400) eb=Rect(0, 0 - 1080, 2400) epz=Point(1080, 2400) d=0 taskParent=-1 winMode=1 userId=0},
04-07 06:49:17.509   806   831 V WindowManager:         {WCT{RemoteToken{6afbba6 Task{75bcae9 #53 type=standard A=10113:com.google.android.packageinstaller}}} m=CLOSE f=TRANSLUCENT leash=Surface(name=Task=53#2138)/@0x2e1bbda sb=Rect(0, 0 - 1080, 2400) eb=Rect(0, 0 - 1080, 2400) epz=Point(1080, 2400) d=0 taskParent=-1 winMode=1 userId=0}
04-07 06:49:17.509   806   831 V WindowManager:     ]}
04-07 06:49:17.509  1630  1671 D QuickstepModelDelegate: notifyAppTargetEvent action=1 launchLocation=workspace/0/[-1,-1]/[1,1]
04-07 06:49:17.513 22377 22475 I Finsky:background: [137] RECEIVER_PACKAGE_MONITOR_BACKGROUND#logWorkEndAndFinishGoAsync: SUCCESS
04-07 06:49:17.516   806  1470 W SignedPackage: Package doesn't have required signing certificate: com.google.android.retaildemo
04-07 06:49:17.516   806  1470 E RoleControllerServiceImpl: Default/fallback role holder package doesn't qualify for the role, package: com.google.android.gms.supervision, role: android.app.role.SYSTEM_SUPERVISION, user: 0
--
04-07 06:49:18.017 22377 22461 I Finsky:background: [131] RECEIVER_ENGAGE_PACKAGE_CHANGED#logWorkEndAndFinishGoAsync: SUCCESS
04-07 06:49:18.040  2083  2083 I MediaServiceV2: Creating work for intent Intent { act=android.intent.action.PACKAGE_FULLY_REMOVED dat=package: flg=0x5000010 cmp=com.google.android.providers.media.module/com.android.providers.media.MediaServiceV2 (has extras) }
04-07 06:49:18.049 22376   536 I Finsky  : [460] SCH: Received scheduling request: Id: 12-1, Constraints: [{ L: 15000, D: 86400000, C: CHARGING_NONE, I: IDLE_NONE, N: NET_ANY, B: BATTERY_ANY }]
04-07 06:49:18.077 22376 22457 I Finsky  : [129] AIM: AppInfoManager-Perf > ItemModel > CacheSize=0, cacheHitCount=0, cacheMissCount=1, total appsWithNoServerDataCount=0. Missed  in cache (limit 10) : [org.polymorphicshade.tubular.debug]
04-07 06:49:18.078 22376 22457 I Finsky  : [129] AIM: AppInfoManager-Perf > ItemModel > ItemStore Called 1 apps cacheOptions = USE_CACHE
04-07 06:49:18.078 22376 22457 I Finsky  : [129] AIM: ItemModel fetch - unauth(1), auth()
04-07 06:49:18.082 22376 22457 I Finsky  : [129] ItemStore: Not cached: org.polymorphicshade.tubular.debug
04-07 06:49:18.119  2083  2083 I MediaServiceV2: Work enqueued for intent: Intent { act=android.intent.action.PACKAGE_FULLY_REMOVED dat=package: flg=0x5000010 cmp=com.google.android.providers.media.module/com.android.providers.media.MediaServiceV2 (has extras) }
--
04-07 06:49:18.556  2083   636 I FuseDaemon: Successfully deleted rows in leveldb for owner_id:  and ownerPackageIdentifier: org.polymorphicshade.tubular.debug::0
04-07 06:49:18.558  2083   636 D MediaGrants: Removed 0 media_grants for 0 user for [org.polymorphicshade.tubular.debug]. Reason: Package orphaned
04-07 06:49:18.559 22376 22457 I Finsky  : [129] SCH: Scheduling phonesky job Id: 12-1, CT: 1775544558049, Constraints: [{ L: 15000, D: 86400000, C: CHARGING_NONE, I: IDLE_NONE, N: NET_ANY, B: BATTERY_ANY }]
04-07 06:49:18.563  2083   636 I MediaServiceV2: Work ended for action [ android.intent.action.PACKAGE_FULLY_REMOVED ]
04-07 06:49:18.564 12290   648 I RkpdBroadcast: Deleted associated keys for uid: 10239
04-07 06:49:18.569  2083  2288 I WM-WorkerWrapper: Worker result SUCCESS for Work [ id=66135bda-5e4a-4596-a6c7-032cbff31ce2, tags={ com.android.providers.media.MediaServiceV2 } ]
04-07 06:49:18.574 22376 22463 I Finsky  : [132] SCH: Scheduling 0 system job(s)
04-07 06:49:18.581 22376 22463 I Finsky  : [132] [ContentSync] finished, scheduled=true
--
04-07 06:50:26.811   728   728 F DEBUG   : Abort message: 'system/gd/hci/hci_layer.cc:537 on_hardware_error: Hardware Error Event with code 0x42'
04-07 06:50:26.811   728   728 F DEBUG   :     rax 0000000000000000  rbx 0000000000002fa7  rcx 00007a13f3ad2ce4  rdx 0000000000000006
04-07 06:50:26.811   728   728 F DEBUG   :     r8  00007a10c24d1440  r9  00007a10c24d1440  r10 00007a10c24d1400  r11 0000000000000203
04-07 06:50:26.811   728   728 F DEBUG   :     r12 00007a1328213d00  r13 00007a10c2965ca0  r14 0000000000002fc8  r15 00007a1155809e00
04-07 06:50:26.811   728   728 F DEBUG   :     rdi 0000000000002fa7  rsi 0000000000002fc8
04-07 06:50:26.811   728   728 F DEBUG   :     rbp 00007a10c24d14a0  rsp 00007a10c24d1400  rip 00007a13f3ad2ce4  err 0000000000000004
04-07 06:50:26.811   728   728 F DEBUG   : 14 total frames
04-07 06:50:26.811   728   728 F DEBUG   : backtrace:
04-07 06:50:26.811   728   728 F DEBUG   :       #00 pc 000000000006fce4  /apex/com.android.runtime/lib64/bionic/libc.so (abort+196) (BuildId: 3f8afd2a8485f380e843af6d787a9af4)
04-07 06:50:26.811   728   728 F DEBUG   :       #01 pc 00000000008c61ae  /apex/com.android.art/lib64/libart.so (art::Runtime::Abort(char const*)+1614) (BuildId: 443d8619760adcc9570ec4eb148f8292)
04-07 06:50:26.811   728   728 F DEBUG   :       #02 pc 00000000000167fe  /apex/com.android.art/lib64/libbase.so (android::base::SetAborter(std::__1::function<void (char const*)>&&)::$_0::__invoke(char const*)+62) (BuildId: 2e4622e488810f1c2a1ab8c30d10a71a)
--
04-07 06:50:26.903   806   957 I BluetoothSystemServer: BluetoothManagerService: Disabled component: com.google.android.bluetooth/com.android.bluetooth.opp.BluetoothOppProvider
04-07 06:50:26.904   806   957 D BluetoothSystemServer: ActiveLogs: 04-07 06:50:26.903 	Package [BluetoothSystemServer] requested to [Disable]. 	Reason is CRASH
04-07 06:50:26.904   806   957 D BluetoothSystemServer: BluetoothManagerService: Recovery 1 scheduled in 400ms
04-07 06:50:26.905   806   957 D BluetoothSystemServer: BluetoothManagerService: Broadcasting sendBluetoothServiceDownCallback() to 9 receivers.
04-07 06:50:26.905   806   957 W libbinder.IPCThreadState: Sending oneway calls to frozen process.
04-07 06:50:26.905   806   957 D BluetoothAdapter: onBluetoothServiceDown
04-07 06:50:26.905  6630  7291 D BluetoothAdapter: onBluetoothServiceDown
04-07 06:50:26.905  1529  1950 D BluetoothAdapter: onBluetoothServiceDown
--
04-07 06:50:28.399   744   775 I BluetoothAdapterProperties: getBondedDevices: length=0
04-07 06:50:28.399   806   957 E BluetoothAdapter: Failed to retrieve a binder for LE_AUDIO_BROADCAST_ASSISTANT
04-07 06:50:28.400   744   744 I BluetoothSocketManagerBinder: createSocketChannel: type=1, serviceName=null, uuid=00000000-0000-0000-0000-000000000000, port=-2, from uid/pid=1002/744
04-07 06:50:28.400   744   744 I bt_btif_sock: system/btif/src/btif_sock.cc:171 btsock_listen: Attempting listen for socket connections for device: 00:00:00:00:00:00, type: 1, channel: -2, app_uid: 1002, data_path: 0, hub_id: 0, endpoint_id: 0, max_rx_packet_size: 0
04-07 06:50:28.400   744   907 I BluetoothSocketManagerBinder: createSocketChannel: type=1, serviceName=null, uuid=00000000-0000-0000-0000-000000000000, port=-2, from uid/pid=1002/744
04-07 06:50:28.400   806   957 E BluetoothAdapter: Failed to retrieve a binder for VOLUME_CONTROL
04-07 06:50:28.400   744   907 I bt_btif_sock: system/btif/src/btif_sock.cc:171 btsock_listen: Attempting listen for socket connections for device: 00:00:00:00:00:00, type: 1, channel: -2, app_uid: 1002, data_path: 0, hub_id: 0, endpoint_id: 0, max_rx_packet_size: 0
04-07 06:50:28.401   744   744 I bt_btif_sock_rfcomm: system/btif/src/btif_sock_rfc.cc:398 btsock_rfc_listen: Adding listening socket service_name: (nullptr) - channel: -2
04-07 06:50:28.401   744   844 I bt_btif_sock_rfcomm: system/btif/src/btif_sock_rfc.cc:999 jv_dm_cback: handling event:BTA_JV_GET_SCN_EVT, slot_id:2
04-07 06:50:28.401   744   844 W rfcomm_port_utils: system/stack/rfcomm/port_utils.cc:289 port_find_mcb: not found, bd_addr:ff:ff:ff:ff:ff:ff
04-07 06:50:28.401   744   844 I bt_port_api: system/stack/rfcomm/port_api.cc:224 RFCOMM_CreateConnectionWithSecurity: bd_addr=ff:ff:ff:ff:ff:ff, scn=5, is_server=true, mtu=990, uuid=0x0, dlci=10, signal_state=0xb, p_port=0x7a10c614a5c8
04-07 06:50:28.401   806   957 D BluetoothAdapter: HEARING_AID connected
--
04-07 06:53:22.906  1529  1688 D SatelliteController: getCarrierRoamingNtnConnectType: Falling back to global carrier config connect type: 0
04-07 06:53:24.079   806  1240 I HalDevMgr: bestIfaceCreationProposal is null, requestIface=STA, existingIface=[name=wlan0 type=STA]
04-07 06:53:27.081   806  1311 D FileUtils: Rounded bytes from 2061053952 to 4000000000
04-07 06:53:27.088   806  1240 I HalDevMgr: bestIfaceCreationProposal is null, requestIface=STA, existingIface=[name=wlan0 type=STA]
04-07 06:53:27.129 24619 24769 V ClearcutMetricXmitter: Transmission is done.
04-07 06:53:27.611  1042  1042 W libbinder.BackendUnifiedServiceManager: Thread Pool max thread count is 0. Cannot cache binder as linkToDeath cannot be implemented. serviceName: package
04-07 06:53:27.711  9409  9976 I artd    : GetBestInfo: odex next to the dex file (/data/app/~~scVi5FQG4d-fWzcBuZxYFA==/com.google.android.gms-STD1RVi9lhtf68y-PXK2hA==/oat/x86_64/base.odex) is kOatUpToDate with filter 'speed-profile' executable 'false'
04-07 06:53:27.712  9409  9976 I artd    : GetBestInfo: odex next to the dex file (/data/app/~~scVi5FQG4d-fWzcBuZxYFA==/com.google.android.gms-STD1RVi9lhtf68y-PXK2hA==/oat/x86_64/split_AdsDynamite_installtime.odex) is kOatUpToDate with filter 'speed' executable 'false'
--
04-07 06:56:26.136   806   851 D KernelCpuUidUserSysTimeReader: Removing uids 99017-99017
04-07 06:56:26.137   806   851 D KernelCpuUidUserSysTimeReader: Removing uids 10239-10239
04-07 06:56:26.136  1452  1612 D ApfFilter: (wlan0): Adding RA fe80::2 -> ff02::1 1800s fec0::/64 86400s/14400s DNS 1200000s fec0::3 
04-07 06:56:27.557   806  1240 I HalDevMgr: bestIfaceCreationProposal is null, requestIface=STA, existingIface=[name=wlan0 type=STA]
04-07 06:56:27.615  1108  1108 W libbinder.BackendUnifiedServiceManager: Thread Pool max thread count is 0. Cannot cache binder as linkToDeath cannot be implemented. serviceName: package
04-07 06:56:27.703  9409  9976 I artd    : GetBestInfo: odex next to the dex file (/data/app/~~scVi5FQG4d-fWzcBuZxYFA==/com.google.android.gms-STD1RVi9lhtf68y-PXK2hA==/oat/x86_64/base.odex) is kOatUpToDate with filter 'speed-profile' executable 'false'
04-07 06:56:27.704  9409  9976 I artd    : GetBestInfo: odex next to the dex file (/data/app/~~scVi5FQG4d-fWzcBuZxYFA==/com.google.android.gms-STD1RVi9lhtf68y-PXK2hA==/oat/x86_64/split_AdsDynamite_installtime.odex) is kOatUpToDate with filter 'speed' executable 'false'
04-07 06:56:27.706  9409  9976 I artd    : GetBestInfo: odex next to the dex file (/data/app/~~scVi5FQG4d-fWzcBuZxYFA==/com.google.android.gms-STD1RVi9lhtf68y-PXK2hA==/oat/x86_64/split_CronetDynamite_installtime.odex) is kOatUpToDate with filter 'speed' executable 'false'
--
04-07 07:03:05.454  1584  1584 I wpa_supplicant: wlan0: CTRL-EVENT-BEACON-LOSS 
04-07 07:03:06.066  1452  1612 W AlarmManager: Unrecognized alarm listener com.android.networkstack.android.net.ip.IpClientLinkObserver$Dhcp6PdPreferredPrefixAlarmListener@9ba8e90
04-07 07:03:06.066  1452  1612 D ApfFilter: (wlan0): Adding RA fe80::2 -> ff02::1 1800s fec0::/64 86400s/14400s DNS 1200000s fec0::3 
04-07 07:03:07.592   806  1240 I HalDevMgr: bestIfaceCreationProposal is null, requestIface=STA, existingIface=[name=wlan0 type=STA]
04-07 07:03:07.602  1360  1360 W libbinder.BackendUnifiedServiceManager: Thread Pool max thread count is 0. Cannot cache binder as linkToDeath cannot be implemented. serviceName: package
04-07 07:03:07.689  9409  9976 I artd    : GetBestInfo: odex next to the dex file (/data/app/~~scVi5FQG4d-fWzcBuZxYFA==/com.google.android.gms-STD1RVi9lhtf68y-PXK2hA==/oat/x86_64/base.odex) is kOatUpToDate with filter 'speed-profile' executable 'false'
04-07 07:03:07.692  9409  9976 I artd    : GetBestInfo: odex next to the dex file (/data/app/~~scVi5FQG4d-fWzcBuZxYFA==/com.google.android.gms-STD1RVi9lhtf68y-PXK2hA==/oat/x86_64/split_AdsDynamite_installtime.odex) is kOatUpToDate with filter 'speed' executable 'false'
04-07 07:03:07.694  9409  9976 I artd    : GetBestInfo: odex next to the dex file (/data/app/~~scVi5FQG4d-fWzcBuZxYFA==/com.google.android.gms-STD1RVi9lhtf68y-PXK2hA==/oat/x86_64/split_CronetDynamite_installtime.odex) is kOatUpToDate with filter 'speed' executable 'false'
--
04-07 07:04:25.580  1584  1584 I wpa_supplicant: wlan0: CTRL-EVENT-BEACON-LOSS 
04-07 07:04:25.777   806  1240 I HalDevMgr: bestIfaceCreationProposal is null, requestIface=STA, existingIface=[name=wlan0 type=STA]
04-07 07:04:27.662  1400  1400 W libbinder.BackendUnifiedServiceManager: Thread Pool max thread count is 0. Cannot cache binder as linkToDeath cannot be implemented. serviceName: package
04-07 07:04:27.760  9409  9410 I artd    : GetBestInfo: odex next to the dex file (/data/app/~~scVi5FQG4d-fWzcBuZxYFA==/com.google.android.gms-STD1RVi9lhtf68y-PXK2hA==/oat/x86_64/base.odex) is kOatUpToDate with filter 'speed-profile' executable 'false'
04-07 07:04:27.762  9409  9410 I artd    : GetBestInfo: odex next to the dex file (/data/app/~~scVi5FQG4d-fWzcBuZxYFA==/com.google.android.gms-STD1RVi9lhtf68y-PXK2hA==/oat/x86_64/split_AdsDynamite_installtime.odex) is kOatUpToDate with filter 'speed' executable 'false'
04-07 07:04:27.764  9409  9410 I artd    : GetBestInfo: odex next to the dex file (/data/app/~~scVi5FQG4d-fWzcBuZxYFA==/com.google.android.gms-STD1RVi9lhtf68y-PXK2hA==/oat/x86_64/split_CronetDynamite_installtime.odex) is kOatUpToDate with filter 'speed' executable 'false'
04-07 07:04:27.766  9409  9410 I artd    : GetBestInfo: odex next to the dex file (/data/app/~~scVi5FQG4d-fWzcBuZxYFA==/com.google.android.gms-STD1RVi9lhtf68y-PXK2hA==/oat/x86_64/split_DynamiteLoader_installtime.odex) is kOatUpToDate with filter 'speed' executable 'false'
04-07 07:04:27.767  9409  9410 I artd    : GetBestInfo: odex next to the dex file (/data/app/~~scVi5FQG4d-fWzcBuZxYFA==/com.google.android.gms-STD1RVi9lhtf68y-PXK2hA==/oat/x86_64/split_DynamiteModulesA_installtime.odex) is kOatUpToDate with filter 'speed' executable 'false'
--
04-07 07:06:45.372 23182 23225 I Checkin : [CheckinApiChimeraService] onGetService
04-07 07:06:45.395   806  2361 D ActivityManager: sync unfroze 6948 com.google.android.gms.unstable for 6
04-07 07:06:45.497   806  1724 D FileUtils: Rounded bytes from 2061053952 to 4000000000
04-07 07:06:45.532  6948  6956 W id.gms.unstable: Reducing the number of considered missed Gc histogram windows from 165 to 100
04-07 07:06:45.547  6948  8049 W libc    : Access denied finding property "persist.adb.tls_server.enable"
04-07 07:06:45.550  6948  8049 W libc    : Access denied finding property "service.adb.tls.port"
04-07 07:06:45.541  6948  6948 W binder:6948_9: type=1400 audit(0.0:1971): avc:  denied  { read } for  name="u:object_r:adbd_prop:s0" dev="tmpfs" ino=59 scontext=u:r:gmscore_app:s0:c512,c768 tcontext=u:object_r:adbd_prop:s0 tclass=file permissive=0 app=com.google.android.gms
04-07 07:06:45.593 23182  1582 E jccg    : *~*~*~ Previous channel {0} was garbage collected without being shut down! ~*~*~*
04-07 07:06:45.593 23182  1582 E jccg    :     Make sure to call shutdown()/shutdownNow()
04-07 07:06:45.593 23182  1582 E jccg    : java.lang.RuntimeException: ManagedChannel allocation site
04-07 07:06:45.593 23182  1582 E jccg    : 	at jccf.<init>(:com.google.android.gms@260438038@26.04.38 (260800-867839860):21)
04-07 07:06:45.593 23182  1582 E jccg    : 	at jccg.<init>(:com.google.android.gms@260438038@26.04.38 (260800-867839860):10)
--
04-07 07:06:45.603  6630  6693 W GLSUser : [DeviceKeyStore] Cannot load key: Device key file not found.
04-07 07:06:45.607   806  1291 D BackgroundInstallControlService: Package event received: 0
04-07 07:06:45.632   806  1724 D FileUtils: Rounded bytes from 2061053952 to 4000000000
04-07 07:06:45.653  6948  8049 W libc    : Access denied finding property "persist.adb.tls_server.enable"
04-07 07:06:45.653  6948  8049 W libc    : Access denied finding property "service.adb.tls.port"
04-07 07:06:45.649  6948  6948 W binder:6948_9: type=1400 audit(0.0:1972): avc:  denied  { read } for  name="u:object_r:adbd_prop:s0" dev="tmpfs" ino=59 scontext=u:r:gmscore_app:s0:c512,c768 tcontext=u:object_r:adbd_prop:s0 tclass=file permissive=0 app=com.google.android.gms
04-07 07:06:45.673  6630  6693 W GmsUrlRequestImpl: [https://android.googleapis.com/auth/devicekey] Content-Type header is overwritten.
04-07 07:06:45.780  6630  6693 W GLSUser : [AppCertManager] Exception while requesting key: 
04-07 07:06:45.780  6630  6693 W GLSUser : java.util.concurrent.ExecutionException: csoh: Parsing Exception
04-07 07:06:45.780  6630  6693 W GLSUser : 	at gxsl.j(:com.google.android.gms@260438038@26.04.38 (260800-867839860):21)
04-07 07:06:45.780  6630  6693 W GLSUser : 	at gxsu.u(:com.google.android.gms@260438038@26.04.38 (260800-867839860):71)
--
04-07 07:06:45.959 24272  1550 I StateMachineV2: Queuing delayed 9 for PT5M
04-07 07:06:45.960 24272  1550 I BugleRcsEngine: nextRetry = 0 [1eb55e84-9a96-44e9-bf79-d55639b739a4] [CONTEXT log_prefix="(PEv2-SM156261678-DefaultCallSmsData-1-ecd)" thread_id=232 ]
04-07 07:06:45.960 24272  1550 I BugleRcsEngine: scheduleRetry, currentRetry = 0, retryMillis = 86400000 [1eb55e84-9a96-44e9-bf79-d55639b739a4] [CONTEXT log_prefix="(PEv2-SM156261678-DefaultCallSmsData-1-ecd)" thread_id=232 ]
04-07 07:06:45.973 24272  1576 W BugleRcsEngine: Unable to send diagnostic log [CONTEXT thread_id=240 ]
04-07 07:06:45.978 24272  1550 I BugleRcsEngine: [SR]: Single Registration is disabled. Skipping Single Registration capability check for subId: 1 [CONTEXT thread_id=232 ]
04-07 07:06:45.978 24272  1550 I BugleRcsEngine: No RCS Configuration was found in Bugle for simID: redacted-pii:sim_id[chars:20,last3:897] [CONTEXT log_prefix="ProvisioningEngineDataRetriever" thread_id=232 ]
04-07 07:06:45.978 24272  1550 I BugleRcsProvisioning: RcsAvailability configuration availability and enabled status: simId: redacted-pii:sim_id[chars:20,last3:897], SipConnectionType: DUAL_REG, isConfigurationAvailableAndEnabled: false
04-07 07:06:45.979 24272  1550 I BugleRcsProvisioning: Checking isConfigServerUrlAvailable with simId: redacted-pii:sim_id[chars:20,last3:897], 
--
04-07 07:08:29.374 14861  1707 D DownloadManager: [34] Finished with status SUCCESS
04-07 07:08:29.399   806   841 D ActivityManager: sync unfroze 16463 com.google.android.configupdater for 3
04-07 07:08:29.400 16463 16463 D ConfigUpdater: UpdateRequestReceiver constructed with Config: com.google.android.configupdater.IntentFirewall.IntentFirewallConfig@f0e52c8, StoredState: com.google.android.configupdater.StoredState@5025f61, DownloadManagerHelper: com.google.android.configupdater.DownloadManagerHelper@1185a86, FlagHelper: com.google.android.configupdater.GservicesHelper@c978f47
04-07 07:08:29.400 16463 16463 D ConfigUpdater: Setting up preferences for StoredState, Downloader, and FlagHelper
04-07 07:08:29.400 16463 16463 D ConfigUpdater: Setting up DownloadManagerHelper
04-07 07:08:29.401 16463 16463 D ConfigUpdater: Loaded SharedPreferences: IntentFirewallDownload
04-07 07:08:29.401 16463 16463 D ConfigUpdater: Using Lollipop+ download directory: /data/user/0/com.google.android.configupdater/files/downloads
04-07 07:08:29.401 16463 16463 D ConfigUpdater: Got DownloadManager service
04-07 07:08:29.401 16463 16463 D ConfigUpdater: Is wearable device: false
04-07 07:08:29.401 16463 16463 D ConfigUpdater: Received intent with action: android.intent.action.DOWNLOAD_COMPLETE
--
04-07 07:08:33.388  1584  1584 I wpa_supplicant: wlan0: CTRL-EVENT-BEACON-LOSS 
04-07 07:08:35.259  1452  1612 W AlarmManager: Unrecognized alarm listener com.android.networkstack.android.net.ip.IpClientLinkObserver$Dhcp6PdPreferredPrefixAlarmListener@9ba8e90
04-07 07:08:35.261  1452  1612 D ApfFilter: (wlan0): Adding RA fe80::2 -> ff02::1 1800s fec0::/64 86400s/14400s DNS 1200000s fec0::3 
04-07 07:08:35.430   806  1240 I HalDevMgr: bestIfaceCreationProposal is null, requestIface=STA, existingIface=[name=wlan0 type=STA]
04-07 07:08:35.460   806  1246 D InetDiagMessage: Destroyed 0 sockets, proto=IPPROTO_TCP, family=AF_INET, states=14
04-07 07:08:35.460   806  1246 D InetDiagMessage: Destroyed 0 sockets, proto=IPPROTO_TCP, family=AF_INET6, states=14
04-07 07:08:35.461   806  1246 D InetDiagMessage: Destroyed live tcp sockets for uids={10143} in 1ms
04-07 07:08:35.461   806  1246 D InetDiagMessage: Destroyed 0 sockets, proto=IPPROTO_TCP, family=AF_INET, states=14
--
04-07 07:17:24.807   806  1240 I HalDevMgr: bestIfaceCreationProposal is null, requestIface=STA, existingIface=[name=wlan0 type=STA]
04-07 07:17:25.894  1452  1612 W AlarmManager: Unrecognized alarm listener com.android.networkstack.android.net.ip.IpClientLinkObserver$Dhcp6PdPreferredPrefixAlarmListener@9ba8e90
04-07 07:17:25.894  1452  1612 D ApfFilter: (wlan0): Adding RA fe80::2 -> ff02::1 1800s fec0::/64 86400s/14400s DNS 1200000s fec0::3 
04-07 07:17:27.812   806  1240 I HalDevMgr: bestIfaceCreationProposal is null, requestIface=STA, existingIface=[name=wlan0 type=STA]
04-07 07:17:27.983  1952  1952 W libbinder.BackendUnifiedServiceManager: Thread Pool max thread count is 0. Cannot cache binder as linkToDeath cannot be implemented. serviceName: package
04-07 07:17:28.078  9409 23663 I artd    : GetBestInfo: odex next to the dex file (/data/app/~~scVi5FQG4d-fWzcBuZxYFA==/com.google.android.gms-STD1RVi9lhtf68y-PXK2hA==/oat/x86_64/base.odex) is kOatUpToDate with filter 'speed-profile' executable 'false'
04-07 07:17:28.081  9409  9410 I artd    : GetBestInfo: odex next to the dex file (/data/app/~~scVi5FQG4d-fWzcBuZxYFA==/com.google.android.gms-STD1RVi9lhtf68y-PXK2hA==/oat/x86_64/split_AdsDynamite_installtime.odex) is kOatUpToDate with filter 'speed' executable 'false'
04-07 07:17:28.083  9409  9410 I artd    : GetBestInfo: odex next to the dex file (/data/app/~~scVi5FQG4d-fWzcBuZxYFA==/com.google.android.gms-STD1RVi9lhtf68y-PXK2hA==/oat/x86_64/split_CronetDynamite_installtime.odex) is kOatUpToDate with filter 'speed' executable 'false'
--
04-07 07:21:27.032 23182 23182 D BoundBrokerSvc: onUnbind: Intent { act=com.google.android.gms.common.BIND_SHARED_PREFS xflg=0x4 pkg=com.google.android.gms }
04-07 07:21:27.067 23182 23198 I fzke    : (REDACTED) Shared storage file not found for %s
04-07 07:21:27.085   806   914 D FileUtils: Rounded bytes from 2061053952 to 4000000000
04-07 07:21:27.619   806  1755 W AppOps  : Noting op not finished: uid 10155 pkg com.google.android.gms code 79 startTime of in progress event=1775544537325
04-07 07:21:27.622   806  1755 W AppOps  : Noting op not finished: uid 10155 pkg com.google.android.gms code 113 startTime of in progress event=1775544537325
04-07 07:21:27.634  6630  6736 I ActivityScheduler: nextTriggerTime: 20377278, in 238100ms, detectorType: 39, FULL_TYPE alarmWindowMillis: 80000
04-07 07:21:28.103  2050  2050 W libbinder.BackendUnifiedServiceManager: Thread Pool max thread count is 0. Cannot cache binder as linkToDeath cannot be implemented. serviceName: package
04-07 07:21:28.190  9409 23663 I artd    : GetBestInfo: odex next to the dex file (/data/app/~~scVi5FQG4d-fWzcBuZxYFA==/com.google.android.gms-STD1RVi9lhtf68y-PXK2hA==/oat/x86_64/base.odex) is kOatUpToDate with filter 'speed-profile' executable 'false'
--
04-07 07:21:53.388  1584  1584 I wpa_supplicant: wlan0: CTRL-EVENT-BEACON-LOSS 
04-07 07:21:53.646  1452  1612 W AlarmManager: Unrecognized alarm listener com.android.networkstack.android.net.ip.IpClientLinkObserver$Dhcp6PdPreferredPrefixAlarmListener@9ba8e90
04-07 07:21:53.647  1452  1612 D ApfFilter: (wlan0): Ignoring RA RA fe80::2 -> ff02::1 1800s fec0::/64 86400s/14400s DNS 1200000s fec0::3  which matches RA fe80::2 -> ff02::1 1800s fec0::/64 86400s/14400s DNS 1200000s fec0::3 
04-07 07:21:55.522   806  1240 I HalDevMgr: bestIfaceCreationProposal is null, requestIface=STA, existingIface=[name=wlan0 type=STA]
04-07 07:21:56.294  6630  2047 I AlarmManager: setExactAndAllowWhileIdle [name: GCM_HB_ALARM type: 2 triggerAtMillis: 20827839]
04-07 07:21:56.295  6630  2047 I AlarmManager: setExactAndAllowWhileIdle [name: GCM_HB_ALARM type: 2 triggerAtMillis: 20827840]
04-07 07:21:58.106  2061  2061 W libbinder.BackendUnifiedServiceManager: Thread Pool max thread count is 0. Cannot cache binder as linkToDeath cannot be implemented. serviceName: package
04-07 07:21:58.188  9409 23663 I artd    : GetBestInfo: odex next to the dex file (/data/app/~~scVi5FQG4d-fWzcBuZxYFA==/com.google.android.gms-STD1RVi9lhtf68y-PXK2hA==/oat/x86_64/base.odex) is kOatUpToDate with filter 'speed-profile' executable 'false'
--
04-07 07:25:38.397  9409 23663 I artd    : GetBestInfo: odex next to the dex file (/data/app/~~scVi5FQG4d-fWzcBuZxYFA==/com.google.android.gms-STD1RVi9lhtf68y-PXK2hA==/oat/x86_64/split_GoogleCertificates_installtime.odex) is kOatUpToDate with filter 'speed' executable 'false'
04-07 07:25:38.399  9409 23663 I artd    : GetBestInfo: odex next to the dex file (/data/app/~~scVi5FQG4d-fWzcBuZxYFA==/com.google.android.gms-STD1RVi9lhtf68y-PXK2hA==/oat/x86_64/split_MapsDynamite_installtime.odex) is kOatUpToDate with filter 'speed' executable 'false'
04-07 07:25:38.400  9409 23663 I artd    : GetBestInfo: odex next to the dex file (/data/app/~~scVi5FQG4d-fWzcBuZxYFA==/com.google.android.gms-STD1RVi9lhtf68y-PXK2hA==/oat/x86_64/split_MeasurementDynamite_installtime.odex) is kOatUpToDate with filter 'speed' executable 'false'
04-07 07:25:38.402  9409 23663 I artd    : GetBestInfo: odex next to the dex file (/data/app/~~scVi5FQG4d-fWzcBuZxYFA==/com.google.android.gms-STD1RVi9lhtf68y-PXK2hA==/oat/x86_64/split_all_locale_splits.odex) is kOatUpToDate with filter 'speed' executable 'false'
04-07 07:25:38.404  9409 23663 I artd    : GetBestInfo: /data/user_de/0/com.google.android.gms/app_chimera/m/0000000d/dl-PlayCloudSearch.optional_253434100000.apk has no usable artifacts
04-07 07:25:38.406  9409 23663 I artd    : GetBestInfo: /data/user_de/0/com.google.android.gms/app_chimera/m/0000000b/dl-MlkitBarcodeUi.optional_253434100800.apk has no usable artifacts
