04-07 07:25:38.407  9409 23663 I artd    : GetBestInfo: /data/user_de/0/com.google.android.gms/app_chimera/m/0000000a/dl-TfliteDynamiteDynamite.integ_252130102100800.apk has no usable artifacts
04-07 07:25:38.408  9409 23663 I artd    : GetBestInfo: /data/user_de/0/com.google.android.gms/app_chimera/m/00000001/CronetDynamite.apk has no usable artifacts
--
04-07 07:25:48.399  9409 23663 I artd    : GetBestInfo: /data/user_de/0/com.google.android.gms/app_chimera/m/0000000a/dl-TfliteDynamiteDynamite.integ_252130102100800.apk has no usable artifacts
04-07 07:25:48.399  9409 23663 I artd    : GetBestInfo: /data/user_de/0/com.google.android.gms/app_chimera/m/00000001/CronetDynamite.apk has no usable artifacts
04-07 07:25:48.400  9409 23663 I artd    : GetBestInfo: /data/user_de/0/com.google.android.gms/app_chimera/m/00000016/dl-PlayCloudSearch.optional_260438100000.apk has no usable artifacts
04-07 07:25:48.401  9409 23663 I artd    : GetBestInfo: /data/user_de/0/com.google.android.gms/app_chimera/m/00000002/DynamiteLoader.apk has no usable artifacts
04-07 07:25:48.401  9409 23663 I artd    : GetBestInfo: /data/user_de/0/com.google.android.gms/app_chimera/m/00000005/GoogleCertificates.apk has no usable artifacts
04-07 07:25:48.402  9409 23663 I artd    : GetBestInfo: /data/user_de/0/com.google.android.gms/app_chimera/m/0000000c/dl-Appsearch.optional_253434100800.apk has no usable artifacts
04-07 07:25:48.405  9409 23663 I artd    : GetBestInfo: /data/user_de/0/com.google.android.gms/app_chimera/m/00000015/dl-MlkitOcrCommon.optional_260438100800.apk has no usable artifacts
04-07 07:25:48.406  9409 23663 I artd    : GetBestInfo: /data/user_de/0/com.google.android.gms/app_chimera/m/00000013/dl-MlkitBarcodeUi.optional_260438100800.apk has no usable artifacts
--
04-07 07:25:58.397  9409 23663 I artd    : GetBestInfo: odex next to the dex file (/data/app/~~scVi5FQG4d-fWzcBuZxYFA==/com.google.android.gms-STD1RVi9lhtf68y-PXK2hA==/oat/x86_64/split_GoogleCertificates_installtime.odex) is kOatUpToDate with filter 'speed' executable 'false'
04-07 07:25:58.398  9409 23663 I artd    : GetBestInfo: odex next to the dex file (/data/app/~~scVi5FQG4d-fWzcBuZxYFA==/com.google.android.gms-STD1RVi9lhtf68y-PXK2hA==/oat/x86_64/split_MapsDynamite_installtime.odex) is kOatUpToDate with filter 'speed' executable 'false'
04-07 07:25:58.400  9409 23663 I artd    : GetBestInfo: odex next to the dex file (/data/app/~~scVi5FQG4d-fWzcBuZxYFA==/com.google.android.gms-STD1RVi9lhtf68y-PXK2hA==/oat/x86_64/split_MeasurementDynamite_installtime.odex) is kOatUpToDate with filter 'speed' executable 'false'
04-07 07:25:58.401  9409 23663 I artd    : GetBestInfo: odex next to the dex file (/data/app/~~scVi5FQG4d-fWzcBuZxYFA==/com.google.android.gms-STD1RVi9lhtf68y-PXK2hA==/oat/x86_64/split_all_locale_splits.odex) is kOatUpToDate with filter 'speed' executable 'false'
04-07 07:25:58.404  9409 23663 I artd    : GetBestInfo: /data/user_de/0/com.google.android.gms/app_chimera/m/0000000d/dl-PlayCloudSearch.optional_253434100000.apk has no usable artifacts
04-07 07:25:58.405  9409 23663 I artd    : GetBestInfo: /data/user_de/0/com.google.android.gms/app_chimera/m/0000000b/dl-MlkitBarcodeUi.optional_253434100800.apk has no usable artifacts
04-07 07:25:58.406  9409 23663 I artd    : GetBestInfo: /data/user_de/0/com.google.android.gms/app_chimera/m/0000000a/dl-TfliteDynamiteDynamite.integ_252130102100800.apk has no usable artifacts
04-07 07:25:58.407  9409 23663 I artd    : GetBestInfo: /data/user_de/0/com.google.android.gms/app_chimera/m/00000001/CronetDynamite.apk has no usable artifacts
--
04-07 07:31:02.955   806  1240 I HalDevMgr: bestIfaceCreationProposal is null, requestIface=STA, existingIface=[name=wlan0 type=STA]
04-07 07:31:04.328  1452  1612 W AlarmManager: Unrecognized alarm listener com.android.networkstack.android.net.ip.IpClientLinkObserver$Dhcp6PdPreferredPrefixAlarmListener@9ba8e90
04-07 07:31:04.329  1452  1612 D ApfFilter: (wlan0): Adding RA fe80::2 -> ff02::1 1800s fec0::/64 86400s/14400s DNS 1200000s fec0::3 
04-07 07:31:05.581  1584  1584 I wpa_supplicant: wlan0: CTRL-EVENT-BEACON-LOSS 
04-07 07:31:05.959   806  1240 I HalDevMgr: bestIfaceCreationProposal is null, requestIface=STA, existingIface=[name=wlan0 type=STA]
04-07 07:31:08.486  2321  2321 W libbinder.BackendUnifiedServiceManager: Thread Pool max thread count is 0. Cannot cache binder as linkToDeath cannot be implemented. serviceName: package
04-07 07:31:08.576  9409 23663 I artd    : GetBestInfo: odex next to the dex file (/data/app/~~scVi5FQG4d-fWzcBuZxYFA==/com.google.android.gms-STD1RVi9lhtf68y-PXK2hA==/oat/x86_64/base.odex) is kOatUpToDate with filter 'speed-profile' executable 'false'
04-07 07:31:08.578  9409 23663 I artd    : GetBestInfo: odex next to the dex file (/data/app/~~scVi5FQG4d-fWzcBuZxYFA==/com.google.android.gms-STD1RVi9lhtf68y-PXK2hA==/oat/x86_64/split_AdsDynamite_installtime.odex) is kOatUpToDate with filter 'speed' executable 'false'
--
04-07 07:37:30.962   806  1240 I HalDevMgr: bestIfaceCreationProposal is null, requestIface=STA, existingIface=[name=wlan0 type=STA]
04-07 07:37:31.392  1452  1612 W AlarmManager: Unrecognized alarm listener com.android.networkstack.android.net.ip.IpClientLinkObserver$Dhcp6PdPreferredPrefixAlarmListener@9ba8e90
04-07 07:37:31.393  1452  1612 D ApfFilter: (wlan0): Adding RA fe80::2 -> ff02::1 1800s fec0::/64 86400s/14400s DNS 1200000s fec0::3 
04-07 07:37:32.957  1529  1688 D SatelliteController: iisInCarrierRoamingNbIotNtn: satellite is disabled
04-07 07:37:32.958   806  1311 W libbinder.IPCThreadState: Sending oneway calls to frozen process.
04-07 07:37:32.958  1529  1688 D SatelliteController: getCarrierRoamingNtnConnectType: Falling back to global carrier config connect type: 0
04-07 07:37:33.966   806  1240 I HalDevMgr: bestIfaceCreationProposal is null, requestIface=STA, existingIface=[name=wlan0 type=STA]
04-07 07:37:36.974   806  1240 I HalDevMgr: bestIfaceCreationProposal is null, requestIface=STA, existingIface=[name=wlan0 type=STA]
--
04-07 07:41:34.606   806  1240 I HalDevMgr: bestIfaceCreationProposal is null, requestIface=STA, existingIface=[name=wlan0 type=STA]
04-07 07:41:35.139  1452  1612 W AlarmManager: Unrecognized alarm listener com.android.networkstack.android.net.ip.IpClientLinkObserver$Dhcp6PdPreferredPrefixAlarmListener@9ba8e90
04-07 07:41:35.139  1452  1612 D ApfFilter: (wlan0): Ignoring RA RA fe80::2 -> ff02::1 1800s fec0::/64 86400s/14400s DNS 1200000s fec0::3  which matches RA fe80::2 -> ff02::1 1800s fec0::/64 86400s/14400s DNS 1200000s fec0::3 
04-07 07:41:37.327  6630  2047 I AlarmManager: setExactAndAllowWhileIdle [name: GCM_HB_ALARM type: 2 triggerAtMillis: 22008872]
04-07 07:41:37.329  6630  2047 I AlarmManager: setExactAndAllowWhileIdle [name: GCM_HB_ALARM type: 2 triggerAtMillis: 22008874]
04-07 07:41:37.389  1584  1584 I wpa_supplicant: wlan0: CTRL-EVENT-BEACON-LOSS 
04-07 07:41:37.615   806  1240 I HalDevMgr: bestIfaceCreationProposal is null, requestIface=STA, existingIface=[name=wlan0 type=STA]
04-07 07:41:37.969   806   914 D WifiNl80211Manager: Scan result ready event
--
04-07 07:48:59.086  9409 23663 W artd    : Could not get dex checksums for location /data/app/~~dMoR3MNW6IjpTJxVHYqD8g==/com.android.vending-Kf_ojdVzrO61Q7Fk7BOh-w==/base.apk, fd=-1
04-07 07:48:59.604  1452  1612 W AlarmManager: Unrecognized alarm listener com.android.networkstack.android.net.ip.IpClientLinkObserver$Dhcp6PdPreferredPrefixAlarmListener@9ba8e90
04-07 07:48:59.605  1452  1612 D ApfFilter: (wlan0): Adding RA fe80::2 -> ff02::1 1800s fec0::/64 86400s/14400s DNS 1200000s fec0::3 
04-07 07:48:59.801   806  1240 I HalDevMgr: bestIfaceCreationProposal is null, requestIface=STA, existingIface=[name=wlan0 type=STA]
04-07 07:49:00.369   806   851 E BluetoothPowerStatsCollector: Cannot acquire BluetoothActivityEnergyInfo
04-07 07:49:00.369   806   851 E BluetoothPowerStatsCollector: java.util.concurrent.ExecutionException: java.lang.RuntimeException: error: 11
04-07 07:49:00.369   806   851 E BluetoothPowerStatsCollector: 	at java.util.concurrent.CompletableFuture.reportGet(CompletableFuture.java:372)
04-07 07:49:00.369   806   851 E BluetoothPowerStatsCollector: 	at java.util.concurrent.CompletableFuture.get(CompletableFuture.java:2072)
--
04-07 07:50:38.943 29028 29061 I duhh    : Building Device Properties.
04-07 07:50:38.952 29028 29063 I egpa    : (REDACTED) GLVM. isRobinUser: %b
04-07 07:50:38.953   806  2361 D FileUtils: Rounded bytes from 2061053952 to 4000000000
04-07 07:50:38.955   806  1724 D FileUtils: Rounded bytes from 2061053952 to 4000000000
04-07 07:50:38.958 29028 29063 I egjf    : #getHotwordModelConfig
04-07 07:50:38.958 29028 29109 I csfe    : (REDACTED) MDD.getFileGroup(%s)
04-07 07:50:38.964   639  2685 W APM::HwModule: getDeviceDescriptor: could not find HW module for device  (AUDIO_DEVICE_OUT_WIRED_HEADSET, 00000004) address 
04-07 07:50:38.965   639  2685 W APM::HwModule: getDeviceDescriptor: could not find HW module for device  (AUDIO_DEVICE_OUT_WIRED_HEADPHONE, 00000008) address 
04-07 07:50:38.966   639  2685 W APM::HwModule: getDeviceDescriptor: could not find HW module for device  (AUDIO_DEVICE_OUT_USB_HEADSET, 04000000) address 
04-07 07:50:38.973 29028 29049 I csfe    : (REDACTED) Loading %s from MDD with name=%s version=%d BuildId= %d
04-07 07:50:38.975 29028 29063 I csfe    : (REDACTED) [SRM] [Hotword] get hotword model config success, %d locales.
04-07 07:50:38.975 29028 29063 I csfe    : (REDACTED) MDD.EmbeddedAssetManifestPopulator.refreshFileGroups(%s)
04-07 07:50:38.980 29028 29109 I csfe    : (REDACTED) MDD.getFileGroup(%s)
04-07 07:50:38.980 29028 29049 I csfe    : (REDACTED) Loading %s from MDD with name=%s version=%d BuildId= %d
--
04-07 07:52:29.157  9409  9410 I artd    : GetBestInfo: /data/user/0/com.google.android.gms/app_dg_cache/94DF452EEF4B8E717545DCDEA6CC3C50A319A195/the.apk has no usable artifacts
04-07 07:52:29.158  9409  9410 W artd    : Could not get dex checksums for location /data/app/~~dMoR3MNW6IjpTJxVHYqD8g==/com.android.vending-Kf_ojdVzrO61Q7Fk7BOh-w==/base.apk, fd=-1
04-07 07:52:30.400   806  1240 I HalDevMgr: bestIfaceCreationProposal is null, requestIface=STA, existingIface=[name=wlan0 type=STA]
04-07 07:52:32.977  1529  1688 D SatelliteController: iisInCarrierRoamingNbIotNtn: satellite is disabled
04-07 07:52:32.977   806   913 W libbinder.IPCThreadState: Sending oneway calls to frozen process.
04-07 07:52:32.978  1529  1688 D SatelliteController: getCarrierRoamingNtnConnectType: Falling back to global carrier config connect type: 0
04-07 07:52:33.409   806  1240 I HalDevMgr: bestIfaceCreationProposal is null, requestIface=STA, existingIface=[name=wlan0 type=STA]
04-07 07:52:33.517  1584  1584 I wpa_supplicant: wlan0: CTRL-EVENT-BEACON-LOSS 
--
04-07 07:53:22.978  1529  1688 D SatelliteController: getCarrierRoamingNtnConnectType: Falling back to global carrier config connect type: 0
04-07 07:53:24.547   806  1240 I HalDevMgr: bestIfaceCreationProposal is null, requestIface=STA, existingIface=[name=wlan0 type=STA]
04-07 07:53:27.081   806  1311 D FileUtils: Rounded bytes from 2061053952 to 4000000000
04-07 07:53:27.094 24619 24769 V ClearcutMetricXmitter: Transmission is done.
04-07 07:53:27.556   806  1240 I HalDevMgr: bestIfaceCreationProposal is null, requestIface=STA, existingIface=[name=wlan0 type=STA]
04-07 07:53:29.046  2905  2905 W libbinder.BackendUnifiedServiceManager: Thread Pool max thread count is 0. Cannot cache binder as linkToDeath cannot be implemented. serviceName: package
04-07 07:53:29.137  9409 23663 I artd    : GetBestInfo: odex next to the dex file (/data/app/~~scVi5FQG4d-fWzcBuZxYFA==/com.google.android.gms-STD1RVi9lhtf68y-PXK2hA==/oat/x86_64/base.odex) is kOatUpToDate with filter 'speed-profile' executable 'false'
04-07 07:53:29.140  9409 23663 I artd    : GetBestInfo: odex next to the dex file (/data/app/~~scVi5FQG4d-fWzcBuZxYFA==/com.google.android.gms-STD1RVi9lhtf68y-PXK2hA==/oat/x86_64/split_AdsDynamite_installtime.odex) is kOatUpToDate with filter 'speed' executable 'false'
--
04-07 07:56:52.982   806  1311 W libbinder.IPCThreadState: Sending oneway calls to frozen process.
04-07 07:56:54.735  1452  1612 W AlarmManager: Unrecognized alarm listener com.android.networkstack.android.net.ip.IpClientLinkObserver$Dhcp6PdPreferredPrefixAlarmListener@9ba8e90
04-07 07:56:54.735  1452  1612 D ApfFilter: (wlan0): Adding RA fe80::2 -> ff02::1 1800s fec0::/64 86400s/14400s DNS 1200000s fec0::3 
04-07 07:56:55.100   806  1240 I HalDevMgr: bestIfaceCreationProposal is null, requestIface=STA, existingIface=[name=wlan0 type=STA]
04-07 07:56:57.452  1584  1584 I wpa_supplicant: wlan0: CTRL-EVENT-BEACON-LOSS 
04-07 07:56:58.109   806  1240 I HalDevMgr: bestIfaceCreationProposal is null, requestIface=STA, existingIface=[name=wlan0 type=STA]
04-07 07:56:59.213  2983  2983 W libbinder.BackendUnifiedServiceManager: Thread Pool max thread count is 0. Cannot cache binder as linkToDeath cannot be implemented. serviceName: package
04-07 07:56:59.321  9409 23663 I artd    : GetBestInfo: odex next to the dex file (/data/app/~~scVi5FQG4d-fWzcBuZxYFA==/com.google.android.gms-STD1RVi9lhtf68y-PXK2hA==/oat/x86_64/base.odex) is kOatUpToDate with filter 'speed-profile' executable 'false'
--
04-07 07:58:29.397  9409  9410 I artd    : GetBestInfo: odex next to the dex file (/data/app/~~scVi5FQG4d-fWzcBuZxYFA==/com.google.android.gms-STD1RVi9lhtf68y-PXK2hA==/oat/x86_64/split_GoogleCertificates_installtime.odex) is kOatUpToDate with filter 'speed' executable 'false'
04-07 07:58:29.398  9409  9410 I artd    : GetBestInfo: odex next to the dex file (/data/app/~~scVi5FQG4d-fWzcBuZxYFA==/com.google.android.gms-STD1RVi9lhtf68y-PXK2hA==/oat/x86_64/split_MapsDynamite_installtime.odex) is kOatUpToDate with filter 'speed' executable 'false'
04-07 07:58:29.400  9409  9410 I artd    : GetBestInfo: odex next to the dex file (/data/app/~~scVi5FQG4d-fWzcBuZxYFA==/com.google.android.gms-STD1RVi9lhtf68y-PXK2hA==/oat/x86_64/split_MeasurementDynamite_installtime.odex) is kOatUpToDate with filter 'speed' executable 'false'
04-07 07:58:29.401  9409  9410 I artd    : GetBestInfo: odex next to the dex file (/data/app/~~scVi5FQG4d-fWzcBuZxYFA==/com.google.android.gms-STD1RVi9lhtf68y-PXK2hA==/oat/x86_64/split_all_locale_splits.odex) is kOatUpToDate with filter 'speed' executable 'false'
04-07 07:58:29.403  9409  9410 I artd    : GetBestInfo: /data/user_de/0/com.google.android.gms/app_chimera/m/0000000d/dl-PlayCloudSearch.optional_253434100000.apk has no usable artifacts
04-07 07:58:29.404  9409  9410 I artd    : GetBestInfo: /data/user_de/0/com.google.android.gms/app_chimera/m/0000000b/dl-MlkitBarcodeUi.optional_253434100800.apk has no usable artifacts
04-07 07:58:29.405  9409 23663 I artd    : GetBestInfo: /data/user_de/0/com.google.android.gms/app_chimera/m/0000000a/dl-TfliteDynamiteDynamite.integ_252130102100800.apk has no usable artifacts
04-07 07:58:29.406  9409 23663 I artd    : GetBestInfo: /data/user_de/0/com.google.android.gms/app_chimera/m/00000001/CronetDynamite.apk has no usable artifacts
--
04-07 08:00:00.175  3885  1180 D DatabaseUtils: insert() battery event data into database
04-07 08:00:00.175  3885  1180 D DatabaseUtils: sendBatteryEventData() size=6 in 14/ms
04-07 08:00:00.175  3885  1180 D BatteryUsageDataLoader: preprocessBatteryUsageSlots() batteryLevelData=dailyBatteryLevels: timestamps: [1775516400000, 1775520000000, 1775548800000]; levels: [-1, 100, 100]; hourlyBatteryLevelsPerDay: [timestamps: [1775516400000, 1775520000000]; levels: [-1, 100], timestamps: [1775520000000, 1775527200000, 1775534400000, 1775541600000, 1775548800000]; levels: [100, -1, -1, -1, 100]] in 18/ms
04-07 08:00:00.175  3885  1180 D BatteryUsageDataLoader: loadUsageDataSafely() in 148/ms
04-07 08:00:00.178  3885  1180 D DatabaseUtils: sixDaysAgoTimestamp: Apr 01, 2026, 00:00:00
04-07 08:00:00.178  3885  1180 D BatteryUsageContentProvider: getQueryUserIds from uri: content://com.android.settings.battery.usage.provider/AppUsageEvent?timestamp=1775530800000&userid=0
04-07 08:00:00.178  3885  1180 D BatteryUsageContentProvider: getQueryTimestamp from uri: content://com.android.settings.battery.usage.provider/AppUsageEvent?timestamp=1775530800000&userid=0
04-07 08:00:00.178  3885  1180 W BatteryUsageContentProvider: getAppUsageEvents() in 0/ms
--
04-07 08:01:59.497  9409 23663 W artd    : Could not get dex checksums for location /data/app/~~dMoR3MNW6IjpTJxVHYqD8g==/com.android.vending-Kf_ojdVzrO61Q7Fk7BOh-w==/base.apk, fd=-1
04-07 08:02:00.707  1452  1612 W AlarmManager: Unrecognized alarm listener com.android.networkstack.android.net.ip.IpClientLinkObserver$Dhcp6PdPreferredPrefixAlarmListener@9ba8e90
04-07 08:02:00.708  1452  1612 D ApfFilter: (wlan0): Adding RA fe80::2 -> ff02::1 1800s fec0::/64 86400s/14400s DNS 1200000s fec0::3 
04-07 08:02:01.581  1584  1584 I wpa_supplicant: wlan0: CTRL-EVENT-BEACON-LOSS 
04-07 08:02:01.935   806  1240 I HalDevMgr: bestIfaceCreationProposal is null, requestIface=STA, existingIface=[name=wlan0 type=STA]
04-07 08:02:02.989  1529  1688 D SatelliteController: iisInCarrierRoamingNbIotNtn: satellite is disabled
04-07 08:02:02.989  1529  1688 D SatelliteController: getCarrierRoamingNtnConnectType: Falling back to global carrier config connect type: 0
04-07 08:02:02.989   806   913 W libbinder.IPCThreadState: Sending oneway calls to frozen process.
--
04-07 08:09:13.453  1584  1584 I wpa_supplicant: wlan0: CTRL-EVENT-BEACON-LOSS 
04-07 08:09:15.004   806   841 D ActivityManager: sync unfroze 16463 com.google.android.configupdater for 3
04-07 08:09:15.007 16463 16463 D ConfigUpdater: UpdateRequestReceiver constructed with Config: com.google.android.configupdater.SmartSelection.SmartSelectionConfig@8e349fe, StoredState: com.google.android.configupdater.StoredState@1c6155f, DownloadManagerHelper: com.google.android.configupdater.DownloadManagerHelper@2543bac, FlagHelper: com.google.android.configupdater.PhenotypeHelper@b140075
04-07 08:09:15.007 16463 16463 D ConfigUpdater: Setting up preferences for StoredState, Downloader, and FlagHelper
04-07 08:09:15.007 16463 16463 D ConfigUpdater: Setting up DownloadManagerHelper
04-07 08:09:15.007 16463 16463 D ConfigUpdater: Loaded SharedPreferences: SmartSelectionDownload
04-07 08:09:15.007 16463 16463 D ConfigUpdater: Using Lollipop+ download directory: /data/user/0/com.google.android.configupdater/files/downloads
04-07 08:09:15.007 16463 16463 D ConfigUpdater: Got DownloadManager service
--
04-07 08:11:54.463   806  1240 I HalDevMgr: bestIfaceCreationProposal is null, requestIface=STA, existingIface=[name=wlan0 type=STA]
04-07 08:11:55.576  1452  1612 W AlarmManager: Unrecognized alarm listener com.android.networkstack.android.net.ip.IpClientLinkObserver$Dhcp6PdPreferredPrefixAlarmListener@9ba8e90
04-07 08:11:55.577  1452  1612 D ApfFilter: (wlan0): Adding RA fe80::2 -> ff02::1 1800s fec0::/64 86400s/14400s DNS 1200000s fec0::3 
04-07 08:11:57.471   806  1240 I HalDevMgr: bestIfaceCreationProposal is null, requestIface=STA, existingIface=[name=wlan0 type=STA]
04-07 08:11:59.510  3367  3367 W libbinder.BackendUnifiedServiceManager: Thread Pool max thread count is 0. Cannot cache binder as linkToDeath cannot be implemented. serviceName: package
04-07 08:11:59.617  9409  9410 I artd    : GetBestInfo: odex next to the dex file (/data/app/~~scVi5FQG4d-fWzcBuZxYFA==/com.google.android.gms-STD1RVi9lhtf68y-PXK2hA==/oat/x86_64/base.odex) is kOatUpToDate with filter 'speed-profile' executable 'false'
04-07 08:11:59.620  9409  9410 I artd    : GetBestInfo: odex next to the dex file (/data/app/~~scVi5FQG4d-fWzcBuZxYFA==/com.google.android.gms-STD1RVi9lhtf68y-PXK2hA==/oat/x86_64/split_AdsDynamite_installtime.odex) is kOatUpToDate with filter 'speed' executable 'false'
04-07 08:11:59.622  9409  9410 I artd    : GetBestInfo: odex next to the dex file (/data/app/~~scVi5FQG4d-fWzcBuZxYFA==/com.google.android.gms-STD1RVi9lhtf68y-PXK2hA==/oat/x86_64/split_CronetDynamite_installtime.odex) is kOatUpToDate with filter 'speed' executable 'false'
--
04-07 08:13:27.715   806  1240 I HalDevMgr: bestIfaceCreationProposal is null, requestIface=STA, existingIface=[name=wlan0 type=STA]
04-07 08:13:29.453  1584  1584 I wpa_supplicant: wlan0: CTRL-EVENT-BEACON-LOSS 
04-07 08:13:29.536  3400  3400 W libbinder.BackendUnifiedServiceManager: Thread Pool max thread count is 0. Cannot cache binder as linkToDeath cannot be implemented. serviceName: package
04-07 08:13:29.642  9409  9410 I artd    : GetBestInfo: odex next to the dex file (/data/app/~~scVi5FQG4d-fWzcBuZxYFA==/com.google.android.gms-STD1RVi9lhtf68y-PXK2hA==/oat/x86_64/base.odex) is kOatUpToDate with filter 'speed-profile' executable 'false'
04-07 08:13:29.644  9409  9410 I artd    : GetBestInfo: odex next to the dex file (/data/app/~~scVi5FQG4d-fWzcBuZxYFA==/com.google.android.gms-STD1RVi9lhtf68y-PXK2hA==/oat/x86_64/split_AdsDynamite_installtime.odex) is kOatUpToDate with filter 'speed' executable 'false'
04-07 08:13:29.646  9409  9410 I artd    : GetBestInfo: odex next to the dex file (/data/app/~~scVi5FQG4d-fWzcBuZxYFA==/com.google.android.gms-STD1RVi9lhtf68y-PXK2hA==/oat/x86_64/split_CronetDynamite_installtime.odex) is kOatUpToDate with filter 'speed' executable 'false'
04-07 08:13:29.647  9409  9410 I artd    : GetBestInfo: odex next to the dex file (/data/app/~~scVi5FQG4d-fWzcBuZxYFA==/com.google.android.gms-STD1RVi9lhtf68y-PXK2hA==/oat/x86_64/split_DynamiteLoader_installtime.odex) is kOatUpToDate with filter 'speed' executable 'false'
04-07 08:13:29.649  9409  9410 I artd    : GetBestInfo: odex next to the dex file (/data/app/~~scVi5FQG4d-fWzcBuZxYFA==/com.google.android.gms-STD1RVi9lhtf68y-PXK2hA==/oat/x86_64/split_DynamiteModulesA_installtime.odex) is kOatUpToDate with filter 'speed' executable 'false'
--
04-07 08:21:50.034   806  1240 I HalDevMgr: bestIfaceCreationProposal is null, requestIface=STA, existingIface=[name=wlan0 type=STA]
04-07 08:21:51.405  1452  1612 W AlarmManager: Unrecognized alarm listener com.android.networkstack.android.net.ip.IpClientLinkObserver$Dhcp6PdPreferredPrefixAlarmListener@9ba8e90
04-07 08:21:51.405  1452  1612 D ApfFilter: (wlan0): Adding RA fe80::2 -> ff02::1 1800s fec0::/64 86400s/14400s DNS 1200000s fec0::3 
04-07 08:21:53.011  1529  1688 D SatelliteController: iisInCarrierRoamingNbIotNtn: satellite is disabled
04-07 08:21:53.012   806  2263 W libbinder.IPCThreadState: Sending oneway calls to frozen process.
04-07 08:21:53.012  1529  1688 D SatelliteController: getCarrierRoamingNtnConnectType: Falling back to global carrier config connect type: 0
04-07 08:21:53.041   806  1240 I HalDevMgr: bestIfaceCreationProposal is null, requestIface=STA, existingIface=[name=wlan0 type=STA]
04-07 08:21:53.517  1584  1584 I wpa_supplicant: wlan0: CTRL-EVENT-BEACON-LOSS 
--
04-07 08:31:36.582   806  1240 I HalDevMgr: bestIfaceCreationProposal is null, requestIface=STA, existingIface=[name=wlan0 type=STA]
04-07 08:31:37.246  1452  1612 W AlarmManager: Unrecognized alarm listener com.android.networkstack.android.net.ip.IpClientLinkObserver$Dhcp6PdPreferredPrefixAlarmListener@9ba8e90
04-07 08:31:37.247  1452  1612 D ApfFilter: (wlan0): Adding RA fe80::2 -> ff02::1 1800s fec0::/64 86400s/14400s DNS 1200000s fec0::3 
04-07 08:31:37.452  1584  1584 I wpa_supplicant: wlan0: CTRL-EVENT-BEACON-LOSS 
04-07 08:31:39.590   806  1240 I HalDevMgr: bestIfaceCreationProposal is null, requestIface=STA, existingIface=[name=wlan0 type=STA]
04-07 08:31:39.984  3790  3790 W libbinder.BackendUnifiedServiceManager: Thread Pool max thread count is 0. Cannot cache binder as linkToDeath cannot be implemented. serviceName: package
04-07 08:31:40.095  9409  9410 I artd    : GetBestInfo: odex next to the dex file (/data/app/~~scVi5FQG4d-fWzcBuZxYFA==/com.google.android.gms-STD1RVi9lhtf68y-PXK2hA==/oat/x86_64/base.odex) is kOatUpToDate with filter 'speed-profile' executable 'false'
04-07 08:31:40.098  9409  9410 I artd    : GetBestInfo: odex next to the dex file (/data/app/~~scVi5FQG4d-fWzcBuZxYFA==/com.google.android.gms-STD1RVi9lhtf68y-PXK2hA==/oat/x86_64/split_AdsDynamite_installtime.odex) is kOatUpToDate with filter 'speed' executable 'false'
--
04-07 08:39:34.838   806  1240 I HalDevMgr: bestIfaceCreationProposal is null, requestIface=STA, existingIface=[name=wlan0 type=STA]
04-07 08:39:35.769  1452  1612 W AlarmManager: Unrecognized alarm listener com.android.networkstack.android.net.ip.IpClientLinkObserver$Dhcp6PdPreferredPrefixAlarmListener@9ba8e90
04-07 08:39:35.769  1452  1612 D ApfFilter: (wlan0): Adding RA fe80::2 -> ff02::1 1800s fec0::/64 86400s/14400s DNS 1200000s fec0::3 
04-07 08:39:37.452  1584  1584 I wpa_supplicant: wlan0: CTRL-EVENT-BEACON-LOSS 
04-07 08:39:37.845   806  1240 I HalDevMgr: bestIfaceCreationProposal is null, requestIface=STA, existingIface=[name=wlan0 type=STA]
04-07 08:39:40.202  3977  3977 W libbinder.BackendUnifiedServiceManager: Thread Pool max thread count is 0. Cannot cache binder as linkToDeath cannot be implemented. serviceName: package
04-07 08:39:40.309  9409  9976 I artd    : GetBestInfo: odex next to the dex file (/data/app/~~scVi5FQG4d-fWzcBuZxYFA==/com.google.android.gms-STD1RVi9lhtf68y-PXK2hA==/oat/x86_64/base.odex) is kOatUpToDate with filter 'speed-profile' executable 'false'
04-07 08:39:40.312  9409  9976 I artd    : GetBestInfo: odex next to the dex file (/data/app/~~scVi5FQG4d-fWzcBuZxYFA==/com.google.android.gms-STD1RVi9lhtf68y-PXK2hA==/oat/x86_64/split_AdsDynamite_installtime.odex) is kOatUpToDate with filter 'speed' executable 'false'
--
04-07 08:40:49.389  1584  1584 I wpa_supplicant: wlan0: CTRL-EVENT-BEACON-LOSS 
04-07 08:40:50.040   806  1240 I HalDevMgr: bestIfaceCreationProposal is null, requestIface=STA, existingIface=[name=wlan0 type=STA]
04-07 08:40:50.222  4003  4003 W libbinder.BackendUnifiedServiceManager: Thread Pool max thread count is 0. Cannot cache binder as linkToDeath cannot be implemented. serviceName: package
04-07 08:40:50.319  9409  9976 I artd    : GetBestInfo: odex next to the dex file (/data/app/~~scVi5FQG4d-fWzcBuZxYFA==/com.google.android.gms-STD1RVi9lhtf68y-PXK2hA==/oat/x86_64/base.odex) is kOatUpToDate with filter 'speed-profile' executable 'false'
04-07 08:40:50.321  9409  9976 I artd    : GetBestInfo: odex next to the dex file (/data/app/~~scVi5FQG4d-fWzcBuZxYFA==/com.google.android.gms-STD1RVi9lhtf68y-PXK2hA==/oat/x86_64/split_AdsDynamite_installtime.odex) is kOatUpToDate with filter 'speed' executable 'false'
04-07 08:40:50.322  9409  9976 I artd    : GetBestInfo: odex next to the dex file (/data/app/~~scVi5FQG4d-fWzcBuZxYFA==/com.google.android.gms-STD1RVi9lhtf68y-PXK2hA==/oat/x86_64/split_CronetDynamite_installtime.odex) is kOatUpToDate with filter 'speed' executable 'false'
04-07 08:40:50.323  9409  9976 I artd    : GetBestInfo: odex next to the dex file (/data/app/~~scVi5FQG4d-fWzcBuZxYFA==/com.google.android.gms-STD1RVi9lhtf68y-PXK2hA==/oat/x86_64/split_DynamiteLoader_installtime.odex) is kOatUpToDate with filter 'speed' executable 'false'
04-07 08:40:50.325  9409  9976 I artd    : GetBestInfo: odex next to the dex file (/data/app/~~scVi5FQG4d-fWzcBuZxYFA==/com.google.android.gms-STD1RVi9lhtf68y-PXK2hA==/oat/x86_64/split_DynamiteModulesA_installtime.odex) is kOatUpToDate with filter 'speed' executable 'false'
--
04-07 08:40:57.580  1584  1584 I wpa_supplicant: wlan0: CTRL-EVENT-BEACON-LOSS 
04-07 08:40:59.067   806  1240 I HalDevMgr: bestIfaceCreationProposal is null, requestIface=STA, existingIface=[name=wlan0 type=STA]
04-07 08:41:00.222  4006  4006 W libbinder.BackendUnifiedServiceManager: Thread Pool max thread count is 0. Cannot cache binder as linkToDeath cannot be implemented. serviceName: package
04-07 08:41:00.341  9409  9976 I artd    : GetBestInfo: odex next to the dex file (/data/app/~~scVi5FQG4d-fWzcBuZxYFA==/com.google.android.gms-STD1RVi9lhtf68y-PXK2hA==/oat/x86_64/base.odex) is kOatUpToDate with filter 'speed-profile' executable 'false'
04-07 08:41:00.343  9409  9976 I artd    : GetBestInfo: odex next to the dex file (/data/app/~~scVi5FQG4d-fWzcBuZxYFA==/com.google.android.gms-STD1RVi9lhtf68y-PXK2hA==/oat/x86_64/split_AdsDynamite_installtime.odex) is kOatUpToDate with filter 'speed' executable 'false'
04-07 08:41:00.345  9409  9976 I artd    : GetBestInfo: odex next to the dex file (/data/app/~~scVi5FQG4d-fWzcBuZxYFA==/com.google.android.gms-STD1RVi9lhtf68y-PXK2hA==/oat/x86_64/split_CronetDynamite_installtime.odex) is kOatUpToDate with filter 'speed' executable 'false'
04-07 08:41:00.346  9409  9976 I artd    : GetBestInfo: odex next to the dex file (/data/app/~~scVi5FQG4d-fWzcBuZxYFA==/com.google.android.gms-STD1RVi9lhtf68y-PXK2hA==/oat/x86_64/split_DynamiteLoader_installtime.odex) is kOatUpToDate with filter 'speed' executable 'false'
04-07 08:41:00.348  9409  9976 I artd    : GetBestInfo: odex next to the dex file (/data/app/~~scVi5FQG4d-fWzcBuZxYFA==/com.google.android.gms-STD1RVi9lhtf68y-PXK2hA==/oat/x86_64/split_DynamiteModulesA_installtime.odex) is kOatUpToDate with filter 'speed' executable 'false'
--
04-07 08:41:10.397  9409  9976 I artd    : GetBestInfo: /data/user_de/0/com.google.android.gms/app_chimera/m/00000001/CronetDynamite.apk has no usable artifacts
04-07 08:41:10.399  9409  9976 I artd    : GetBestInfo: /data/user_de/0/com.google.android.gms/app_chimera/m/00000016/dl-PlayCloudSearch.optional_260438100000.apk has no usable artifacts
04-07 08:41:10.400  9409  9976 I artd    : GetBestInfo: /data/user_de/0/com.google.android.gms/app_chimera/m/00000002/DynamiteLoader.apk has no usable artifacts
04-07 08:41:10.401  9409  9976 I artd    : GetBestInfo: /data/user_de/0/com.google.android.gms/app_chimera/m/00000005/GoogleCertificates.apk has no usable artifacts
04-07 08:41:10.402  9409  9976 I artd    : GetBestInfo: /data/user_de/0/com.google.android.gms/app_chimera/m/0000000c/dl-Appsearch.optional_253434100800.apk has no usable artifacts
04-07 08:41:10.404  9409  9976 I artd    : GetBestInfo: /data/user_de/0/com.google.android.gms/app_chimera/m/00000015/dl-MlkitOcrCommon.optional_260438100800.apk has no usable artifacts
04-07 08:41:10.405  9409  9976 I artd    : GetBestInfo: /data/user_de/0/com.google.android.gms/app_chimera/m/00000013/dl-MlkitBarcodeUi.optional_260438100800.apk has no usable artifacts
04-07 08:41:10.407  9409  9976 I artd    : GetBestInfo: vdex next to the dex file (/data/user/0/com.google.android.gms/app_dg_cache/BB2AE5A47BB198AF36C19CFD2B6407061A1BAF30/oat/x86_64/the.vdex) is kOatUpToDate with filter 'verify' executable 'false'
--
04-07 08:42:20.398  9409  9976 I artd    : GetBestInfo: /data/user_de/0/com.google.android.gms/app_chimera/m/00000016/dl-PlayCloudSearch.optional_260438100000.apk has no usable artifacts
04-07 08:42:20.399  9409  9976 I artd    : GetBestInfo: /data/user_de/0/com.google.android.gms/app_chimera/m/00000002/DynamiteLoader.apk has no usable artifacts
04-07 08:42:20.400  9409  9976 I artd    : GetBestInfo: /data/user_de/0/com.google.android.gms/app_chimera/m/00000005/GoogleCertificates.apk has no usable artifacts
04-07 08:42:20.402  9409  9976 I artd    : GetBestInfo: /data/user_de/0/com.google.android.gms/app_chimera/m/0000000c/dl-Appsearch.optional_253434100800.apk has no usable artifacts
04-07 08:42:20.403  9409  9976 I artd    : GetBestInfo: /data/user_de/0/com.google.android.gms/app_chimera/m/00000015/dl-MlkitOcrCommon.optional_260438100800.apk has no usable artifacts
04-07 08:42:20.405  9409  9976 I artd    : GetBestInfo: /data/user_de/0/com.google.android.gms/app_chimera/m/00000013/dl-MlkitBarcodeUi.optional_260438100800.apk has no usable artifacts
04-07 08:42:20.406  9409  9976 I artd    : GetBestInfo: vdex next to the dex file (/data/user/0/com.google.android.gms/app_dg_cache/BB2AE5A47BB198AF36C19CFD2B6407061A1BAF30/oat/x86_64/the.vdex) is kOatUpToDate with filter 'verify' executable 'false'
04-07 08:42:20.408  9409  9976 I artd    : GetBestInfo: /data/user_de/0/com.google.android.gms/app_chimera/m/00000011/dl-Appsearch.optional_260438100800.apk has no usable artifacts
--
04-07 08:42:50.397  9409  9976 I artd    : GetBestInfo: /data/user_de/0/com.google.android.gms/app_chimera/m/00000011/dl-Appsearch.optional_260438100800.apk has no usable artifacts
04-07 08:42:50.398  9409  9976 I artd    : GetBestInfo: /data/user_de/0/com.google.android.gms/app_chimera/m/00000010/dl-VisionOcr.optional_260438100000.apk has no usable artifacts
04-07 08:42:50.400  9409  9976 I artd    : GetBestInfo: /data/user/0/com.google.android.gms/app_dg_cache/94DF452EEF4B8E717545DCDEA6CC3C50A319A195/the.apk has no usable artifacts
04-07 08:42:50.401  9409  9976 W artd    : Could not get dex checksums for location /data/app/~~dMoR3MNW6IjpTJxVHYqD8g==/com.android.vending-Kf_ojdVzrO61Q7Fk7BOh-w==/base.apk, fd=-1
04-07 08:42:53.038  1529  1688 D SatelliteController: iisInCarrierRoamingNbIotNtn: satellite is disabled
04-07 08:42:53.039  1529  1688 D SatelliteController: getCarrierRoamingNtnConnectType: Falling back to global carrier config connect type: 0
04-07 08:42:53.039   806   914 W libbinder.IPCThreadState: Sending oneway calls to frozen process.
04-07 08:42:53.378   806  1240 I HalDevMgr: bestIfaceCreationProposal is null, requestIface=STA, existingIface=[name=wlan0 type=STA]
--
04-07 08:47:30.546  9409  9976 W artd    : Could not get dex checksums for location /data/app/~~dMoR3MNW6IjpTJxVHYqD8g==/com.android.vending-Kf_ojdVzrO61Q7Fk7BOh-w==/base.apk, fd=-1
04-07 08:47:31.431  1452  1612 W AlarmManager: Unrecognized alarm listener com.android.networkstack.android.net.ip.IpClientLinkObserver$Dhcp6PdPreferredPrefixAlarmListener@9ba8e90
04-07 08:47:31.431  1452  1612 D ApfFilter: (wlan0): Adding RA fe80::2 -> ff02::1 1800s fec0::/64 86400s/14400s DNS 1200000s fec0::3 
04-07 08:47:33.044  1529  1688 D SatelliteController: iisInCarrierRoamingNbIotNtn: satellite is disabled
04-07 08:47:33.045   806  1755 W libbinder.IPCThreadState: Sending oneway calls to frozen process.
04-07 08:47:33.046  1529  1688 D SatelliteController: getCarrierRoamingNtnConnectType: Falling back to global carrier config connect type: 0
04-07 08:47:33.139   806  1240 I HalDevMgr: bestIfaceCreationProposal is null, requestIface=STA, existingIface=[name=wlan0 type=STA]
04-07 08:47:36.147   806  1240 I HalDevMgr: bestIfaceCreationProposal is null, requestIface=STA, existingIface=[name=wlan0 type=STA]
--
04-07 08:52:06.986 29028 29108 I criv    : #entry Received background refresh worker run
04-07 08:52:06.990 29028 29063 I cqwb    : #entry Starting PCP background refresh worker...
04-07 08:52:06.992   806  2389 D FileUtils: Rounded bytes from 2061053952 to 4000000000
04-07 08:52:07.003 29028  2822 V ClearcutMetricXmitter: Transmission is done.
04-07 08:52:07.003 29028 29108 I cqpi    : (REDACTED) remove request for trigger key: %s, isClientInitiated: %s
04-07 08:52:07.003 29067 29083 I chbox:googleapp: Explicit concurrent mark compact GC freed 676KB AllocSpace bytes, 0(0B) LOS objects, 24% free, 4272KB/5696KB, paused 3.826ms,2.643ms total 42.190ms
04-07 08:52:07.003 29067 29083 W chbox:googleapp: Reducing the number of considered missed Gc histogram windows from 367 to 100
04-07 08:52:07.003   806  2389 D FileUtils: Rounded bytes from 2061053952 to 4000000000
04-07 08:52:07.007 29028 29049 I duhh    : Building Device Properties.
04-07 08:52:07.009 29028 29064 I cqri    : (REDACTED) #remove: subTriggerId=%s
04-07 08:52:07.009 29028 29108 I egpa    : (REDACTED) GLVM. isRobinUser: %b
04-07 08:52:07.010 29028 29108 I egjf    : #getHotwordModelConfig
04-07 08:52:07.010 29028 29063 I csfe    : (REDACTED) MDD.getFileGroup(%s)
--
04-07 08:52:07.015   639  7348 W APM::HwModule: getDeviceDescriptor: could not find HW module for device  (AUDIO_DEVICE_OUT_WIRED_HEADPHONE, 00000008) address 
04-07 08:52:07.017 29067 31810 V ClearcutMetricXmitter: Transmission is done.
04-07 08:52:07.019   639  7348 W APM::HwModule: getDeviceDescriptor: could not find HW module for device  (AUDIO_DEVICE_OUT_USB_HEADSET, 04000000) address 
04-07 08:52:07.025 29028 29108 I csfe    : (REDACTED) [SRM] [Hotword] get hotword model config success, %d locales.
04-07 08:52:07.025 29028 29108 I csfe    : (REDACTED) MDD.EmbeddedAssetManifestPopulator.refreshFileGroups(%s)
04-07 08:52:07.029 29028 29064 I csfe    : (REDACTED) MDD.getFileGroup(%s)
04-07 08:52:07.030 29028 29059 I csfe    : (REDACTED) Loading %s from MDD with name=%s version=%d BuildId= %d
04-07 08:52:07.032 29028 29064 I csfe    : (REDACTED) [SRM] [Hotword] get hotword model config success, %d locales.
--
04-07 08:52:10.697  9409  9976 W artd    : Could not get dex checksums for location /data/app/~~dMoR3MNW6IjpTJxVHYqD8g==/com.android.vending-Kf_ojdVzrO61Q7Fk7BOh-w==/base.apk, fd=-1
04-07 08:52:11.949 29028  2822 I libbinder.IPCThreadState: oneway function results for code 2 on binder at 0x7a11e823d600 will be dropped but finished with status UNKNOWN_TRANSACTION
04-07 08:52:11.949 29028  4282 I libbinder.IPCThreadState: oneway function results for code 2 on binder at 0x7a11e823c400 will be dropped but finished with status UNKNOWN_TRANSACTION
04-07 08:52:11.950 29067  4283 I libbinder.IPCThreadState: oneway function results for code 2 on binder at 0x7a11e8233d90 will be dropped but finished with status UNKNOWN_TRANSACTION
04-07 08:52:12.914   806  1240 I HalDevMgr: bestIfaceCreationProposal is null, requestIface=STA, existingIface=[name=wlan0 type=STA]
04-07 08:52:13.052  1529  1688 D SatelliteController: iisInCarrierRoamingNbIotNtn: satellite is disabled
04-07 08:52:13.052  1529  1688 D SatelliteController: getCarrierRoamingNtnConnectType: Falling back to global carrier config connect type: 0
04-07 08:52:13.053   806  1755 W libbinder.IPCThreadState: Sending oneway calls to frozen process.
--
04-07 08:53:23.056  1529  1688 D SatelliteController: getCarrierRoamingNtnConnectType: Falling back to global carrier config connect type: 0
04-07 08:53:25.115   806  1240 I HalDevMgr: bestIfaceCreationProposal is null, requestIface=STA, existingIface=[name=wlan0 type=STA]
04-07 08:53:27.083   806  1755 D FileUtils: Rounded bytes from 2061053952 to 4000000000
04-07 08:53:27.095 24619 24797 V ClearcutMetricXmitter: Transmission is done.
04-07 08:53:27.110 24619 24627 W hbox:interactor: Reducing the number of considered missed Gc histogram windows from 738 to 100
04-07 08:53:28.124   806  1240 I HalDevMgr: bestIfaceCreationProposal is null, requestIface=STA, existingIface=[name=wlan0 type=STA]
04-07 08:53:29.454  1584  1584 I wpa_supplicant: wlan0: CTRL-EVENT-BEACON-LOSS 
04-07 08:53:30.588  4326  4326 W libbinder.BackendUnifiedServiceManager: Thread Pool max thread count is 0. Cannot cache binder as linkToDeath cannot be implemented. serviceName: package
--
04-07 08:53:46.167   806  1240 I HalDevMgr: bestIfaceCreationProposal is null, requestIface=STA, existingIface=[name=wlan0 type=STA]
04-07 08:53:46.339  2271  2271 I abb     : StartCommandInProcess(7061636b61676500696e7374616c6c2d package.install- [truncated])
04-07 08:53:46.345   806   806 W binder:806_20: type=1400 audit(0.0:1973): avc:  denied  { getopt } for  scontext=u:r:system_server:s0 tcontext=u:r:shell:s0 tclass=unix_stream_socket permissive=0
04-07 08:53:46.345   806   806 W binder:806_20: type=1400 audit(0.0:1974): avc:  denied  { getopt } for  scontext=u:r:system_server:s0 tcontext=u:r:shell:s0 tclass=unix_stream_socket permissive=0
04-07 08:53:46.359  2271  2271 I abb     : StartCommandInProcess(7061636b61676500696e7374616c6c2d package.install- [truncated])
04-07 08:53:46.345   806   806 W binder:806_20: type=1400 audit(0.0:1975): avc:  denied  { getopt } for  scontext=u:r:system_server:s0 tcontext=u:r:shell:s0 tclass=unix_stream_socket permissive=0
04-07 08:53:46.717   806   806 W binder:806_20: type=1400 audit(0.0:1976): avc:  denied  { getopt } for  scontext=u:r:system_server:s0 tcontext=u:r:shell:s0 tclass=unix_stream_socket permissive=0
04-07 08:53:46.721   806   806 W binder:806_20: type=1400 audit(0.0:1977): avc:  denied  { getopt } for  scontext=u:r:system_server:s0 tcontext=u:r:shell:s0 tclass=unix_stream_socket permissive=0
04-07 08:53:46.721   806   806 W binder:806_20: type=1400 audit(0.0:1978): avc:  denied  { getopt } for  scontext=u:r:system_server:s0 tcontext=u:r:shell:s0 tclass=unix_stream_socket permissive=0
04-07 08:53:46.729  2271  2271 I abb     : StartCommandInProcess(7061636b61676500696e7374616c6c2d package.install- [truncated])
04-07 08:53:46.721   806   806 W binder:806_20: type=1400 audit(0.0:1979): avc:  denied  { getopt } for  scontext=u:r:system_server:s0 tcontext=u:r:shell:s0 tclass=unix_stream_socket permissive=0
04-07 08:53:46.742   806  2389 E SystemServiceRegistry: No service published for: persistent_data_block
04-07 08:53:46.742   806  2389 E SystemServiceRegistry: android.os.ServiceManager$ServiceNotFoundException: No service published for: persistent_data_block
04-07 08:53:46.742   806  2389 E SystemServiceRegistry: 	at android.os.ServiceManager.getServiceOrThrow(ServiceManager.java:203)
04-07 08:53:46.742   806  2389 E SystemServiceRegistry: 	at android.app.SystemServiceRegistry$86.createService(SystemServiceRegistry.java:1201)
04-07 08:53:46.742   806  2389 E SystemServiceRegistry: 	at android.app.SystemServiceRegistry$86.createService(SystemServiceRegistry.java:1198)
--
04-07 08:53:46.955   806  1291 D BackgroundInstallControlService: Package event received: 1
04-07 08:53:46.957   806   868 D PackageInstallerSession: Marking session 1905406931 as applied
04-07 08:53:46.957   806   806 W binder:806_20: type=1400 audit(0.0:1980): avc:  denied  { getopt } for  scontext=u:r:system_server:s0 tcontext=u:r:shell:s0 tclass=unix_stream_socket permissive=0
04-07 08:53:46.988  2083  3902 D MediaGrants: Removed 0 media_grants for 0 user for [org.polymorphicshade.tubular.debug]. Reason: Mode changed: android:read_external_storage
04-07 08:53:46.992  1630  1671 D SessionCommitReceiver: Removing unneeded PromiseIcon for package: org.polymorphicshade.tubular.debug, install reason: 0, alreadyAddedPromiseIcon: false
04-07 08:53:47.003   806   944 I RoleService: Granting default roles...
04-07 08:53:47.003  1529  1529 D CarrierSvcBindHelper: onPackageAdded: org.polymorphicshade.tubular.debug
04-07 08:53:47.003   806  1251 E AppOps  : attributionTag VCN not declared in manifest of android
--
04-07 08:53:47.010  1529  1688 I SatelliteAppTracker: onPackageAdded : org.polymorphicshade.tubular.debug
04-07 08:53:47.014  1529  1688 E SatelliteAppTracker: packageName: org.polymorphicshade.tubular.debug, value: null
04-07 08:53:47.015   806  1290 D ShortcutService: received package broadcast intent: Intent { act=android.intent.action.PACKAGE_ADDED dat=package: flg=0x4000010 (has extras) }
04-07 08:53:47.015  1529  1529 D CarrierSvcBindHelper: No carrier app for: 0
04-07 08:53:47.015   806  1290 D ShortcutService: adding package: org.polymorphicshade.tubular.debug userId=0
04-07 08:53:47.019   806  1300 I SdkSandboxManager: No SDKs used. Skipping SDK data reconcilation for CallingInfo{mUid=10240, mPackageName='org.polymorphicshade.tubular.debug, mAppProcessToken='null'}
04-07 08:53:47.019   639  7348 D NativePermissionController: updatePackagesForUid, UidPackageState{uid: 10240, packageStates: [PackageState{packageName: org.polymorphicshade.tubular.debug, targetSdk: 35, isPlaybackCaptureAllowed: true}]}
04-07 08:53:47.021  1340  1340 D ControlsListingControllerImpl: ServiceConfig reloaded, count: 0
04-07 08:53:47.023  1630  1671 I PluginActionManager[com.android.systemui.action.ICON_WRAPPER_PLUGIN]: Found 0 plugins
04-07 08:53:47.024  1630  2592 D WellbeingModel: Changes in apps: intent = [Intent { act=android.intent.action.PACKAGE_ADDED dat=package: flg=0x4000010 (has extras) }]
04-07 08:53:47.024  1630  1671 I PluginActionManager[com.android.systemui.action.PLUGIN_CUSTOM_WIDGET]: Found 0 plugins
04-07 08:53:47.025  1630  2592 I WellbeingModel: updateActionsWithRetry(); retryCount: 0, package: org.polymorphicshade.tubular.debug
04-07 08:53:47.025  1630  2592 D WellbeingModel: retrieveActions() called with: packageNames = [org.polymorphicshade.tubular.debug]
04-07 08:53:47.027  1630  1671 I PluginActionManager[com.android.systemui.action.PLUGIN_NETWORK_FETCHER_ACTIONS]: Found 0 plugins
04-07 08:53:47.030   806   841 D ActivityManager: sync unfroze 13233 com.google.android.permissioncontroller for 3
--
04-07 08:53:47.122  1340  1502 I PluginActionManager[com.android.systemui.action.PLUGIN_NOTIFICATION_MENU_ROW]: Found 0 plugins
04-07 08:53:47.131   806  1724 W AppOpService: Ignored setUidMode call for runtime permission app op: uid = 1001, code = READ_SMS, mode = allow, callingUid = 1001, oldMode = allow
04-07 08:53:47.132   806   806 D BackupManagerConstants: getFullBackupIntervalMilliseconds(...) returns 86400000
04-07 08:53:47.132   806   806 D BackupManagerConstants: getFullBackupRequiredNetworkType(...) returns 2
04-07 08:53:47.132   806   806 D BackupManagerConstants: getFullBackupRequireCharging(...) returns true
04-07 08:53:47.133   806  1724 W AppOpService: Ignored setUidMode call for runtime permission app op: uid = 1001, code = RECEIVE_SMS, mode = allow, callingUid = 1001, oldMode = allow
04-07 08:53:47.134   806  1724 W AppOpService: Ignored setUidMode call for runtime permission app op: uid = 1001, code = RECEIVE_WAP_PUSH, mode = allow, callingUid = 1001, oldMode = allow
04-07 08:53:47.136   806  1724 W AppOpService: Ignored setUidMode call for runtime permission app op: uid = 1001, code = SEND_SMS, mode = allow, callingUid = 1001, oldMode = allow
--
04-07 08:53:48.058 23182  4380 I Dck     : Dck module condition - downloadAllowed: false [CONTEXT service_id=289 ]
04-07 08:53:48.058 23182  4380 W Dck     : Dck module not eligible for asynchronous downloading [CONTEXT service_id=289 ]
04-07 08:53:48.059  6630  4386 W GCM     : Unexpected forwarded intent: Intent { act=android.intent.action.PACKAGE_ADDED dat=package: flg=0x4000010 pkg=com.google.android.gms cmp=com.google.android.gms/.chimera.PersistentIntentOperationService (has extras) }
04-07 08:53:48.062  6630  4386 W NetworkScheduler: Unexpected forwarded intent: Intent { act=android.intent.action.PACKAGE_ADDED dat=package: flg=0x4000010 pkg=com.google.android.gms cmp=com.google.android.gms/.chimera.PersistentIntentOperationService (has extras) }
04-07 08:53:48.072 23182  4359 I NearbyDiscovery: (REDACTED) processGrantSlicePermission: %s
04-07 08:53:48.075 23304 23308 W .apps.wellbeing: Reducing the number of considered missed Gc histogram windows from 746 to 100
04-07 08:53:48.080 14861  4362 D DownloadManager: [40] rescheduling the job id:40
04-07 08:53:48.084  6630  4388 I ProximityAuth: [RecentAppsMediator] Package added: (user=UserHandle{0}) org.polymorphicshade.tubular.debug
04-07 08:53:48.087  6630  4389 I Fitness : (REDACTED) FitCleanupIntentOperation received Intent %s
--
04-07 08:53:48.265 23182 23182 D BoundBrokerSvc: onBind: Intent { act=com.google.android.gms.feedback.internal.IFeedbackService dat=chimera-action:/... xflg=0x4 cmp=com.google.android.gms/.chimera.GmsBoundBrokerService }
04-07 08:53:48.269 23182 23182 D BoundBrokerSvc: Loading bound service for intent: Intent { act=com.google.android.gms.feedback.internal.IFeedbackService dat=chimera-action:/... xflg=0x4 cmp=com.google.android.gms/.chimera.GmsBoundBrokerService }
04-07 08:53:48.272  2113  2113 I AiAiTextClassifier: onDestroyTextClassificationSession = TextClassificationSessionId {b8a0587c-8e43-468c-966b-274005a24f3a}
04-07 08:53:48.272   806   966 W MagnificationConnectionManager: requestConnection duplicated request: connect=false, mConnectionState=DISCONNECTED
04-07 08:53:48.274  1630  1671 D AlphabeticIndexCompat: computeSectionName: cs: Tubular Debug sectionName: T
04-07 08:53:48.274  1630  1630 D AllAppsStore: setApps: apps.length=23
04-07 08:53:48.274  1630  1630 D AllAppsStore: notifyUpdate: notifying listeners
04-07 08:53:48.274  1630  1630 D ActivityAllAppsContainerView: onAppsUpdated; number of apps: 23
--
04-07 08:53:51.209   806   915 V WindowManager: DesktopModeLaunchParamsModifier: phase= 3 task=null activity=ActivityRecord{127151084 u0 org.polymorphicshade.tubular.debug/org.schabi.newpipe.MainActivity t-1} display-from-option=0 display-id=0 task-display-area-windowing-mode=1 suggested-display-area=DefaultTaskDisplayArea@230524663 task null, skipping
04-07 08:53:51.209   806   915 V WindowManager: TaskLaunchParamsModifier:phase=3 task=null activity=ActivityRecord{127151084 u0 org.polymorphicshade.tubular.debug/org.schabi.newpipe.MainActivity t-1} display-from-option=0 display-id=0 task-display-area-windowing-mode=1 suggested-display-area=DefaultTaskDisplayArea@230524663 inherit-from-source=fullscreen non-freeform-task-display-area display-area=DefaultTaskDisplayArea@230524663 skip-bounds-fullscreen
04-07 08:53:51.226   806   915 V WindowManager: DesktopModeLaunchParamsModifier: phase= 3 task=Task{400cbb5 #54 type=standard A=10240:org.polymorphicshade.tubular.debug} activity=ActivityRecord{127151084 u0 org.polymorphicshade.tubular.debug/org.schabi.newpipe.MainActivity t-1} display-from-option=0 display-id=0 task-display-area-windowing-mode=1 suggested-display-area=DefaultTaskDisplayArea@230524663 not entering desktop mode, skipping
04-07 08:53:51.226   806   915 V WindowManager: TaskLaunchParamsModifier:phase=3 task=Task{400cbb5 #54 type=standard A=10240:org.polymorphicshade.tubular.debug} activity=ActivityRecord{127151084 u0 org.polymorphicshade.tubular.debug/org.schabi.newpipe.MainActivity t-1} display-from-option=0 display-id=0 task-display-area-windowing-mode=1 suggested-display-area=DefaultTaskDisplayArea@230524663 inherit-from-source=fullscreen non-freeform-task-display-area display-area=DefaultTaskDisplayArea@230524663 skip-bounds-fullscreen
