04-07 06:49:02.974  1630  1630 D LauncherStateManager: 	at com.android.launcher3.QuickstepTransitionManager.createWallpaperOpenAnimations(go/retraceme f3a19d912c87c27267cfbc05ba0bc7b202ab72a6648bd76225f5f7e128d94583:646)
04-07 06:49:02.974  1630  1630 D LauncherStateManager: 	at com.android.launcher3.QuickstepTransitionManager$WallpaperOpenLauncherAnimationRunner.onAnimationStart(go/retraceme f3a19d912c87c27267cfbc05ba0bc7b202ab72a6648bd76225f5f7e128d94583:96)
--
04-07 06:49:04.078  1630  1630 D LauncherStateManager: StateManager.onStateTransitionStart: state: Normal
04-07 06:49:04.081  1630  1630 V BaseDepthController: Applying blur: 79 to Surface(name=com.google.android.apps.nexuslauncher/com.google.android.apps.nexuslauncher.NexusLauncherActivity#2129)/@0x6263018 applyImmediately: false
04-07 06:49:04.081  1630  1630 D BaseDepthController: shouldBlurWorkspace: true targetState: Normal currentStableState: AllApps mCurrentBlur: 79 mLauncher.getDepthBlurTargets(): [com.android.launcher3.Workspace{1f479f2 V.ED..... .......D 0,0-1080,2400 #7f0a049d app:id/workspace}, com.android.launcher3.Hotseat{56bd843 V.ED..... ........ 0,1905-1080,2400 #7f0a01ee app:id/hotseat}]
04-07 06:49:04.092   806  1291 D BackgroundInstallControlService: Package event received: 0
04-07 06:49:04.108   806   966 V AccessibilityUserState: updateShortcutTargets: type:accessibility_shortcut_target_service, current:{}, new:{}
04-07 06:49:04.108   806   966 V AccessibilityUserState: updateShortcutTargets: type:accessibility_qs_targets, current:{}, new:{}
04-07 06:49:04.108   806   966 V AccessibilityUserState: updateShortcutTargets: type:accessibility_button_targets, current:{}, new:{}
04-07 06:49:04.108   806   966 V AccessibilityUserState: updateShortcutTargets: type:accessibility_gesture_targets, current:{}, new:{}
--
04-07 06:49:04.135   806   806 W libbinder.IPCThreadState: Sending oneway calls to frozen process.
04-07 06:49:04.140  1630  1630 V BaseDepthController: Applying blur: 79 to Surface(name=com.google.android.apps.nexuslauncher/com.google.android.apps.nexuslauncher.NexusLauncherActivity#2129)/@0x6263018 applyImmediately: false
04-07 06:49:04.140  1630  1630 D BaseDepthController: shouldBlurWorkspace: true targetState: Normal currentStableState: AllApps mCurrentBlur: 79 mLauncher.getDepthBlurTargets(): [com.android.launcher3.Workspace{1f479f2 V.ED..... ........ 0,0-1080,2400 #7f0a049d app:id/workspace}, com.android.launcher3.Hotseat{56bd843 V.ED..... ........ 0,1905-1080,2400 #7f0a01ee app:id/hotseat}]
04-07 06:49:04.158 22376 22376 I Finsky  : [2] aiky - Received: android.intent.action.PACKAGE_CHANGED, [jOtvpLd-8GmSv6I0MyBORIAjNRMjeLFsdBZHGz7qh5o]
04-07 06:49:04.171  1630  1630 V BaseDepthController: Applying blur: 77 to Surface(name=com.google.android.apps.nexuslauncher/com.google.android.apps.nexuslauncher.NexusLauncherActivity#2129)/@0x6263018 applyImmediately: false
04-07 06:49:04.171  1630  1630 D BaseDepthController: setEarlyWakeup: true
04-07 06:49:04.174  1630  1630 D BaseDepthController: shouldBlurWorkspace: true targetState: Normal currentStableState: AllApps mCurrentBlur: 77 mLauncher.getDepthBlurTargets(): [com.android.launcher3.Workspace{1f479f2 V.ED..... ........ 0,0-1080,2400 #7f0a049d app:id/workspace}, com.android.launcher3.Hotseat{56bd843 V.ED..... ........ 0,1905-1080,2400 #7f0a01ee app:id/hotseat}]
04-07 06:49:04.199  1630  1630 V BaseDepthController: Applying blur: 72 to Surface(name=com.google.android.apps.nexuslauncher/com.google.android.apps.nexuslauncher.NexusLauncherActivity#2129)/@0x6263018 applyImmediately: false
04-07 06:49:04.201  1630  1630 D BaseDepthController: shouldBlurWorkspace: true targetState: Normal currentStableState: AllApps mCurrentBlur: 72 mLauncher.getDepthBlurTargets(): [com.android.launcher3.Workspace{1f479f2 V.ED..... ........ 0,0-1080,2400 #7f0a049d app:id/workspace}, com.android.launcher3.Hotseat{56bd843 V.ED..... ........ 0,1905-1080,2400 #7f0a01ee app:id/hotseat}]
04-07 06:49:04.223  1630  1630 V BaseDepthController: Applying blur: 59 to Surface(name=com.google.android.apps.nexuslauncher/com.google.android.apps.nexuslauncher.NexusLauncherActivity#2129)/@0x6263018 applyImmediately: false
04-07 06:49:04.224  1630  1630 D BaseDepthController: shouldBlurWorkspace: true targetState: Normal currentStableState: AllApps mCurrentBlur: 59 mLauncher.getDepthBlurTargets(): [com.android.launcher3.Workspace{1f479f2 V.ED..... ........ 0,0-1080,2400 #7f0a049d app:id/workspace}, com.android.launcher3.Hotseat{56bd843 V.ED..... ........ 0,1905-1080,2400 #7f0a01ee app:id/hotseat}]
04-07 06:49:04.264  1630  1630 V BaseDepthController: Applying blur: 37 to Surface(name=com.google.android.apps.nexuslauncher/com.google.android.apps.nexuslauncher.NexusLauncherActivity#2129)/@0x6263018 applyImmediately: false
04-07 06:49:04.264  1630  1630 D BaseDepthController: shouldBlurWorkspace: true targetState: Normal currentStableState: AllApps mCurrentBlur: 37 mLauncher.getDepthBlurTargets(): [com.android.launcher3.Workspace{1f479f2 V.ED..... ........ 0,0-1080,2400 #7f0a049d app:id/workspace}, com.android.launcher3.Hotseat{56bd843 V.ED..... ........ 0,1905-1080,2400 #7f0a01ee app:id/hotseat}]
04-07 06:49:04.285  1630  1630 V BaseDepthController: Applying blur: 0 to Surface(name=com.google.android.apps.nexuslauncher/com.google.android.apps.nexuslauncher.NexusLauncherActivity#2129)/@0x6263018 applyImmediately: false
04-07 06:49:04.285  1630  1630 D BaseDepthController: setEarlyWakeup: false
04-07 06:49:04.285  1630  1630 D BaseDepthController: shouldBlurWorkspace: true targetState: Normal currentStableState: AllApps mCurrentBlur: 0 mLauncher.getDepthBlurTargets(): [com.android.launcher3.Workspace{1f479f2 V.ED..... .......D 0,0-1080,2400 #7f0a049d app:id/workspace}, com.android.launcher3.Hotseat{56bd843 V.ED..... ........ 0,1905-1080,2400 #7f0a01ee app:id/hotseat}]
04-07 06:49:04.285  1630  1630 D BaseActivity: Launcher flags updated: [state_started|state_resumed|state_deferred_resumed|state_window_focused|state_user_active] -[state_transition_active]
04-07 06:49:04.285  1630  1630 D StatsLog: LAUNCHER_ALLAPPS_EXIT
04-07 06:49:04.288  1630  1630 D LauncherStateManager: StateManager.onStateTransitionEnd: state: Normal
04-07 06:49:04.289  1630  1630 D LauncherStateManager: StateManager.goToState: fromState: Normal, toState: Normal, partial trace:
04-07 06:49:04.289  1630  1630 D LauncherStateManager: 	at com.android.quickstep.util.QuickstepOnboardingPrefs$2.onStateTransitionComplete(go/retraceme f3a19d912c87c27267cfbc05ba0bc7b202ab72a6648bd76225f5f7e128d94583:15)
--
04-07 06:49:06.899  1630  1630 V BaseDepthController: Applying blur: 4 to Surface(name=com.google.android.apps.nexuslauncher/com.google.android.apps.nexuslauncher.NexusLauncherActivity#2129)/@0x6263018 applyImmediately: false
04-07 06:49:06.899  1630  1630 D BaseDepthController: setEarlyWakeup: true
04-07 06:49:06.899  1630  1630 D BaseDepthController: shouldBlurWorkspace: false targetState: SpringLoaded currentStableState: Normal mCurrentBlur: 4 mLauncher.getDepthBlurTargets(): [com.android.launcher3.Workspace{1f479f2 V.ED..... .......D 0,0-1080,2400 #7f0a049d app:id/workspace}, com.android.launcher3.Hotseat{56bd843 V.ED..... ......ID 0,1905-1080,2400 #7f0a01ee app:id/hotseat}]
04-07 06:49:06.932  1630  1630 V BaseDepthController: Applying blur: 12 to Surface(name=com.google.android.apps.nexuslauncher/com.google.android.apps.nexuslauncher.NexusLauncherActivity#2129)/@0x6263018 applyImmediately: false
04-07 06:49:06.933  1630  1630 D BaseDepthController: shouldBlurWorkspace: false targetState: SpringLoaded currentStableState: Normal mCurrentBlur: 12 mLauncher.getDepthBlurTargets(): [com.android.launcher3.Workspace{1f479f2 V.ED..... .......D 0,0-1080,2400 #7f0a049d app:id/workspace}, com.android.launcher3.Hotseat{56bd843 V.ED..... ......ID 0,1905-1080,2400 #7f0a01ee app:id/hotseat}]
04-07 06:49:06.949  1630  1630 V BaseDepthController: Applying blur: 17 to Surface(name=com.google.android.apps.nexuslauncher/com.google.android.apps.nexuslauncher.NexusLauncherActivity#2129)/@0x6263018 applyImmediately: false
04-07 06:49:06.949  1630  1630 D BaseDepthController: shouldBlurWorkspace: false targetState: SpringLoaded currentStableState: Normal mCurrentBlur: 17 mLauncher.getDepthBlurTargets(): [com.android.launcher3.Workspace{1f479f2 V.ED..... .......D 0,0-1080,2400 #7f0a049d app:id/workspace}, com.android.launcher3.Hotseat{56bd843 V.ED..... ......ID 0,1905-1080,2400 #7f0a01ee app:id/hotseat}]
04-07 06:49:06.966  1630  1630 V BaseDepthController: Applying blur: 21 to Surface(name=com.google.android.apps.nexuslauncher/com.google.android.apps.nexuslauncher.NexusLauncherActivity#2129)/@0x6263018 applyImmediately: false
04-07 06:49:06.966  1630  1630 D BaseDepthController: shouldBlurWorkspace: false targetState: SpringLoaded currentStableState: Normal mCurrentBlur: 21 mLauncher.getDepthBlurTargets(): [com.android.launcher3.Workspace{1f479f2 V.ED..... .......D 0,0-1080,2400 #7f0a049d app:id/workspace}, com.android.launcher3.Hotseat{56bd843 V.ED..... ......ID 0,1905-1080,2400 #7f0a01ee app:id/hotseat}]
04-07 06:49:06.985  1630  1630 V BaseDepthController: Applying blur: 25 to Surface(name=com.google.android.apps.nexuslauncher/com.google.android.apps.nexuslauncher.NexusLauncherActivity#2129)/@0x6263018 applyImmediately: false
04-07 06:49:06.985  1630  1630 D BaseDepthController: shouldBlurWorkspace: false targetState: SpringLoaded currentStableState: Normal mCurrentBlur: 25 mLauncher.getDepthBlurTargets(): [com.android.launcher3.Workspace{1f479f2 V.ED..... .......D 0,0-1080,2400 #7f0a049d app:id/workspace}, com.android.launcher3.Hotseat{56bd843 V.ED..... ......ID 0,1905-1080,2400 #7f0a01ee app:id/hotseat}]
04-07 06:49:07.001  1630  1630 V BaseDepthController: Applying blur: 29 to Surface(name=com.google.android.apps.nexuslauncher/com.google.android.apps.nexuslauncher.NexusLauncherActivity#2129)/@0x6263018 applyImmediately: false
04-07 06:49:07.001  1630  1630 D BaseDepthController: shouldBlurWorkspace: false targetState: SpringLoaded currentStableState: Normal mCurrentBlur: 29 mLauncher.getDepthBlurTargets(): [com.android.launcher3.Workspace{1f479f2 V.ED..... .......D 0,0-1080,2400 #7f0a049d app:id/workspace}, com.android.launcher3.Hotseat{56bd843 V.ED..... ......ID 0,1905-1080,2400 #7f0a01ee app:id/hotseat}]
04-07 06:49:07.016  1630  1630 V BaseDepthController: Applying blur: 34 to Surface(name=com.google.android.apps.nexuslauncher/com.google.android.apps.nexuslauncher.NexusLauncherActivity#2129)/@0x6263018 applyImmediately: false
04-07 06:49:07.016  1630  1630 D BaseDepthController: shouldBlurWorkspace: false targetState: SpringLoaded currentStableState: Normal mCurrentBlur: 34 mLauncher.getDepthBlurTargets(): [com.android.launcher3.Workspace{1f479f2 V.ED..... .......D 0,0-1080,2400 #7f0a049d app:id/workspace}, com.android.launcher3.Hotseat{56bd843 V.ED..... ......ID 0,1905-1080,2400 #7f0a01ee app:id/hotseat}]
04-07 06:49:07.033  1630  1630 V BaseDepthController: Applying blur: 39 to Surface(name=com.google.android.apps.nexuslauncher/com.google.android.apps.nexuslauncher.NexusLauncherActivity#2129)/@0x6263018 applyImmediately: false
04-07 06:49:07.033  1630  1630 D BaseDepthController: shouldBlurWorkspace: false targetState: SpringLoaded currentStableState: Normal mCurrentBlur: 39 mLauncher.getDepthBlurTargets(): [com.android.launcher3.Workspace{1f479f2 V.ED..... .......D 0,0-1080,2400 #7f0a049d app:id/workspace}, com.android.launcher3.Hotseat{56bd843 V.ED..... ......ID 0,1905-1080,2400 #7f0a01ee app:id/hotseat}]
04-07 06:49:07.033  1630  1630 D BaseActivity: Launcher flags updated: [state_started|state_resumed|state_deferred_resumed|state_window_focused|state_user_active] -[state_transition_active]
04-07 06:49:07.037  1630  1630 D LauncherStateManager: StateManager.onStateTransitionEnd: state: SpringLoaded
04-07 06:49:07.037  1630  1630 D RecentsView: reset - mEnableDrawingLiveTile: false, mRecentsAnimationController: null
04-07 06:49:07.038  1630  1630 D RecentsView: cleanupRemoteTargets - mRemoteTargetHandles: null
04-07 06:49:07.487   806  1246 D InetDiagMessage: Destroyed 0 sockets, proto=IPPROTO_TCP, family=AF_INET, states=14
--
04-07 06:49:10.181  1630  1630 D BaseDepthController: Skipping small blur delta. newBlur: 39 previousBlur: 39 delta: 0 surface: Surface(name=com.google.android.apps.nexuslauncher/com.google.android.apps.nexuslauncher.NexusLauncherActivity#2129)/@0x6263018
04-07 06:49:10.201  1630  1630 V BaseDepthController: Applying blur: 34 to Surface(name=com.google.android.apps.nexuslauncher/com.google.android.apps.nexuslauncher.NexusLauncherActivity#2129)/@0x6263018 applyImmediately: false
04-07 06:49:10.201  1630  1630 D BaseDepthController: shouldBlurWorkspace: false targetState: Normal currentStableState: SpringLoaded mCurrentBlur: 34 mLauncher.getDepthBlurTargets(): [com.android.launcher3.Workspace{1f479f2 V.ED..... .......D 0,0-1080,2400 #7f0a049d app:id/workspace}, com.android.launcher3.Hotseat{56bd843 V.ED..... ........ 0,1905-1080,2400 #7f0a01ee app:id/hotseat}]
04-07 06:49:10.216  1630  1630 V BaseDepthController: Applying blur: 29 to Surface(name=com.google.android.apps.nexuslauncher/com.google.android.apps.nexuslauncher.NexusLauncherActivity#2129)/@0x6263018 applyImmediately: false
04-07 06:49:10.216  1630  1630 D BaseDepthController: shouldBlurWorkspace: false targetState: Normal currentStableState: SpringLoaded mCurrentBlur: 29 mLauncher.getDepthBlurTargets(): [com.android.launcher3.Workspace{1f479f2 V.ED..... .......D 0,0-1080,2400 #7f0a049d app:id/workspace}, com.android.launcher3.Hotseat{56bd843 V.ED..... ........ 0,1905-1080,2400 #7f0a01ee app:id/hotseat}]
04-07 06:49:10.231  1630  1630 V BaseDepthController: Applying blur: 25 to Surface(name=com.google.android.apps.nexuslauncher/com.google.android.apps.nexuslauncher.NexusLauncherActivity#2129)/@0x6263018 applyImmediately: false
04-07 06:49:10.231  1630  1630 D BaseDepthController: shouldBlurWorkspace: false targetState: Normal currentStableState: SpringLoaded mCurrentBlur: 25 mLauncher.getDepthBlurTargets(): [com.android.launcher3.Workspace{1f479f2 V.ED..... .......D 0,0-1080,2400 #7f0a049d app:id/workspace}, com.android.launcher3.Hotseat{56bd843 V.ED..... ........ 0,1905-1080,2400 #7f0a01ee app:id/hotseat}]
04-07 06:49:10.248  1630  1630 V BaseDepthController: Applying blur: 21 to Surface(name=com.google.android.apps.nexuslauncher/com.google.android.apps.nexuslauncher.NexusLauncherActivity#2129)/@0x6263018 applyImmediately: false
04-07 06:49:10.249  1630  1630 D BaseDepthController: shouldBlurWorkspace: false targetState: Normal currentStableState: SpringLoaded mCurrentBlur: 21 mLauncher.getDepthBlurTargets(): [com.android.launcher3.Workspace{1f479f2 V.ED..... .......D 0,0-1080,2400 #7f0a049d app:id/workspace}, com.android.launcher3.Hotseat{56bd843 V.ED..... ........ 0,1905-1080,2400 #7f0a01ee app:id/hotseat}]
04-07 06:49:10.266  1630  1630 V BaseDepthController: Applying blur: 17 to Surface(name=com.google.android.apps.nexuslauncher/com.google.android.apps.nexuslauncher.NexusLauncherActivity#2129)/@0x6263018 applyImmediately: false
04-07 06:49:10.266  1630  1630 D BaseDepthController: shouldBlurWorkspace: false targetState: Normal currentStableState: SpringLoaded mCurrentBlur: 17 mLauncher.getDepthBlurTargets(): [com.android.launcher3.Workspace{1f479f2 V.ED..... .......D 0,0-1080,2400 #7f0a049d app:id/workspace}, com.android.launcher3.Hotseat{56bd843 V.ED..... ........ 0,1905-1080,2400 #7f0a01ee app:id/hotseat}]
04-07 06:49:10.283  1630  1630 V BaseDepthController: Applying blur: 12 to Surface(name=com.google.android.apps.nexuslauncher/com.google.android.apps.nexuslauncher.NexusLauncherActivity#2129)/@0x6263018 applyImmediately: false
04-07 06:49:10.283  1630  1630 D BaseDepthController: shouldBlurWorkspace: false targetState: Normal currentStableState: SpringLoaded mCurrentBlur: 12 mLauncher.getDepthBlurTargets(): [com.android.launcher3.Workspace{1f479f2 V.ED..... .......D 0,0-1080,2400 #7f0a049d app:id/workspace}, com.android.launcher3.Hotseat{56bd843 V.ED..... ........ 0,1905-1080,2400 #7f0a01ee app:id/hotseat}]
04-07 06:49:10.298  1630  1630 V BaseDepthController: Applying blur: 8 to Surface(name=com.google.android.apps.nexuslauncher/com.google.android.apps.nexuslauncher.NexusLauncherActivity#2129)/@0x6263018 applyImmediately: false
04-07 06:49:10.298  1630  1630 D BaseDepthController: shouldBlurWorkspace: false targetState: Normal currentStableState: SpringLoaded mCurrentBlur: 8 mLauncher.getDepthBlurTargets(): [com.android.launcher3.Workspace{1f479f2 V.ED..... .......D 0,0-1080,2400 #7f0a049d app:id/workspace}, com.android.launcher3.Hotseat{56bd843 V.ED..... ........ 0,1905-1080,2400 #7f0a01ee app:id/hotseat}]
04-07 06:49:10.315  1630  1630 V BaseDepthController: Applying blur: 4 to Surface(name=com.google.android.apps.nexuslauncher/com.google.android.apps.nexuslauncher.NexusLauncherActivity#2129)/@0x6263018 applyImmediately: false
04-07 06:49:10.315  1630  1630 D BaseDepthController: shouldBlurWorkspace: false targetState: Normal currentStableState: SpringLoaded mCurrentBlur: 4 mLauncher.getDepthBlurTargets(): [com.android.launcher3.Workspace{1f479f2 V.ED..... .......D 0,0-1080,2400 #7f0a049d app:id/workspace}, com.android.launcher3.Hotseat{56bd843 V.ED..... ........ 0,1905-1080,2400 #7f0a01ee app:id/hotseat}]
04-07 06:49:10.333  1630  1630 V BaseDepthController: Applying blur: 0 to Surface(name=com.google.android.apps.nexuslauncher/com.google.android.apps.nexuslauncher.NexusLauncherActivity#2129)/@0x6263018 applyImmediately: false
04-07 06:49:10.334  1630  1630 D BaseDepthController: setEarlyWakeup: false
04-07 06:49:10.334  1630  1630 D BaseDepthController: shouldBlurWorkspace: false targetState: Normal currentStableState: SpringLoaded mCurrentBlur: 0 mLauncher.getDepthBlurTargets(): [com.android.launcher3.Workspace{1f479f2 V.ED..... .......D 0,0-1080,2400 #7f0a049d app:id/workspace}, com.android.launcher3.Hotseat{56bd843 V.ED..... ........ 0,1905-1080,2400 #7f0a01ee app:id/hotseat}]
04-07 06:49:10.334  1630  1630 D BaseActivity: Launcher flags updated: [state_started|state_resumed|state_deferred_resumed|state_window_focused|state_user_active] -[state_transition_active]
04-07 06:49:10.334  1630  1630 D b/380940677: [mStateHandlerRequest=0, mCurrentStateRequest=0, mLastActivityFlags=5, mIgnoreAutoRotateSettings=false, mHomeRotationEnabled=false, mForceAllowRotationForTesting=false, mDestroyed=false, mIsFixedLandscape=false]
04-07 06:49:10.334  1630  1630 D LauncherStateManager: StateManager.onStateTransitionEnd: state: Normal
04-07 06:49:10.335  1630  1630 D RecentsView: reset - mEnableDrawingLiveTile: false, mRecentsAnimationController: null
04-07 06:49:10.335  1630  1630 D RecentsView: cleanupRemoteTargets - mRemoteTargetHandles: null
--
04-07 06:49:10.885  1630  1630 D LauncherStateManager: StateManager.onStateTransitionStart: state: AllApps
04-07 06:49:10.886  1630  1630 V BaseDepthController: Applying blur: 3 to Surface(name=com.google.android.apps.nexuslauncher/com.google.android.apps.nexuslauncher.NexusLauncherActivity#2129)/@0x6263018 applyImmediately: false
04-07 06:49:10.886  1630  1630 D BaseDepthController: shouldBlurWorkspace: true targetState: AllApps currentStableState: Normal mCurrentBlur: 3 mLauncher.getDepthBlurTargets(): [com.android.launcher3.Workspace{1f479f2 V.ED..... ......ID 0,0-1080,2400 #7f0a049d app:id/workspace}, com.android.launcher3.Hotseat{56bd843 V.ED..... ........ 0,1905-1080,2400 #7f0a01ee app:id/hotseat}]
04-07 06:49:10.886  1630  1630 I BaseDragLayer: NoButtonNavbarToOverviewTouchController
04-07 06:49:10.887   806  1291 D BackgroundInstallControlService: Package event received: 0
04-07 06:49:10.888  1630  1630 D BaseAllAppsAdapter: onBindViewHolder: isPrivateSpaceItem: false isStateTransitioning: false isScrolling: false readyToAnimate: false currentState: 0 currentAlpha: 1.0
04-07 06:49:10.888  1630  1630 D BaseAllAppsAdapter: onBindViewHolder: isPrivateSpaceItem: false isStateTransitioning: false isScrolling: false readyToAnimate: false currentState: 0 currentAlpha: 1.0
04-07 06:49:10.888  1630  1630 D BaseAllAppsAdapter: onBindViewHolder: isPrivateSpaceItem: false isStateTransitioning: false isScrolling: false readyToAnimate: false currentState: 0 currentAlpha: 1.0
--
04-07 06:49:10.893  1630  1630 D BaseAllAppsAdapter: onBindViewHolder: isPrivateSpaceItem: false isStateTransitioning: false isScrolling: false readyToAnimate: false currentState: 0 currentAlpha: 1.0
04-07 06:49:10.905  1630  1630 V BaseDepthController: Applying blur: 7 to Surface(name=com.google.android.apps.nexuslauncher/com.google.android.apps.nexuslauncher.NexusLauncherActivity#2129)/@0x6263018 applyImmediately: false
04-07 06:49:10.905  1630  1630 D BaseDepthController: shouldBlurWorkspace: true targetState: AllApps currentStableState: Normal mCurrentBlur: 7 mLauncher.getDepthBlurTargets(): [com.android.launcher3.Workspace{1f479f2 V.ED..... ........ 0,0-1080,2400 #7f0a049d app:id/workspace}, com.android.launcher3.Hotseat{56bd843 V.ED..... ........ 0,1905-1080,2400 #7f0a01ee app:id/hotseat}]
04-07 06:49:10.933  1630  1630 V BaseDepthController: Applying blur: 29 to Surface(name=com.google.android.apps.nexuslauncher/com.google.android.apps.nexuslauncher.NexusLauncherActivity#2129)/@0x6263018 applyImmediately: false
04-07 06:49:10.933  1630  1630 D BaseDepthController: shouldBlurWorkspace: true targetState: AllApps currentStableState: Normal mCurrentBlur: 29 mLauncher.getDepthBlurTargets(): [com.android.launcher3.Workspace{1f479f2 V.ED..... ........ 0,0-1080,2400 #7f0a049d app:id/workspace}, com.android.launcher3.Hotseat{56bd843 V.ED..... ........ 0,1905-1080,2400 #7f0a01ee app:id/hotseat}]
04-07 06:49:10.960  1630  1630 V BaseDepthController: Applying blur: 38 to Surface(name=com.google.android.apps.nexuslauncher/com.google.android.apps.nexuslauncher.NexusLauncherActivity#2129)/@0x6263018 applyImmediately: false
04-07 06:49:10.960  1630  1630 D BaseDepthController: shouldBlurWorkspace: true targetState: AllApps currentStableState: Normal mCurrentBlur: 38 mLauncher.getDepthBlurTargets(): [com.android.launcher3.Workspace{1f479f2 V.ED..... ........ 0,0-1080,2400 #7f0a049d app:id/workspace}, com.android.launcher3.Hotseat{56bd843 V.ED..... ........ 0,1905-1080,2400 #7f0a01ee app:id/hotseat}]
04-07 06:49:10.982  1630  1630 V BaseDepthController: Applying blur: 53 to Surface(name=com.google.android.apps.nexuslauncher/com.google.android.apps.nexuslauncher.NexusLauncherActivity#2129)/@0x6263018 applyImmediately: false
04-07 06:49:10.982  1630  1630 D BaseDepthController: shouldBlurWorkspace: true targetState: AllApps currentStableState: Normal mCurrentBlur: 53 mLauncher.getDepthBlurTargets(): [com.android.launcher3.Workspace{1f479f2 V.ED..... ........ 0,0-1080,2400 #7f0a049d app:id/workspace}, com.android.launcher3.Hotseat{56bd843 V.ED..... ........ 0,1905-1080,2400 #7f0a01ee app:id/hotseat}]
04-07 06:49:10.998  1630  1630 V BaseDepthController: Applying blur: 59 to Surface(name=com.google.android.apps.nexuslauncher/com.google.android.apps.nexuslauncher.NexusLauncherActivity#2129)/@0x6263018 applyImmediately: false
04-07 06:49:10.999  1630  1630 D BaseDepthController: shouldBlurWorkspace: true targetState: AllApps currentStableState: Normal mCurrentBlur: 59 mLauncher.getDepthBlurTargets(): [com.android.launcher3.Workspace{1f479f2 V.ED..... ........ 0,0-1080,2400 #7f0a049d app:id/workspace}, com.android.launcher3.Hotseat{56bd843 V.ED..... ........ 0,1905-1080,2400 #7f0a01ee app:id/hotseat}]
04-07 06:49:11.045  1630  1630 V BaseDepthController: Applying blur: 63 to Surface(name=com.google.android.apps.nexuslauncher/com.google.android.apps.nexuslauncher.NexusLauncherActivity#2129)/@0x6263018 applyImmediately: false
04-07 06:49:11.045  1630  1630 D BaseDepthController: shouldBlurWorkspace: true targetState: AllApps currentStableState: Normal mCurrentBlur: 63 mLauncher.getDepthBlurTargets(): [com.android.launcher3.Workspace{1f479f2 V.ED..... ........ 0,0-1080,2400 #7f0a049d app:id/workspace}, com.android.launcher3.Hotseat{56bd843 V.ED..... ........ 0,1905-1080,2400 #7f0a01ee app:id/hotseat}]
04-07 06:49:11.058  1630  1630 V BaseDepthController: Applying blur: 65 to Surface(name=com.google.android.apps.nexuslauncher/com.google.android.apps.nexuslauncher.NexusLauncherActivity#2129)/@0x6263018 applyImmediately: false
04-07 06:49:11.058  1630  1630 D BaseDepthController: shouldBlurWorkspace: true targetState: AllApps currentStableState: Normal mCurrentBlur: 65 mLauncher.getDepthBlurTargets(): [com.android.launcher3.Workspace{1f479f2 V.ED..... ........ 0,0-1080,2400 #7f0a049d app:id/workspace}, com.android.launcher3.Hotseat{56bd843 V.ED..... ........ 0,1905-1080,2400 #7f0a01ee app:id/hotseat}]
04-07 06:49:11.076  1630  1630 D BaseDepthController: Skipping small blur delta. newBlur: 66 previousBlur: 65 delta: 1 surface: Surface(name=com.google.android.apps.nexuslauncher/com.google.android.apps.nexuslauncher.NexusLauncherActivity#2129)/@0x6263018
04-07 06:49:11.154  1630  1630 D BaseActivity: Launcher flags updated: [state_started|state_resumed|state_deferred_resumed|state_window_focused|state_user_active|state_transition_active]
04-07 06:49:11.154  1630  1630 D LauncherStateManager: StateManager.onStateTransitionStart: state: AllApps
04-07 06:49:11.156   806  1291 D BackgroundInstallControlService: Package event received: 0
04-07 06:49:11.199  1630  1630 V BaseDepthController: Applying blur: 77 to Surface(name=com.google.android.apps.nexuslauncher/com.google.android.apps.nexuslauncher.NexusLauncherActivity#2129)/@0x6263018 applyImmediately: false
04-07 06:49:11.199  1630  1630 D BaseDepthController: shouldBlurWorkspace: true targetState: AllApps currentStableState: Normal mCurrentBlur: 77 mLauncher.getDepthBlurTargets(): [com.android.launcher3.Workspace{1f479f2 V.ED..... ........ 0,0-1080,2400 #7f0a049d app:id/workspace}, com.android.launcher3.Hotseat{56bd843 V.ED..... ........ 0,1905-1080,2400 #7f0a01ee app:id/hotseat}]
04-07 06:49:11.215  1630  1630 V BaseDepthController: Applying blur: 79 to Surface(name=com.google.android.apps.nexuslauncher/com.google.android.apps.nexuslauncher.NexusLauncherActivity#2129)/@0x6263018 applyImmediately: false
04-07 06:49:11.215  1630  1630 D BaseDepthController: setEarlyWakeup: false
04-07 06:49:11.216  1630  1630 D BaseDepthController: shouldBlurWorkspace: true targetState: AllApps currentStableState: Normal mCurrentBlur: 79 mLauncher.getDepthBlurTargets(): [com.android.launcher3.Workspace{1f479f2 V.ED..... ........ 0,0-1080,2400 #7f0a049d app:id/workspace}, com.android.launcher3.Hotseat{56bd843 V.ED..... ........ 0,1905-1080,2400 #7f0a01ee app:id/hotseat}]
04-07 06:49:11.231  1630  1630 V BaseDepthController: Applying blur: 79 to Surface(name=com.google.android.apps.nexuslauncher/com.google.android.apps.nexuslauncher.NexusLauncherActivity#2129)/@0x6263018 applyImmediately: false
04-07 06:49:11.232  1630  1630 D BaseDepthController: shouldBlurWorkspace: true targetState: AllApps currentStableState: Normal mCurrentBlur: 79 mLauncher.getDepthBlurTargets(): [com.android.launcher3.Workspace{1f479f2 V.ED..... ........ 0,0-1080,2400 #7f0a049d app:id/workspace}, com.android.launcher3.Hotseat{56bd843 V.ED..... ........ 0,1905-1080,2400 #7f0a01ee app:id/hotseat}]
04-07 06:49:11.249  1630  1630 V BaseDepthController: Applying blur: 79 to Surface(name=com.google.android.apps.nexuslauncher/com.google.android.apps.nexuslauncher.NexusLauncherActivity#2129)/@0x6263018 applyImmediately: false
04-07 06:49:11.249  1630  1630 D BaseDepthController: shouldBlurWorkspace: true targetState: AllApps currentStableState: Normal mCurrentBlur: 79 mLauncher.getDepthBlurTargets(): [com.android.launcher3.Workspace{1f479f2 V.ED..... ........ 0,0-1080,2400 #7f0a049d app:id/workspace}, com.android.launcher3.Hotseat{56bd843 V.ED..... ........ 0,1905-1080,2400 #7f0a01ee app:id/hotseat}]
04-07 06:49:11.264  1630  1630 V BaseDepthController: Applying blur: 79 to Surface(name=com.google.android.apps.nexuslauncher/com.google.android.apps.nexuslauncher.NexusLauncherActivity#2129)/@0x6263018 applyImmediately: false
04-07 06:49:11.265  1630  1630 D BaseDepthController: shouldBlurWorkspace: true targetState: AllApps currentStableState: Normal mCurrentBlur: 79 mLauncher.getDepthBlurTargets(): [com.android.launcher3.Workspace{1f479f2 V.ED..... ........ 0,0-1080,2400 #7f0a049d app:id/workspace}, com.android.launcher3.Hotseat{56bd843 V.ED..... ........ 0,1905-1080,2400 #7f0a01ee app:id/hotseat}]
04-07 06:49:11.281  1630  1630 V BaseDepthController: Applying blur: 79 to Surface(name=com.google.android.apps.nexuslauncher/com.google.android.apps.nexuslauncher.NexusLauncherActivity#2129)/@0x6263018 applyImmediately: false
04-07 06:49:11.281  1630  1630 D BaseDepthController: shouldBlurWorkspace: true targetState: AllApps currentStableState: Normal mCurrentBlur: 79 mLauncher.getDepthBlurTargets(): [com.android.launcher3.Workspace{1f479f2 V.ED..... ........ 0,0-1080,2400 #7f0a049d app:id/workspace}, com.android.launcher3.Hotseat{56bd843 V.ED..... ........ 0,1905-1080,2400 #7f0a01ee app:id/hotseat}]
04-07 06:49:11.331  1630  1630 V BaseDepthController: Applying blur: 79 to Surface(name=com.google.android.apps.nexuslauncher/com.google.android.apps.nexuslauncher.NexusLauncherActivity#2129)/@0x6263018 applyImmediately: false
04-07 06:49:11.332  1630  1630 D BaseDepthController: shouldBlurWorkspace: true targetState: AllApps currentStableState: Normal mCurrentBlur: 79 mLauncher.getDepthBlurTargets(): [com.android.launcher3.Workspace{1f479f2 V.ED..... ........ 0,0-1080,2400 #7f0a049d app:id/workspace}, com.android.launcher3.Hotseat{56bd843 V.ED..... ........ 0,1905-1080,2400 #7f0a01ee app:id/hotseat}]
04-07 06:49:11.375   806  1240 I HalDevMgr: bestIfaceCreationProposal is null, requestIface=STA, existingIface=[name=wlan0 type=STA]
04-07 06:49:11.427  6630  6630 D BoundBrokerSvc: onUnbind: Intent { act=com.google.android.gms.libs.gmscorelogger.service.START dat=chimera-action:/... xflg=0x4 cmp=com.google.android.gms/.chimera.PersistentDirectBootAwareApiService }
04-07 06:49:11.461  6630  6630 D BoundBrokerSvc: onUnbind: Intent { act=com.google.android.gms.clearcut.sampler.service.START dat=chimera-action:/... xflg=0x4 cmp=com.google.android.gms/.chimera.PersistentDirectBootAwareApiService }
04-07 06:49:11.516  1630  1630 V BaseDepthController: Applying blur: 79 to Surface(name=com.google.android.apps.nexuslauncher/com.google.android.apps.nexuslauncher.NexusLauncherActivity#2129)/@0x6263018 applyImmediately: false
04-07 06:49:11.516  1630  1630 D BaseDepthController: shouldBlurWorkspace: true targetState: AllApps currentStableState: Normal mCurrentBlur: 79 mLauncher.getDepthBlurTargets(): [com.android.launcher3.Workspace{1f479f2 V.ED..... ........ 0,0-1080,2400 #7f0a049d app:id/workspace}, com.android.launcher3.Hotseat{56bd843 V.ED..... ........ 0,1905-1080,2400 #7f0a01ee app:id/hotseat}]
04-07 06:49:11.516  1630  1630 D BaseActivity: Launcher flags updated: [state_started|state_resumed|state_deferred_resumed|state_window_focused|state_user_active] -[state_transition_active]
04-07 06:49:11.516  1630  1630 D LauncherStateManager: StateManager.onStateTransitionEnd: state: AllApps
04-07 06:49:11.516  1630  1630 D RecentsView: reset - mEnableDrawingLiveTile: false, mRecentsAnimationController: null
04-07 06:49:11.516  1630  1630 D RecentsView: cleanupRemoteTargets - mRemoteTargetHandles: null
04-07 06:49:11.517  1630  1630 D StatsLog: LAUNCHER_ALLAPPS_OPEN_UP
--
04-07 06:49:13.742   806  1291 D BackgroundInstallControlService: Package event received: 0
04-07 06:49:13.752  1630  1630 V BaseDepthController: Applying blur: 79 to Surface(name=com.google.android.apps.nexuslauncher/com.google.android.apps.nexuslauncher.NexusLauncherActivity#2129)/@0x6263018 applyImmediately: false
04-07 06:49:13.752  1630  1630 D BaseDepthController: shouldBlurWorkspace: false targetState: SpringLoaded currentStableState: AllApps mCurrentBlur: 79 mLauncher.getDepthBlurTargets(): [com.android.launcher3.Workspace{1f479f2 V.ED..... ......ID 0,0-1080,2400 #7f0a049d app:id/workspace}, com.android.launcher3.Hotseat{56bd843 V.ED..... ........ 0,1905-1080,2400 #7f0a01ee app:id/hotseat}]
04-07 06:49:13.765  1630  1630 V BaseDepthController: Applying blur: 79 to Surface(name=com.google.android.apps.nexuslauncher/com.google.android.apps.nexuslauncher.NexusLauncherActivity#2129)/@0x6263018 applyImmediately: false
04-07 06:49:13.765  1630  1630 D BaseDepthController: shouldBlurWorkspace: false targetState: SpringLoaded currentStableState: AllApps mCurrentBlur: 79 mLauncher.getDepthBlurTargets(): [com.android.launcher3.Workspace{1f479f2 V.ED..... .......D 0,0-1080,2400 #7f0a049d app:id/workspace}, com.android.launcher3.Hotseat{56bd843 V.ED..... ........ 0,1905-1080,2400 #7f0a01ee app:id/hotseat}]
04-07 06:49:13.783  1630  1630 V BaseDepthController: Applying blur: 76 to Surface(name=com.google.android.apps.nexuslauncher/com.google.android.apps.nexuslauncher.NexusLauncherActivity#2129)/@0x6263018 applyImmediately: false
04-07 06:49:13.783  1630  1630 D BaseDepthController: setEarlyWakeup: true
04-07 06:49:13.784  1630  1630 D BaseDepthController: shouldBlurWorkspace: false targetState: SpringLoaded currentStableState: AllApps mCurrentBlur: 76 mLauncher.getDepthBlurTargets(): [com.android.launcher3.Workspace{1f479f2 V.ED..... .......D 0,0-1080,2400 #7f0a049d app:id/workspace}, com.android.launcher3.Hotseat{56bd843 V.ED..... ........ 0,1905-1080,2400 #7f0a01ee app:id/hotseat}]
04-07 06:49:13.800  1630  1630 V BaseDepthController: Applying blur: 70 to Surface(name=com.google.android.apps.nexuslauncher/com.google.android.apps.nexuslauncher.NexusLauncherActivity#2129)/@0x6263018 applyImmediately: false
04-07 06:49:13.800  1630  1630 D BaseDepthController: shouldBlurWorkspace: false targetState: SpringLoaded currentStableState: AllApps mCurrentBlur: 70 mLauncher.getDepthBlurTargets(): [com.android.launcher3.Workspace{1f479f2 V.ED..... .......D 0,0-1080,2400 #7f0a049d app:id/workspace}, com.android.launcher3.Hotseat{56bd843 V.ED..... ........ 0,1905-1080,2400 #7f0a01ee app:id/hotseat}]
04-07 06:49:13.817  1630  1630 V BaseDepthController: Applying blur: 65 to Surface(name=com.google.android.apps.nexuslauncher/com.google.android.apps.nexuslauncher.NexusLauncherActivity#2129)/@0x6263018 applyImmediately: false
04-07 06:49:13.817  1630  1630 D BaseDepthController: shouldBlurWorkspace: false targetState: SpringLoaded currentStableState: AllApps mCurrentBlur: 65 mLauncher.getDepthBlurTargets(): [com.android.launcher3.Workspace{1f479f2 V.ED..... .......D 0,0-1080,2400 #7f0a049d app:id/workspace}, com.android.launcher3.Hotseat{56bd843 V.ED..... ......ID 0,1905-1080,2400 #7f0a01ee app:id/hotseat}]
04-07 06:49:13.833  1630  1630 V BaseDepthController: Applying blur: 59 to Surface(name=com.google.android.apps.nexuslauncher/com.google.android.apps.nexuslauncher.NexusLauncherActivity#2129)/@0x6263018 applyImmediately: false
04-07 06:49:13.833  1630  1630 D BaseDepthController: shouldBlurWorkspace: false targetState: SpringLoaded currentStableState: AllApps mCurrentBlur: 59 mLauncher.getDepthBlurTargets(): [com.android.launcher3.Workspace{1f479f2 V.ED..... .......D 0,0-1080,2400 #7f0a049d app:id/workspace}, com.android.launcher3.Hotseat{56bd843 V.ED..... ........ 0,1905-1080,2400 #7f0a01ee app:id/hotseat}]
04-07 06:49:13.850  1630  1630 V BaseDepthController: Applying blur: 54 to Surface(name=com.google.android.apps.nexuslauncher/com.google.android.apps.nexuslauncher.NexusLauncherActivity#2129)/@0x6263018 applyImmediately: false
04-07 06:49:13.850  1630  1630 D BaseDepthController: shouldBlurWorkspace: false targetState: SpringLoaded currentStableState: AllApps mCurrentBlur: 54 mLauncher.getDepthBlurTargets(): [com.android.launcher3.Workspace{1f479f2 V.ED..... .......D 0,0-1080,2400 #7f0a049d app:id/workspace}, com.android.launcher3.Hotseat{56bd843 V.ED..... ........ 0,1905-1080,2400 #7f0a01ee app:id/hotseat}]
04-07 06:49:13.866  1630  1630 V BaseDepthController: Applying blur: 49 to Surface(name=com.google.android.apps.nexuslauncher/com.google.android.apps.nexuslauncher.NexusLauncherActivity#2129)/@0x6263018 applyImmediately: false
04-07 06:49:13.866  1630  1630 D BaseDepthController: shouldBlurWorkspace: false targetState: SpringLoaded currentStableState: AllApps mCurrentBlur: 49 mLauncher.getDepthBlurTargets(): [com.android.launcher3.Workspace{1f479f2 V.ED..... .......D 0,0-1080,2400 #7f0a049d app:id/workspace}, com.android.launcher3.Hotseat{56bd843 V.ED..... ........ 0,1905-1080,2400 #7f0a01ee app:id/hotseat}]
04-07 06:49:13.881  1630  1630 V BaseDepthController: Applying blur: 44 to Surface(name=com.google.android.apps.nexuslauncher/com.google.android.apps.nexuslauncher.NexusLauncherActivity#2129)/@0x6263018 applyImmediately: false
04-07 06:49:13.882  1630  1630 D BaseDepthController: shouldBlurWorkspace: false targetState: SpringLoaded currentStableState: AllApps mCurrentBlur: 44 mLauncher.getDepthBlurTargets(): [com.android.launcher3.Workspace{1f479f2 V.ED..... .......D 0,0-1080,2400 #7f0a049d app:id/workspace}, com.android.launcher3.Hotseat{56bd843 V.ED..... ........ 0,1905-1080,2400 #7f0a01ee app:id/hotseat}]
04-07 06:49:13.900  1630  1630 V BaseDepthController: Applying blur: 39 to Surface(name=com.google.android.apps.nexuslauncher/com.google.android.apps.nexuslauncher.NexusLauncherActivity#2129)/@0x6263018 applyImmediately: false
04-07 06:49:13.900  1630  1630 D BaseDepthController: shouldBlurWorkspace: false targetState: SpringLoaded currentStableState: AllApps mCurrentBlur: 39 mLauncher.getDepthBlurTargets(): [com.android.launcher3.Workspace{1f479f2 V.ED..... .......D 0,0-1080,2400 #7f0a049d app:id/workspace}, com.android.launcher3.Hotseat{56bd843 V.ED..... ........ 0,1905-1080,2400 #7f0a01ee app:id/hotseat}]
04-07 06:49:13.900  1630  1630 D BaseActivity: Launcher flags updated: [state_started|state_resumed|state_deferred_resumed|state_window_focused|state_user_active] -[state_transition_active]
04-07 06:49:13.900  1630  1630 D StatsLog: LAUNCHER_ALLAPPS_EXIT
04-07 06:49:13.900  1630  1630 D LauncherStateManager: StateManager.onStateTransitionEnd: state: SpringLoaded
04-07 06:49:13.901  1630  1630 D RecentsView: reset - mEnableDrawingLiveTile: false, mRecentsAnimationController: null
04-07 06:49:13.901  1630  1630 D RecentsView: cleanupRemoteTargets - mRemoteTargetHandles: null
--
04-07 06:49:15.401   806  1423 I ActivityTaskManager: START u0 {act=android.intent.action.DELETE dat=package: flg=0x10800000 xflg=0x4 cmp=com.google.android.packageinstaller/com.android.packageinstaller.UninstallerActivity (has extras)} with LAUNCH_MULTIPLE from uid 10191 (com.google.android.apps.nexuslauncher) (sr=155252068) (BAL_ALLOW_VISIBLE_WINDOW) result code=0
04-07 06:49:15.401  1630  1630 D SecondaryDropTarget: start uninstall activity from drop target org.polymorphicshade.tubular.debug
04-07 06:49:15.401  1340  1399 V WindowManagerShell: Transition requested (#194): android.os.BinderProxy@3bdc85b TransitionRequestInfo { type = OPEN, triggerTask = TaskInfo{userId=0 taskId=53 effectiveUid=10113 displayId=0 isRunning=true baseIntent=Intent { act=android.intent.action.DELETE dat=package: flg=0x10800000 cmp=com.google.android.packageinstaller/com.android.packageinstaller.UninstallerActivity } baseActivity=ComponentInfo{com.google.android.packageinstaller/com.android.packageinstaller.UninstallerActivity} topActivity=ComponentInfo{com.google.android.packageinstaller/com.android.packageinstaller.UninstallerActivity} origActivity=null realActivity=ComponentInfo{com.google.android.packageinstaller/com.android.packageinstaller.UninstallerActivity} numActivities=1 lastActiveTime=18206944 supportsMultiWindow=true resizeMode=1 isResizeable=true minWidth=-1 minHeight=-1 defaultMinSize=220 token=WCT{android.os.BinderProxy@c3c38f8} topActivityType=1 pictureInPictureParams=null shouldDockBigOverlays=false launchIntoPipHostTaskId=-1 lastParentTaskIdBeforePip=-1 displayCutoutSafeInsets=Rect(0, 0 - 0, 0) topActivityInfo=ActivityInfo{6d001d1 com.android.packageinstaller.UninstallerActivity} launchCookies=[] positionInParent=Point(0, 0) parentTaskId=-1 isFocused=false isVisible=false isVisibleRequested=false isTopActivityNoDisplay=false isSleeping=false locusId=null displayAreaFeatureId=1 isTopActivityTransparent=true isActivityStackTransparent=true lastNonFullscreenBounds=null capturedLink=null capturedLinkTimestamp=0 requestedVisibleTypes=503 topActivityRequestOpenInBrowserEducationTimestamp=0 appCompatTaskInfo=AppCompatTaskInfo { topActivityInSizeCompat=false isLeafTask= true eligibleForLetterboxEducation= false isLetterboxEducationEnabled= true isLetterboxDoubleTapEnabled= false eligibleForUserAspectRatioButton= false topActivityBoundsLetterboxed= false isFromLetterboxDoubleTap= false topActivityLetterboxVerticalPosition= -1 topActivityLetterboxHorizontalPosition= -1 topActivityLetterboxWidth=-1 topActivityLetterboxHeight=-1 topActivityAppBounds=Rect(0, 0 - 1080, 2400) isUserFullscreenOverrideEnabled=false isSystemFullscreenOverrideEnabled=false hasMinAspectRatioOverride=false topActivityLetterboxBounds=null cameraCompatTaskInfo=CameraCompatTaskInfo { cameraCompatMode=undefinedundefined} topNonResizableActivityAspectRatio=-1.0} topActivityMainWindowFrame=null isAppBubble=false}, pipChange = null, remoteTransition = null, displayChange = null, requestedLocation = null, userChange = null, windowingLayerChange = null, flags = 0, debugId = 194 }
04-07 06:49:15.402  1340  1399 D ShellSplitScreen: logExit: no-op, mLoggerSessionId is null
04-07 06:49:15.402  1340  1399 V ShellDesktopMode: DesktopTasksController: handleRequest request=TransitionRequestInfo { type = OPEN, triggerTask = TaskInfo{userId=0 taskId=53 effectiveUid=10113 displayId=0 isRunning=true baseIntent=Intent { act=android.intent.action.DELETE dat=package: flg=0x10800000 cmp=com.google.android.packageinstaller/com.android.packageinstaller.UninstallerActivity } baseActivity=ComponentInfo{com.google.android.packageinstaller/com.android.packageinstaller.UninstallerActivity} topActivity=ComponentInfo{com.google.android.packageinstaller/com.android.packageinstaller.UninstallerActivity} origActivity=null realActivity=ComponentInfo{com.google.android.packageinstaller/com.android.packageinstaller.UninstallerActivity} numActivities=1 lastActiveTime=18206944 supportsMultiWindow=true resizeMode=1 isResizeable=true minWidth=-1 minHeight=-1 defaultMinSize=220 token=WCT{android.os.BinderProxy@c3c38f8} topActivityType=1 pictureInPictureParams=null shouldDockBigOverlays=false launchIntoPipHostTaskId=-1 lastParentTaskIdBeforePip=-1 displayCutoutSafeInsets=Rect(0, 0 - 0, 0) topActivityInfo=ActivityInfo{6d001d1 com.android.packageinstaller.UninstallerActivity} launchCookies=[] positionInParent=Point(0, 0) parentTaskId=-1 isFocused=false isVisible=false isVisibleRequested=false isTopActivityNoDisplay=false isSleeping=false locusId=null displayAreaFeatureId=1 isTopActivityTransparent=true isActivityStackTransparent=true lastNonFullscreenBounds=null capturedLink=null capturedLinkTimestamp=0 requestedVisibleTypes=503 topActivityRequestOpenInBrowserEducationTimestamp=0 appCompatTaskInfo=AppCompatTaskInfo { topActivityInSizeCompat=false isLeafTask= true eligibleForLetterboxEducation= false isLetterboxEducationEnabled= true isLetterboxDoubleTapEnabled= false eligibleForUserAspectRatioButton= false topActivityBoundsLetterboxed= false isFromLetterboxDoubleTap= false topActivityLetterboxVerticalPosition= -1 topActivityLetterboxHorizontalPosition= -1 topActivityLetterboxWidth=-1 topActivityLetterboxHeight=-1 topActivityAppBounds=Rect(0, 0 - 1080, 2400) isUserFullscreenOverrideEnabled=false isSystemFullscreenOverrideEnabled=false hasMinAspectRatioOverride=false topActivityLetterboxBounds=null cameraCompatTaskInfo=CameraCompatTaskInfo { cameraCompatMode=undefinedundefined} topNonResizableActivityAspectRatio=-1.0} topActivityMainWindowFrame=null isAppBubble=false}, pipChange = null, remoteTransition = null, displayChange = null, requestedLocation = null, userChange = null, windowingLayerChange = null, flags = 0, debugId = 194 }
04-07 06:49:15.402  1340  1399 V ShellDesktopMode: DesktopTasksController: skipping handleRequest reason=triggerTask's display doesn't support desktop mode
04-07 06:49:15.402  1630  1630 D LauncherStateManager: StateManager.goToState: fromState: SpringLoaded, toState: Normal, partial trace:
04-07 06:49:15.402  1630  1630 D LauncherStateManager: 	at com.android.launcher3.ButtonDropTarget$$ExternalSyntheticLambda0.run(go/retraceme f3a19d912c87c27267cfbc05ba0bc7b202ab72a6648bd76225f5f7e128d94583:21)
04-07 06:49:15.402  1630  1630 D LauncherStateManager: 	at com.android.launcher3.anim.AnimatorListeners$1.onAnimationEnd(go/retraceme f3a19d912c87c27267cfbc05ba0bc7b202ab72a6648bd76225f5f7e128d94583:3)
04-07 06:49:15.402  1630  1630 D LauncherStateManager: 	at android.animation.Animator$AnimatorListener.onAnimationEnd(Animator.java:784)
--
04-07 06:49:15.427   806  1291 D BackgroundInstallControlService: Package event received: 0
04-07 06:49:15.431  1630  1630 V BaseDepthController: Applying blur: 34 to Surface(name=com.google.android.apps.nexuslauncher/com.google.android.apps.nexuslauncher.NexusLauncherActivity#2129)/@0x6263018 applyImmediately: false
04-07 06:49:15.431  1630  1630 D BaseDepthController: shouldBlurWorkspace: false targetState: Normal currentStableState: SpringLoaded mCurrentBlur: 34 mLauncher.getDepthBlurTargets(): [com.android.launcher3.Workspace{1f479f2 V.ED..... .......D 0,0-1080,2400 #7f0a049d app:id/workspace}, com.android.launcher3.Hotseat{56bd843 V.ED..... ........ 0,1905-1080,2400 #7f0a01ee app:id/hotseat}]
04-07 06:49:15.443  1630  1630 D BaseActivity: Launcher flags updated: [state_started|state_transition_active] -[state_window_focused]
04-07 06:49:15.447 13983 14718 I GFXSTREAM: [eglDisplay.cpp(297)] Opening libGLESv1_CM_emulation.so
04-07 06:49:15.449  1630  1630 V BaseDepthController: Applying blur: 29 to Surface(name=com.google.android.apps.nexuslauncher/com.google.android.apps.nexuslauncher.NexusLauncherActivity#2129)/@0x6263018 applyImmediately: false
04-07 06:49:15.449  1630  1630 D BaseDepthController: shouldBlurWorkspace: false targetState: Normal currentStableState: SpringLoaded mCurrentBlur: 29 mLauncher.getDepthBlurTargets(): [com.android.launcher3.Workspace{1f479f2 V.ED..... .......D 0,0-1080,2400 #7f0a049d app:id/workspace}, com.android.launcher3.Hotseat{56bd843 V.ED..... .......D 0,1905-1080,2400 #7f0a01ee app:id/hotseat}]
04-07 06:49:15.458 13983 14718 I GFXSTREAM: [eglDisplay.cpp(297)] Opening libGLESv2_emulation.so
04-07 06:49:15.474   806   942 D ActivityManager: freezing 29028 com.google.android.googlequicksearchbox:search
04-07 06:49:15.477 13983 13983 D PackageInstaller: Using Pia V2 due to: aconfig flag USE_PIA_V2
04-07 06:49:15.479   806  2287 V WindowManager: DesktopModeLaunchParamsModifier: phase= 0 task=null activity=null display-area-from-source=DefaultTaskDisplayArea@230524663 display-id=0 task-display-area-windowing-mode=1 suggested-display-area=DefaultTaskDisplayArea@230524663 task null, skipping
04-07 06:49:15.479   806  2287 V WindowManager: TaskLaunchParamsModifier:phase=0 task=null activity=null display-area-from-source=DefaultTaskDisplayArea@230524663 display-id=0 task-display-area-windowing-mode=1 suggested-display-area=DefaultTaskDisplayArea@230524663
--
04-07 06:49:15.480   806  2287 V WindowManager: DesktopModeLaunchParamsModifier: phase= 0 task=null activity=ActivityRecord{127445035 u0 com.google.android.packageinstaller/com.android.packageinstaller.v2.ui.UninstallLaunch display-area-from-source=DefaultTaskDisplayArea@230524663 display-id=0 task-display-area-windowing-mode=1 suggested-display-area=DefaultTaskDisplayArea@230524663 task null, skipping
04-07 06:49:15.480   806  2287 V WindowManager: TaskLaunchParamsModifier:phase=0 task=null activity=ActivityRecord{127445035 u0 com.google.android.packageinstaller/com.android.packageinstaller.v2.ui.UninstallLaunch t-1} display-area-from-source=DefaultTaskDisplayArea@230524663 display-id=0 task-display-area-windowing-mode=1 suggested-display-area=DefaultTaskDisplayArea@230524663
04-07 06:49:15.480  1630  1630 D BaseDepthController: shouldBlurWorkspace: false targetState: Normal currentStableState: SpringLoaded mCurrentBlur: 25 mLauncher.getDepthBlurTargets(): [com.android.launcher3.Workspace{1f479f2 V.ED..... .......D 0,0-1080,2400 #7f0a049d app:id/workspace}, com.android.launcher3.Hotseat{56bd843 V.ED..... ........ 0,1905-1080,2400 #7f0a01ee app:id/hotseat}]
04-07 06:49:15.481   806  2287 V WindowManager: DesktopModeLaunchParamsModifier: phase= 3 task=Task{75bcae9 #53 type=standard A=10113:com.google.android.packageinstaller} activity=ActivityRecord{127445035 u0 com.google.android.packageinstaller/com.android.packageinstaller.v2.ui.UninstallLaunch t-1} display-area-from-source=DefaultTaskDisplayArea@230524663 display-id=0 task-display-area-windowing-mode=1 suggested-display-area=DefaultTaskDisplayArea@230524663 not entering desktop mode, skipping
04-07 06:49:15.481   806  2287 V WindowManager: TaskLaunchParamsModifier:phase=3 task=Task{75bcae9 #53 type=standard A=10113:com.google.android.packageinstaller} activity=ActivityRecord{127445035 u0 com.google.android.packageinstaller/com.android.packageinstaller.v2.ui.UninstallLaunch t-1} display-area-from-source=DefaultTaskDisplayArea@230524663 display-id=0 task-display-area-windowing-mode=1 suggested-display-area=DefaultTaskDisplayArea@230524663 inherit-from-source=fullscreen non-freeform-task-display-area display-area=DefaultTaskDisplayArea@230524663 skip-bounds-fullscreen
